TAP version 13
# Subtest: content module runs without database, login, provider or third-party dependencies
ok 1 - content module runs without database, login, provider or third-party dependencies
  ---
  duration_ms: 49.5906
  type: 'test'
  ...
# Subtest: key ordering does not change content identity; wording and array order do
ok 2 - key ordering does not change content identity; wording and array order do
  ---
  duration_ms: 0.9435
  type: 'test'
  ...
# Subtest: JSON roundtrip preserves the hash, including Unicode and numeric-looking keys
ok 3 - JSON roundtrip preserves the hash, including Unicode and numeric-looking keys
  ---
  duration_ms: 0.1928
  type: 'test'
  ...
# Subtest: ambiguous values, accessors and hidden data are rejected without running getters
ok 4 - ambiguous values, accessors and hidden data are rejected without running getters
  ---
  duration_ms: 0.4501
  type: 'test'
  ...
# Subtest: cycles, sparse arrays, invalid Unicode, excessive depth and byte size are rejected
ok 5 - cycles, sparse arrays, invalid Unicode, excessive depth and byte size are rejected
  ---
  duration_ms: 0.9244
  type: 'test'
  ...
# Subtest: special object keys stay data and cannot change prototypes
ok 6 - special object keys stay data and cannot change prototypes
  ---
  duration_ms: 0.1305
  type: 'test'
  ...
# Subtest: rules are deeply detached and frozen; new wording requires new content
ok 7 - rules are deeply detached and frozen; new wording requires new content
  ---
  duration_ms: 1.3272
  type: 'test'
  ...
# Subtest: empty or missing commitments never acquire invented business defaults
ok 8 - empty or missing commitments never acquire invented business defaults
  ---
  duration_ms: 1.8436
  type: 'test'
  ...
# Subtest: draft, review, merely approved, retired and future rules cannot enter new snapshots
ok 9 - draft, review, merely approved, retired and future rules cannot enter new snapshots
  ---
  duration_ms: 1.5744
  type: 'test'
  ...
# Subtest: timestamps must be explicit UTC instants and real calendar dates
ok 10 - timestamps must be explicit UTC instants and real calendar dates
  ---
  duration_ms: 0.6086
  type: 'test'
  ...
# Subtest: later rule changes and retirement do not rewrite historical commitments
ok 11 - later rule changes and retirement do not rewrite historical commitments
  ---
  duration_ms: 0.5834
  type: 'test'
  ...
# Subtest: duplicate parties or conflicting versions of the same rule are rejected
ok 12 - duplicate parties or conflicting versions of the same rule are rejected
  ---
  duration_ms: 0.9987
  type: 'test'
  ...
# Subtest: tampered promises, participants or nested rule content are detected after storage roundtrip
ok 13 - tampered promises, participants or nested rule content are detected after storage roundtrip
  ---
  duration_ms: 0.6806
  type: 'test'
  ...
# Subtest: sealing never grants signed, paid or effective-license status
ok 14 - sealing never grants signed, paid or effective-license status
  ---
  duration_ms: 0.5205
  type: 'test'
  ...
# Subtest: unknown formats are rejected, instead of being silently reinterpreted
ok 15 - unknown formats are rejected, instead of being silently reinterpreted
  ---
  duration_ms: 0.5643
  type: 'test'
  ...
1..15
# tests 15
# suites 0
# pass 15
# fail 0
# cancelled 0
# skipped 0
# todo 0
# duration_ms 125.8734
