TAP version 13
# Subtest: party rules load with built-ins only, without database or provider modules
ok 1 - party rules load with built-ins only, without database or provider modules
  ---
  duration_ms: 45.1763
  type: 'test'
  ...
# Subtest: pending organization owner can manage membership but gains no commercial authority
ok 2 - pending organization owner can manage membership but gains no commercial authority
  ---
  duration_ms: 0.6307
  type: 'test'
  ...
# Subtest: inactive membership, missing membership and suspended/closed parties expose no actions
ok 3 - inactive membership, missing membership and suspended/closed parties expose no actions
  ---
  duration_ms: 0.1795
  type: 'test'
  ...
# Subtest: owner-only actions reject ordinary members, personal parties and missing memberships
ok 4 - owner-only actions reject ordinary members, personal parties and missing memberships
  ---
  duration_ms: 0.4966
  type: 'test'
  ...
# Subtest: invitation transition checks version, pending status and numeric expiry in order
ok 5 - invitation transition checks version, pending status and numeric expiry in order
  ---
  duration_ms: 0.3238
  type: 'test'
  ...
# Subtest: input validation refuses injected authority, invalid references and oversized unicode names
ok 6 - input validation refuses injected authority, invalid references and oversized unicode names
  ---
  duration_ms: 0.4196
  type: 'test'
  ...
1..6
# tests 6
# suites 0
# pass 6
# fail 0
# cancelled 0
# skipped 0
# todo 0
# duration_ms 106.7099
