TAP version 13
# {"time":"2026-09-23T04:10:20.693Z","level":"info","event":"migration_applied"}
# {"time":"2026-09-23T04:10:20.699Z","level":"info","event":"migration_applied"}
# {"time":"2026-09-23T04:10:20.703Z","level":"info","event":"migration_applied"}
# {"time":"2026-09-23T04:10:20.705Z","level":"info","event":"migration_applied"}
# {"time":"2026-09-23T04:10:20.716Z","level":"info","event":"migration_applied"}
# {"time":"2026-09-23T04:10:20.720Z","level":"info","event":"migration_applied"}
# {"time":"2026-09-23T04:10:20.720Z","level":"info","event":"db_migrations_applied"}
# {"time":"2026-09-23T04:10:20.792Z","level":"info","event":"ai_deliverable_version"}
# {"time":"2026-09-23T04:10:20.794Z","level":"info","event":"ai_deliverable_version"}
# {"time":"2026-09-23T04:10:20.796Z","level":"info","event":"ai_deliverable_version"}
# {"time":"2026-09-23T04:10:20.797Z","level":"info","event":"ai_regenerate"}
# {"time":"2026-09-23T04:10:20.797Z","level":"info","event":"ai_deliverable_version"}
# {"time":"2026-09-23T04:10:20.934Z","level":"info","event":"ai_deliverable_version"}
# {"time":"2026-09-23T04:10:20.935Z","level":"info","event":"ai_deliverable_review"}
# {"time":"2026-09-23T04:10:20.935Z","level":"info","event":"ai_deliverable_version"}
# Subtest: webhook 验签：错误签名拒绝、缺密钥拒绝
ok 1 - webhook 验签：错误签名拒绝、缺密钥拒绝
  ---
  duration_ms: 3.1199
  type: 'test'
  ...
# Subtest: 合法 webhook 成功推进并幂等：重复回调不重复出版本
ok 2 - 合法 webhook 成功推进并幂等：重复回调不重复出版本
  ---
  duration_ms: 2.3879
  type: 'test'
  ...
# Subtest: 轮询与回调 CAS 互斥：先 finalize 者推进，另一方不重复
ok 3 - 轮询与回调 CAS 互斥：先 finalize 者推进，另一方不重复
  ---
  duration_ms: 1.4713
  type: 'test'
  ...
# Subtest: 重做生成新版本行：parent 关联、版本号递增、不覆盖旧文件
ok 4 - 重做生成新版本行：parent 关联、版本号递增、不覆盖旧文件
  ---
  duration_ms: 2.519
  type: 'test'
  ...
# Subtest: 审核开关开启：干净内容 pending_review→人工 approve；命中敏感词直接 rejected
ok 5 - 审核开关开启：干净内容 pending_review→人工 approve；命中敏感词直接 rejected
  ---
  duration_ms: 138.3711
  type: 'test'
  ...
# Subtest: CI rejects failure, empty output, missing totals and nonzero process exits
ok 6 - CI rejects failure, empty output, missing totals and nonzero process exits
  ---
  duration_ms: 2.3745
  type: 'test'
  ...
# Subtest: CI only permits the named missing legacy snapshot skip, never skipped MySQL suites
ok 7 - CI only permits the named missing legacy snapshot skip, never skipped MySQL suites
  ---
  duration_ms: 0.5998
  type: 'test'
  ...
# {"time":"2026-09-23T04:10:20.692Z","level":"info","event":"migration_applied"}
# {"time":"2026-09-23T04:10:20.698Z","level":"info","event":"migration_applied"}
# {"time":"2026-09-23T04:10:20.704Z","level":"info","event":"migration_applied"}
# {"time":"2026-09-23T04:10:20.706Z","level":"info","event":"migration_applied"}
# {"time":"2026-09-23T04:10:20.718Z","level":"info","event":"migration_applied"}
# {"time":"2026-09-23T04:10:20.721Z","level":"info","event":"migration_applied"}
# {"time":"2026-09-23T04:10:20.722Z","level":"info","event":"db_migrations_applied"}
# {"time":"2026-09-23T04:10:20.743Z","level":"info","event":"refund_success"}
# {"time":"2026-09-23T04:10:20.745Z","level":"info","event":"refund_success"}
# {"time":"2026-09-23T04:10:20.748Z","level":"info","event":"refund_success"}
# {"time":"2026-09-23T04:10:20.750Z","level":"info","event":"refund_success"}
# {"time":"2026-09-23T04:10:20.754Z","level":"info","event":"reconciliation_done"}
# Subtest: 成功（无退款）：四账守恒、reconcile 无该单差异
ok 8 - 成功（无退款）：四账守恒、reconcile 无该单差异
  ---
  duration_ms: 3.7434
  type: 'test'
  ...
# Subtest: 全额退款：kind=full、支付单 refunded、账仍平
ok 9 - 全额退款：kind=full、支付单 refunded、账仍平
  ---
  duration_ms: 2.5986
  type: 'test'
  ...
# Subtest: 部分退两次到全退：partial→refunded，超额被拒，账平
ok 10 - 部分退两次到全退：partial→refunded，超额被拒，账平
  ---
  duration_ms: 4.6222
  type: 'test'
  ...
# Subtest: 重复回调/重复请求幂等：同 idemKey 不重复出款
ok 11 - 重复回调/重复请求幂等：同 idemKey 不重复出款
  ---
  duration_ms: 1.5281
  type: 'test'
  ...
# Subtest: 默认旧退款服务不可用：不建退款单、不改支付记录、绝不假退
ok 12 - 默认旧退款服务不可用：不建退款单、不改支付记录、绝不假退
  ---
  duration_ms: 1.3678
  type: 'test'
  ...
# Subtest: runAndReport 落表：balanced 状态与汇总写入 reconciliation_runs
ok 13 - runAndReport 落表：balanced 状态与汇总写入 reconciliation_runs
  ---
  duration_ms: 2.1188
  type: 'test'
  ...
# Subtest: 对账能抓出坏账：费用结构错配 + 已支付状态却无支付流水
ok 14 - 对账能抓出坏账：费用结构错配 + 已支付状态却无支付流水
  ---
  duration_ms: 2.2715
  type: 'test'
  ...
# Subtest: content module runs without database, login, provider or third-party dependencies
ok 15 - content module runs without database, login, provider or third-party dependencies
  ---
  duration_ms: 99.6611
  type: 'test'
  ...
# Subtest: key ordering does not change content identity; wording and array order do
ok 16 - key ordering does not change content identity; wording and array order do
  ---
  duration_ms: 1.5779
  type: 'test'
  ...
# Subtest: JSON roundtrip preserves the hash, including Unicode and numeric-looking keys
ok 17 - JSON roundtrip preserves the hash, including Unicode and numeric-looking keys
  ---
  duration_ms: 0.3611
  type: 'test'
  ...
# Subtest: ambiguous values, accessors and hidden data are rejected without running getters
ok 18 - ambiguous values, accessors and hidden data are rejected without running getters
  ---
  duration_ms: 0.7479
  type: 'test'
  ...
# Subtest: cycles, sparse arrays, invalid Unicode, excessive depth and byte size are rejected
ok 19 - cycles, sparse arrays, invalid Unicode, excessive depth and byte size are rejected
  ---
  duration_ms: 1.6249
  type: 'test'
  ...
# Subtest: special object keys stay data and cannot change prototypes
ok 20 - special object keys stay data and cannot change prototypes
  ---
  duration_ms: 0.2284
  type: 'test'
  ...
# Subtest: rules are deeply detached and frozen; new wording requires new content
ok 21 - rules are deeply detached and frozen; new wording requires new content
  ---
  duration_ms: 2.7774
  type: 'test'
  ...
# Subtest: empty or missing commitments never acquire invented business defaults
ok 22 - empty or missing commitments never acquire invented business defaults
  ---
  duration_ms: 3.792
  type: 'test'
  ...
# Subtest: draft, review, merely approved, retired and future rules cannot enter new snapshots
ok 23 - draft, review, merely approved, retired and future rules cannot enter new snapshots
  ---
  duration_ms: 3.8741
  type: 'test'
  ...
# Subtest: timestamps must be explicit UTC instants and real calendar dates
ok 24 - timestamps must be explicit UTC instants and real calendar dates
  ---
  duration_ms: 1.2527
  type: 'test'
  ...
# Subtest: later rule changes and retirement do not rewrite historical commitments
ok 25 - later rule changes and retirement do not rewrite historical commitments
  ---
  duration_ms: 1.2506
  type: 'test'
  ...
# Subtest: duplicate parties or conflicting versions of the same rule are rejected
ok 26 - duplicate parties or conflicting versions of the same rule are rejected
  ---
  duration_ms: 2.1605
  type: 'test'
  ...
# Subtest: tampered promises, participants or nested rule content are detected after storage roundtrip
ok 27 - tampered promises, participants or nested rule content are detected after storage roundtrip
  ---
  duration_ms: 1.7145
  type: 'test'
  ...
# Subtest: sealing never grants signed, paid or effective-license status
ok 28 - sealing never grants signed, paid or effective-license status
  ---
  duration_ms: 1.4436
  type: 'test'
  ...
# Subtest: unknown formats are rejected, instead of being silently reinterpreted
ok 29 - unknown formats are rejected, instead of being silently reinterpreted
  ---
  duration_ms: 1.7319
  type: 'test'
  ...
# Subtest: isolated MySQL preserves rule history, private snapshots and atomic records
    # Subtest: only explicit isolated fixture applies planned migrations; existing records survive
    ok 1 - only explicit isolated fixture applies planned migrations; existing records survive
      ---
      duration_ms: 936.4346
      type: 'test'
      ...
    # Subtest: authentication and privileged operations deny by default, not by caller role fields
    ok 2 - authentication and privileged operations deny by default, not by caller role fields
      ---
      duration_ms: 11.5519
      type: 'test'
      ...
    # Subtest: concurrent retries create one rule and one audit, while changed content conflicts
    ok 3 - concurrent retries create one rule and one audit, while changed content conflicts
      ---
      duration_ms: 24.0184
      type: 'test'
      ...
    # Subtest: review steps cannot be skipped; concurrent transitions enforce the original version
    ok 4 - review steps cannot be skipped; concurrent transitions enforce the original version
      ---
      duration_ms: 27.8802
      type: 'test'
      ...
    # Subtest: future rules stay unusable, without scheduled or automatic approval
    ok 5 - future rules stay unusable, without scheduled or automatic approval
      ---
      duration_ms: 31.0914
      type: 'test'
      ...
    # Subtest: snapshot creation requires a trusted source; caller cannot supply party or promise fields
    ok 6 - snapshot creation requires a trusted source; caller cannot supply party or promise fields
      ---
      duration_ms: 3.9503
      type: 'test'
      ...
    # Subtest: same source under concurrent different keys creates one snapshot and one audit
    ok 7 - same source under concurrent different keys creates one snapshot and one audit
      ---
      duration_ms: 43.3596
      type: 'test'
      ...
    # Subtest: later terms and retirement do not replace the frozen source, including retry with a new key
    ok 8 - later terms and retirement do not replace the frozen source, including retry with a new key
      ---
      duration_ms: 42.1211
      type: 'test'
      ...
    # Subtest: organization membership alone grants no contract reading rights
    ok 9 - organization membership alone grants no contract reading rights
      ---
      duration_ms: 61.9253
      type: 'test'
      ...
    # Subtest: retirement racing with sealing produces either old immutable content or a rejection
    ok 10 - retirement racing with sealing produces either old immutable content or a rejection
      ---
      duration_ms: 31.9842
      type: 'test'
      ...
    # Subtest: replayed results do not bypass removed reader grants or suspended accounts
    ok 11 - replayed results do not bypass removed reader grants or suspended accounts
      ---
      duration_ms: 40.5929
      type: 'test'
      ...
    # Subtest: audit failure rolls back the snapshot, reader grants and idempotency result
    ok 12 - audit failure rolls back the snapshot, reader grants and idempotency result
      ---
      duration_ms: 31.0076
      type: 'test'
      ...
    # Subtest: rule creation and transitions also roll back when their audit cannot be saved
    ok 13 - rule creation and transitions also roll back when their audit cannot be saved
      ---
      duration_ms: 32.9353
      type: 'test'
      ...
    # Subtest: stored content changes are detected, rather than silently trusted on read
    ok 14 - stored content changes are detected, rather than silently trusted on read
      ---
      duration_ms: 30.2725
      type: 'test'
      ...
    # Subtest: a fresh connection reads saved content and empty database creation applies the same plan
    ok 15 - a fresh connection reads saved content and empty database creation applies the same plan
      ---
      duration_ms: 770.103
      type: 'test'
      ...
    1..15
ok 30 - isolated MySQL preserves rule history, private snapshots and atomic records
  ---
  duration_ms: 2354.0974
  type: 'test'
  ...
# Subtest: field encryption requires exactly 32 UTF8 bytes without default or truncation
ok 31 - field encryption requires exactly 32 UTF8 bytes without default or truncation
  ---
  duration_ms: 1.8966
  type: 'test'
  ...
# Subtest: field encryption reads legacy AES-GCM format, uses fresh IVs, and round trips Unicode
ok 32 - field encryption reads legacy AES-GCM format, uses fresh IVs, and round trips Unicode
  ---
  duration_ms: 2.0656
  type: 'test'
  ...
# Subtest: wrong key or damaged ciphertext is an explicit sanitized error, never an empty identity
ok 33 - wrong key or damaged ciphertext is an explicit sanitized error, never an empty identity
  ---
  duration_ms: 1.3046
  type: 'test'
  ...
# Subtest: sample library query works with nullable video links and keeps old data
ok 34 - sample library query works with nullable video links and keeps old data
  ---
  duration_ms: 158.3666
  type: 'test'
  ...
# Subtest: script submission records only metadata digest and never claims external evidence
ok 35 - script submission records only metadata digest and never claims external evidence
  ---
  duration_ms: 87.7529
  type: 'test'
  ...
# Subtest: watermark placeholders cannot fabricate success with any configured provider
ok 36 - watermark placeholders cannot fabricate success with any configured provider
  ---
  duration_ms: 1.1214
  type: 'test'
  ...
# Subtest: all three delivery routes reject before changing orders or contacting providers
ok 37 - all three delivery routes reject before changing orders or contacting providers
  ---
  duration_ms: 88.15
  type: 'test'
  ...
# Subtest: application startup rejects missing production and malformed supplied keys before database access
ok 38 - application startup rejects missing production and malformed supplied keys before database access
  ---
  duration_ms: 1436.4546
  type: 'test'
  ...
# Subtest: agency cannot bind an artist or overwrite their identity even by claiming consent
ok 39 - agency cannot bind an artist or overwrite their identity even by claiming consent
  ---
  duration_ms: 163.4627
  type: 'test'
  ...
# Subtest: removing unrelated or historical members cannot overwrite any identity or delete history
ok 40 - removing unrelated or historical members cannot overwrite any identity or delete history
  ---
  duration_ms: 63.374
  type: 'test'
  ...
# Subtest: agency application only records pending materials and preserves personal identity
ok 41 - agency application only records pending materials and preserves personal identity
  ---
  duration_ms: 56.062
  type: 'test'
  ...
# Subtest: historical relationships grant no access to artist income, lists or exports
ok 42 - historical relationships grant no access to artist income, lists or exports
  ---
  duration_ms: 75.2492
  type: 'test'
  ...
# Subtest: batch payout and fan analytics cannot fabricate submission or statistics
ok 43 - batch payout and fan analytics cannot fabricate submission or statistics
  ---
  duration_ms: 56.0326
  type: 'test'
  ...
# Subtest: old delivered flags cannot settle money or pay MCN commission through HTTP or internal caller
ok 44 - old delivered flags cannot settle money or pay MCN commission through HTTP or internal caller
  ---
  duration_ms: 55.7562
  type: 'test'
  ...
# Subtest: sample payment buttons cannot mark either installment paid
ok 45 - sample payment buttons cannot mark either installment paid
  ---
  duration_ms: 181.7608
  type: 'test'
  ...
# Subtest: unavailable identity verification cannot autoapprove or collect identity documents
ok 46 - unavailable identity verification cannot autoapprove or collect identity documents
  ---
  duration_ms: 46.6682
  type: 'test'
  ...
# Subtest: old transaction status is visible only to the owner of its matching business order
ok 47 - old transaction status is visible only to the owner of its matching business order
  ---
  duration_ms: 53.4574
  type: 'test'
  ...
# Subtest: transaction ownership covers every old order type, collisions, unknown types and orphan records
ok 48 - transaction ownership covers every old order type, collisions, unknown types and orphan records
  ---
  duration_ms: 89.078
  type: 'test'
  ...
# Subtest: Alipay status returns only owned rows and never queries or advances a payment during a read
ok 49 - Alipay status returns only owned rows and never queries or advances a payment during a read
  ---
  duration_ms: 56.5864
  type: 'test'
  ...
# Subtest: legacy writes, callbacks and Apple receipts are disabled even with configured test providers
ok 50 - legacy writes, callbacks and Apple receipts are disabled even with configured test providers
  ---
  duration_ms: 60.677
  type: 'test'
  ...
# Subtest: old approved identities stay unchanged but are not exposed as verified or accepted by dependent actions
ok 51 - old approved identities stay unchanged but are not exposed as verified or accepted by dependent actions
  ---
  duration_ms: 65.1356
  type: 'test'
  ...
# Subtest: company submissions remain pending and rejected history is not promoted to verified
ok 52 - company submissions remain pending and rejected history is not promoted to verified
  ---
  duration_ms: 43.2806
  type: 'test'
  ...
# Subtest: default finance service cannot create, confirm or refund money in any environment
ok 53 - default finance service cannot create, confirm or refund money in any environment
  ---
  duration_ms: 30.973
  type: 'test'
  ...
# Subtest: obsolete scripts that expected demo success are stopped before loading services
ok 54 - obsolete scripts that expected demo success are stopped before loading services
  ---
  duration_ms: 301.4068
  type: 'test'
  ...
# Subtest: 场景1 全新库：一次迁移到最新，版本齐全、新增工程表存在
ok 55 - 场景1 全新库：一次迁移到最新，版本齐全、新增工程表存在
  ---
  duration_ms: 84.9527
  type: 'test'
  ...
# Subtest: 场景2 旧库升级：缺列老库经迁移补齐到最新且不重建已有表数据
ok 56 - 场景2 旧库升级：缺列老库经迁移补齐到最新且不重建已有表数据
  ---
  duration_ms: 326.2984
  type: 'test'
  ...
# Subtest: 场景3 重复执行幂等：第二次全部跳过、结构与版本不重复
ok 57 - 场景3 重复执行幂等：第二次全部跳过、结构与版本不重复
  ---
  duration_ms: 41.9319
  type: 'test'
  ...
# Subtest: 等价性：001 初始迁移结构 == 改造前生产库（58表/列集合一致）
ok 58 - 等价性：001 初始迁移结构 == 改造前生产库（58表/列集合一致） # SKIP 未提供显式脱敏旧库样本，未执行结构等价比较
  ---
  duration_ms: 0.4299
  type: 'test'
  ...
# Subtest: 006 adds sample URL and classifies no historical digest; existing manually added URL survives
ok 59 - 006 adds sample URL and classifies no historical digest; existing manually added URL survives
  ---
  duration_ms: 52.8989
  type: 'test'
  ...
# Subtest: MySQL config is explicit, bounded and never defaults to a database
ok 60 - MySQL config is explicit, bounded and never defaults to a database
  ---
  duration_ms: 2.6706
  type: 'test'
  ...
# Subtest: Production cannot disable TLS, use root or load missing trust material
ok 61 - Production cannot disable TLS, use root or load missing trust material
  ---
  duration_ms: 0.5019
  type: 'test'
  ...
# Subtest: Legacy SQLite is permitted only in local/test; mysql and typo never fall back
ok 62 - Legacy SQLite is permitted only in local/test; mysql and typo never fall back
  ---
  duration_ms: 1.2418
  type: 'test'
  ...
# Subtest: Legacy entry rejects before SQLite is imported or a database is opened
ok 63 - Legacy entry rejects before SQLite is imported or a database is opened
  ---
  duration_ms: 87.3621
  type: 'test'
  ...
# Subtest: test command network guard blocks external TCP before a provider request
ok 64 - test command network guard blocks external TCP before a provider request
  ---
  duration_ms: 0.9581
  type: 'test'
  ...
# Subtest: Real isolated MySQL8 foundation
    # Subtest: status on a fresh database is read-only
    ok 1 - status on a fresh database is read-only
      ---
      duration_ms: 33.2492
      type: 'test'
      ...
    # Subtest: new schema applies once, repeated migration is a no-op
    ok 2 - new schema applies once, repeated migration is a no-op
      ---
      duration_ms: 717.5273
      type: 'test'
      ...
    # Subtest: parameters, UTC, utf8mb4 and BIGINT are preserved
    ok 3 - parameters, UTC, utf8mb4 and BIGINT are preserved
      ---
      duration_ms: 40.7046
      type: 'test'
      ...
    # Subtest: business transaction commits, rolls back and refuses implicit-commit SQL
    ok 4 - business transaction commits, rolls back and refuses implicit-commit SQL
      ---
      duration_ms: 13.712
      type: 'test'
      ...
    # Subtest: concurrent business updates keep both increments
    ok 5 - concurrent business updates keep both increments
      ---
      duration_ms: 8.7793
      type: 'test'
      ...
    # Subtest: a second migration session cannot acquire the same database lock
    ok 6 - a second migration session cannot acquire the same database lock
      ---
      duration_ms: 39.3591
      type: 'test'
      ...
    # Subtest: historical checksum/name drift and inserted older migration are rejected
    ok 7 - historical checksum/name drift and inserted older migration are rejected
      ---
      duration_ms: 64.4084
      type: 'test'
      ...
    # Subtest: DDL failure keeps earlier commits, blocks silent replay and supports inspected retry
    ok 8 - DDL failure keeps earlier commits, blocks silent replay and supports inspected retry
      ---
      duration_ms: 141.1768
      type: 'test'
      ...
    # Subtest: connection loss preserves APPLYING and refuses unsafe automatic retry
    ok 9 - connection loss preserves APPLYING and refuses unsafe automatic retry
      ---
      duration_ms: 83.6326
      type: 'test'
      ...
    # Subtest: wrong credentials fail without connecting to SQLite
    ok 10 - wrong credentials fail without connecting to SQLite
      ---
      duration_ms: 9.2153
      type: 'test'
      ...
    1..10
ok 65 - Real isolated MySQL8 foundation
  ---
  duration_ms: 1404.643
  type: 'test'
  ...
# Real MySQL 8.4.11 on loopback:33316; generated jx_test_* databases only
# Subtest: party rules load with built-ins only, without database or provider modules
ok 66 - party rules load with built-ins only, without database or provider modules
  ---
  duration_ms: 121.4961
  type: 'test'
  ...
# Subtest: pending organization owner can manage membership but gains no commercial authority
ok 67 - pending organization owner can manage membership but gains no commercial authority
  ---
  duration_ms: 1.268
  type: 'test'
  ...
# Subtest: inactive membership, missing membership and suspended/closed parties expose no actions
ok 68 - inactive membership, missing membership and suspended/closed parties expose no actions
  ---
  duration_ms: 0.3361
  type: 'test'
  ...
# Subtest: owner-only actions reject ordinary members, personal parties and missing memberships
ok 69 - owner-only actions reject ordinary members, personal parties and missing memberships
  ---
  duration_ms: 0.7984
  type: 'test'
  ...
# Subtest: invitation transition checks version, pending status and numeric expiry in order
ok 70 - invitation transition checks version, pending status and numeric expiry in order
  ---
  duration_ms: 0.6099
  type: 'test'
  ...
# Subtest: input validation refuses injected authority, invalid references and oversized unicode names
ok 71 - input validation refuses injected authority, invalid references and oversized unicode names
  ---
  duration_ms: 0.7553
  type: 'test'
  ...
# Subtest: MySQL party identity, consent, authority and transactional audit
    # Subtest: upgrading from the seven prior migrations preserves data and applies only new tables
    ok 1 - upgrading from the seven prior migrations preserves data and applies only new tables
      ---
      duration_ms: 755.6057
      type: 'test'
      ...
    # Subtest: default authentication is denied and caller actor/roles cannot be injected
    ok 2 - default authentication is denied and caller actor/roles cannot be injected
      ---
      duration_ms: 39.2804
      type: 'test'
      ...
    # Subtest: same verified subject registers one account and one personal party under concurrency
    ok 3 - same verified subject registers one account and one personal party under concurrency
      ---
      duration_ms: 32.8803
      type: 'test'
      ...
    # Subtest: organization creation is idempotent without overwriting the personal party
    ok 4 - organization creation is idempotent without overwriting the personal party
      ---
      duration_ms: 44.4204
      type: 'test'
      ...
    # Subtest: individual authors and organizations can request multiple capabilities without activating business
    ok 5 - individual authors and organizations can request multiple capabilities without activating business
      ---
      duration_ms: 80.1621
      type: 'test'
      ...
    # Subtest: pending invitation grants no membership and only its intended account can respond
    ok 6 - pending invitation grants no membership and only its intended account can respond
      ---
      duration_ms: 62.7282
      type: 'test'
      ...
    # Subtest: cross-party identifiers and outsider mutation are rejected
    ok 7 - cross-party identifiers and outsider mutation are rejected
      ---
      duration_ms: 41.1004
      type: 'test'
      ...
    # Subtest: concurrent same-key acceptance produces one membership and one audit event
    ok 8 - concurrent same-key acceptance produces one membership and one audit event
      ---
      duration_ms: 47.3706
      type: 'test'
      ...
    # Subtest: concurrent invitations to the same person produce only one pending invitation
    ok 9 - concurrent invitations to the same person produce only one pending invitation
      ---
      duration_ms: 46.4652
      type: 'test'
      ...
    # Subtest: accept and revoke races yield one transition and never create membership after revocation
    ok 10 - accept and revoke races yield one transition and never create membership after revocation
      ---
      duration_ms: 32.9746
      type: 'test'
      ...
    # Subtest: declined, revoked, stale and expired invitations cannot activate membership
    ok 11 - declined, revoked, stale and expired invitations cannot activate membership
      ---
      duration_ms: 119.3285
      type: 'test'
      ...
    # Subtest: suspended accounts and parties cannot mutate or replay successful operations
    ok 12 - suspended accounts and parties cannot mutate or replay successful operations
      ---
      duration_ms: 37.0294
      type: 'test'
      ...
    # Subtest: pending acceptance rechecks the inviter and idempotent replay rechecks the owner
    ok 13 - pending acceptance rechecks the inviter and idempotent replay rechecks the owner
      ---
      duration_ms: 61.3835
      type: 'test'
      ...
    # Subtest: removal preserves identity/history, affects only one organization, and forbids replay after revocation
    ok 14 - removal preserves identity/history, affects only one organization, and forbids replay after revocation
      ---
      duration_ms: 78.1454
      type: 'test'
      ...
    # Subtest: audit failure rolls back invitation, membership and replay result together
    ok 15 - audit failure rolls back invitation, membership and replay result together
      ---
      duration_ms: 34.8444
      type: 'test'
      ...
    # Subtest: input rejects missing versions, unknown fields and invalid or past expiry
    ok 16 - input rejects missing versions, unknown fields and invalid or past expiry
      ---
      duration_ms: 24.6807
      type: 'test'
      ...
    # Subtest: accepted identity and audit survive reconnect without provider calls or a process cache
    ok 17 - accepted identity and audit survive reconnect without provider calls or a process cache
      ---
      duration_ms: 36.8935
      type: 'test'
      ...
    1..17
ok 72 - MySQL party identity, consent, authority and transactional audit
  ---
  duration_ms: 1750.1342
  type: 'test'
  ...
# Subtest: all six provider interfaces fail closed without implementations
ok 73 - all six provider interfaces fail closed without implementations
  ---
  duration_ms: 5.5607
  type: 'test'
  ...
# Subtest: configuration alone, wrong environment, stale proof and disabled status never call a provider
ok 74 - configuration alone, wrong environment, stale proof and disabled status never call a provider
  ---
  duration_ms: 1.9394
  type: 'test'
  ...
# Subtest: timeout reports unknown outcome, aborts and never automatically repeats payment
ok 75 - timeout reports unknown outcome, aborts and never automatically repeats payment
  ---
  duration_ms: 25.1673
  type: 'test'
  ...
# Subtest: provider error bodies and logger metadata do not leak credentials or private URLs
ok 76 - provider error bodies and logger metadata do not leak credentials or private URLs
  ---
  duration_ms: 1.4436
  type: 'test'
  ...
# Subtest: private files require permission and verified configuration, never local fallback
ok 77 - private files require permission and verified configuration, never local fallback
  ---
  duration_ms: 5.8448
  type: 'test'
  ...
# Subtest: private OSS writes enforce private ACL and no overwrite; scoped URLs expire and calls are checked every time
ok 78 - private OSS writes enforce private ACL and no overwrite; scoped URLs expire and calls are checked every time
  ---
  duration_ms: 2.2754
  type: 'test'
  ...
# Subtest: changing OSS credentials invalidates proof and real SDK signs V4 offline over HTTPS
ok 79 - changing OSS credentials invalidates proof and real SDK signs V4 offline over HTTPS
  ---
  duration_ms: 415.1936
  type: 'test'
  ...
# Subtest: health stays up, readiness reflects actual dependencies, and concurrent request IDs stay separate
ok 80 - health stays up, readiness reflects actual dependencies, and concurrent request IDs stay separate
  ---
  duration_ms: 75.2894
  type: 'test'
  ...
# Subtest: OSS failures never produce a successful or public result; revocation is checked before each read
ok 81 - OSS failures never produce a successful or public result; revocation is checked before each read
  ---
  duration_ms: 2.1382
  type: 'test'
  ...
# {"error_code":"PRIVATE_STORAGE_UNAVAILABLE","time":"2026-09-23T04:10:21.745Z","level":"warn","event":"legacy_private_upload_blocked"}
# Subtest: legacy photo upload returns a clear failure and never creates a record when private storage is unavailable
ok 82 - legacy photo upload returns a clear failure and never creates a record when private storage is unavailable
  ---
  duration_ms: 70.9588
  type: 'test'
  ...
# Subtest: real isolated MySQL persists provider status, evidence and concurrent edits
    # Subtest: database readiness requires applied migrations, not just a connection
    ok 1 - database readiness requires applied migrations, not just a connection
      ---
      duration_ms: 652.3927
      type: 'test'
      ...
    # Subtest: recording is denied by default and requires genuine server-side evidence checking
    ok 2 - recording is denied by default and requires genuine server-side evidence checking
      ---
      duration_ms: 6.031
      type: 'test'
      ...
    # Subtest: configuration is saved but does not authorize real calls
    ok 3 - configuration is saved but does not authorize real calls
      ---
      duration_ms: 12.7609
      type: 'test'
      ...
    # Subtest: verified evidence survives closing and reopening the database connection
    ok 4 - verified evidence survives closing and reopening the database connection
      ---
      duration_ms: 16.5306
      type: 'test'
      ...
    # Subtest: disabling and awaiting approval keep history but block new calls
    ok 5 - disabling and awaiting approval keep history but block new calls
      ---
      duration_ms: 15.2925
      type: 'test'
      ...
    # Subtest: two concurrent updates cannot overwrite each other silently
    ok 6 - two concurrent updates cannot overwrite each other silently
      ---
      duration_ms: 10.3356
      type: 'test'
      ...
    # Subtest: history write failure rolls back both status and version
    ok 7 - history write failure rolls back both status and version
      ---
      duration_ms: 6.1398
      type: 'test'
      ...
    # Subtest: re-enabling requires fresh evidence and preserves earlier verification
    ok 8 - re-enabling requires fresh evidence and preserves earlier verification
      ---
      duration_ms: 7.7022
      type: 'test'
      ...
    # Subtest: capabilities have separate status even for the same provider
    ok 9 - capabilities have separate status even for the same provider
      ---
      duration_ms: 3.334
      type: 'test'
      ...
    1..9
ok 83 - real isolated MySQL persists provider status, evidence and concurrent edits
  ---
  duration_ms: 914.9293
  type: 'test'
  ...
# {"time":"2026-09-23T04:10:21.293Z","level":"warn","event":"alert:unit_test_event"}
# Subtest: providerStatus 返回六类通道就绪度且不含任何密钥字段
ok 84 - providerStatus 返回六类通道就绪度且不含任何密钥字段
  ---
  duration_ms: 2.4875
  type: 'test'
  ...
# Subtest: alert 未配置 webhook 时只落日志、不外发、不抛错
ok 85 - alert 未配置 webhook 时只落日志、不外发、不抛错
  ---
  duration_ms: 2.3237
  type: 'test'
  ...
# Subtest: Apple IAP 缺共享密钥/缺票据时拒绝，绝不伪造成功
ok 86 - Apple IAP 缺共享密钥/缺票据时拒绝，绝不伪造成功
  ---
  duration_ms: 1.0366
  type: 'test'
  ...
# Subtest: legacy storage permits only explicit public local test files
ok 87 - legacy storage permits only explicit public local test files
  ---
  duration_ms: 28.642
  type: 'test'
  ...
# Subtest: unknown test suite fails instead of running another module
ok 88 - unknown test suite fails instead of running another module
  ---
  duration_ms: 86.2146
  type: 'test'
  ...
# Subtest: requesting one legacy router does not load payment or unrelated routers
ok 89 - requesting one legacy router does not load payment or unrelated routers
  ---
  duration_ms: 127.7312
  type: 'test'
  ...
# Subtest: Real MySQL durable jobs, outbox and independent worker
    # Subtest: same business intent is idempotent; conflicting intent is rejected, case remains distinct
    ok 1 - same business intent is idempotent; conflicting intent is rejected, case remains distinct
      ---
      duration_ms: 556.5084
      type: 'test'
      ...
    # Subtest: business transaction and outbox both roll back; publish requires explicit transaction
    ok 2 - business transaction and outbox both roll back; publish requires explicit transaction
      ---
      duration_ms: 484.8047
      type: 'test'
      ...
    # Subtest: parallel outbox dispatch atomically creates one durable job per event, repeat is a no-op
    ok 3 - parallel outbox dispatch atomically creates one durable job per event, repeat is a no-op
      ---
      duration_ms: 435.9928
      type: 'test'
      ...
    # Subtest: conflicting outbox intent is visibly blocked and does not replace the original job
    ok 4 - conflicting outbox intent is visibly blocked and does not replace the original job
      ---
      duration_ms: 342.225
      type: 'test'
      ...
    # Subtest: failure between job insertion and outbox acknowledgement rolls both back and can be replayed
    ok 5 - failure between job insertion and outbox acknowledgement rolls both back and can be replayed
      ---
      duration_ms: 347.5168
      type: 'test'
      ...
    # Subtest: concurrent workers claim one job once while its lease is valid
    ok 6 - concurrent workers claim one job once while its lease is valid
      ---
      duration_ms: 311.7816
      type: 'test'
      ...
    # Subtest: expired lease takeover fences old acknowledgement, heartbeat and provider-task updates
    ok 7 - expired lease takeover fences old acknowledgement, heartbeat and provider-task updates
      ---
      duration_ms: 314.8677
      type: 'test'
      ...
    # Subtest: retry is delayed, capped and manually resumed without erasing attempt history
    ok 8 - retry is delayed, capped and manually resumed without erasing attempt history
      ---
      duration_ms: 388.4514
      type: 'test'
      ...
    # Subtest: crashed job at its attempt limit becomes failed instead of disappearing or retrying forever
    ok 9 - crashed job at its attempt limit becomes failed instead of disappearing or retrying forever
      ---
      duration_ms: 349.0354
      type: 'test'
      ...
    # Subtest: worker renews a long-running handler lease; other worker cannot take it over
    ok 10 - worker renews a long-running handler lease; other worker cannot take it over
      ---
      duration_ms: 1643.1112
      type: 'test'
      ...
    # Subtest: missing handlers and ambiguous handler errors block without fake success or immediate replay
    ok 11 - missing handlers and ambiguous handler errors block without fake success or immediate replay
      ---
      duration_ms: 342.086
      type: 'test'
      ...
    # Subtest: active worker aborts after lease takeover and cannot overwrite its successor result
    ok 12 - active worker aborts after lease takeover and cannot overwrite its successor result
      ---
      duration_ms: 536.5287
      type: 'test'
      ...
    # Subtest: provider retry without a recovery adapter becomes blocked instead of executing again
    ok 13 - provider retry without a recovery adapter becomes blocked instead of executing again
      ---
      duration_ms: 364.0862
      type: 'test'
      ...
    # Subtest: unknown provider submission is reconciled by stable key, never blindly resubmitted
    ok 14 - unknown provider submission is reconciled by stable key, never blindly resubmitted
      ---
      duration_ms: 332.9912
      type: 'test'
      ...
    # Subtest: separate process crash preserves provider task ID and a new process recovers it
    ok 15 - separate process crash preserves provider task ID and a new process recovers it
      ---
      duration_ms: 697.7993
      type: 'test'
      ...
    # Subtest: graceful stop signals a handler, leaves durable recovery and does not claim the next task
    ok 16 - graceful stop signals a handler, leaves durable recovery and does not claim the next task
      ---
      duration_ms: 332.1822
      type: 'test'
      ...
    1..16
ok 90 - Real MySQL durable jobs, outbox and independent worker
  ---
  duration_ms: 9401.0263
  type: 'test'
  ...
# Subtest: worker CLI fails visibly while domain adapters are not enabled
ok 91 - worker CLI fails visibly while domain adapters are not enabled
  ---
  duration_ms: 251.4533
  type: 'test'
  ...
# Subtest: worker intent requires explicit retry budget and bounded references
ok 92 - worker intent requires explicit retry budget and bounded references
  ---
  duration_ms: 0.5919
  type: 'test'
  ...
# Subtest: stopping during claim never starts the newly acquired handler
ok 93 - stopping during claim never starts the newly acquired handler
  ---
  duration_ms: 4.7764
  type: 'test'
  ...
# Subtest: API and historical scheduler do not bootstrap timers or visual recovery
ok 94 - API and historical scheduler do not bootstrap timers or visual recovery
  ---
  duration_ms: 1.1265
  type: 'test'
  ...
1..94
# tests 161
# suites 0
# pass 160
# fail 0
# cancelled 0
# skipped 1
# todo 0
# duration_ms 10384.8239
