TAP version 13
# Subtest: all six provider interfaces fail closed without implementations
ok 1 - all six provider interfaces fail closed without implementations
  ---
  duration_ms: 3.154
  type: 'test'
  ...
# Subtest: configuration alone, wrong environment, stale proof and disabled status never call a provider
ok 2 - configuration alone, wrong environment, stale proof and disabled status never call a provider
  ---
  duration_ms: 1.0437
  type: 'test'
  ...
# Subtest: timeout reports unknown outcome, aborts and never automatically repeats payment
ok 3 - timeout reports unknown outcome, aborts and never automatically repeats payment
  ---
  duration_ms: 12.4184
  type: 'test'
  ...
# Subtest: provider error bodies and logger metadata do not leak credentials or private URLs
ok 4 - provider error bodies and logger metadata do not leak credentials or private URLs
  ---
  duration_ms: 0.5894
  type: 'test'
  ...
# Subtest: private files require permission and verified configuration, never local fallback
ok 5 - private files require permission and verified configuration, never local fallback
  ---
  duration_ms: 1.4599
  type: 'test'
  ...
# Subtest: private OSS writes enforce private ACL and no overwrite; scoped URLs expire and calls are checked every time
ok 6 - private OSS writes enforce private ACL and no overwrite; scoped URLs expire and calls are checked every time
  ---
  duration_ms: 1.258
  type: 'test'
  ...
# Subtest: changing OSS credentials invalidates proof and real SDK signs V4 offline over HTTPS
ok 7 - changing OSS credentials invalidates proof and real SDK signs V4 offline over HTTPS
  ---
  duration_ms: 243.9889
  type: 'test'
  ...
# Subtest: health stays up, readiness reflects actual dependencies, and concurrent request IDs stay separate
ok 8 - health stays up, readiness reflects actual dependencies, and concurrent request IDs stay separate
  ---
  duration_ms: 62.8276
  type: 'test'
  ...
# Subtest: OSS failures never produce a successful or public result; revocation is checked before each read
ok 9 - OSS failures never produce a successful or public result; revocation is checked before each read
  ---
  duration_ms: 1.1014
  type: 'test'
  ...
# {"error_code":"PRIVATE_STORAGE_UNAVAILABLE","time":"2026-09-22T02:19:14.630Z","level":"warn","event":"legacy_private_upload_blocked"}
# Subtest: legacy photo upload returns a clear failure and never creates a record when private storage is unavailable
ok 10 - legacy photo upload returns a clear failure and never creates a record when private storage is unavailable
  ---
  duration_ms: 47.3204
  type: 'test'
  ...
# Subtest: real isolated MySQL persists provider status, evidence and concurrent edits
    # Subtest: database readiness requires applied migrations, not just a connection
    ok 1 - database readiness requires applied migrations, not just a connection
      ---
      duration_ms: 174.6493
      type: 'test'
      ...
    # Subtest: recording is denied by default and requires genuine server-side evidence checking
    ok 2 - recording is denied by default and requires genuine server-side evidence checking
      ---
      duration_ms: 4.0776
      type: 'test'
      ...
    # Subtest: configuration is saved but does not authorize real calls
    ok 3 - configuration is saved but does not authorize real calls
      ---
      duration_ms: 8.2475
      type: 'test'
      ...
    # Subtest: verified evidence survives closing and reopening the database connection
    ok 4 - verified evidence survives closing and reopening the database connection
      ---
      duration_ms: 12.0611
      type: 'test'
      ...
    # Subtest: disabling and awaiting approval keep history but block new calls
    ok 5 - disabling and awaiting approval keep history but block new calls
      ---
      duration_ms: 9.4283
      type: 'test'
      ...
    # Subtest: two concurrent updates cannot overwrite each other silently
    ok 6 - two concurrent updates cannot overwrite each other silently
      ---
      duration_ms: 8.2307
      type: 'test'
      ...
    # Subtest: history write failure rolls back both status and version
    ok 7 - history write failure rolls back both status and version
      ---
      duration_ms: 4.0782
      type: 'test'
      ...
    # Subtest: re-enabling requires fresh evidence and preserves earlier verification
    ok 8 - re-enabling requires fresh evidence and preserves earlier verification
      ---
      duration_ms: 4.7646
      type: 'test'
      ...
    # Subtest: capabilities have separate status even for the same provider
    ok 9 - capabilities have separate status even for the same provider
      ---
      duration_ms: 2.6132
      type: 'test'
      ...
    1..9
ok 11 - real isolated MySQL persists provider status, evidence and concurrent edits
  ---
  duration_ms: 309.1092
  type: 'test'
  ...
# Subtest: legacy storage permits only explicit public local test files
ok 12 - legacy storage permits only explicit public local test files
  ---
  duration_ms: 16.4493
  type: 'test'
  ...
1..12
# tests 21
# suites 0
# pass 21
# fail 0
# cancelled 0
# skipped 0
# todo 0
# duration_ms 619.6505
