✔ single commission conserves minor units and never funds MCN twice (1.925125ms)
✔ refund recomputation returns exact total including rounding (0.194708ms)
✔ rankings exclude sandbox, future and zero-net facts and are deterministic (0.2285ms)
▶ gigs isolated MySQL and real HTTP cooperation, commissions and rankings
  ✔ no login, no operator and no self-review (114.699292ms)
  ✔ MCN cannot silently add artist; artist acceptance is required (50.43975ms)
  ✔ overlapping exclusive relation rejected and outsiders cannot read (41.646584ms)
  ✔ missing proofs, forbidden category and unreviewed publication blocked (82.246375ms)
  ✔ private-only consent does not authorize commercial offer (79.573625ms)
  ✔ buyer accepts exact reviewed version and concurrent acceptance cannot overwrite (26.093625ms)
  ✔ commercial commitments are included before quote and sealed in order (107.80575ms)
  ✔ no verified receipt means zero commission; verified receipt creates conserved accrual (71.459333ms)
  ✔ repeated reconciliation and command replay do not create duplicate entries (51.636ms)
  ✔ daily ranking snapshot is deterministic and exposes no order IDs or receipt amounts (57.035583ms)
  ✔ revoked MCN capability blocks new quotes (24.691125ms)
  ✔ real consent withdrawal blocks further commercial quotes without rewriting financial facts (48.39575ms)
  ✔ ending relation blocks new offers but preserves existing order commission (43.592916ms)
  ✔ verified partial refund reverses commission once with exact rounding (95.415125ms)
  ✔ suspension removes discovery and notifies buyer and suppliers (38.615166ms)
  ✔ evidence downloads are private and linked to exact record (38.8035ms)
  ✔ audit failure rolls back records and command reservations (25.494041ms)
  ✔ membership revocation immediately removes historic commission access (19.771208ms)
  ✔ retired rule cannot publish new gigs but historical accrual remains readable (38.120209ms)
✔ gigs isolated MySQL and real HTTP cooperation, commissions and rankings (2550.858375ms)
ℹ tests 23
ℹ suites 0
ℹ pass 23
ℹ fail 0
ℹ cancelled 0
ℹ skipped 0
ℹ todo 0
ℹ duration_ms 2814.42375
