✔ money uses integer minor units and rejects rounding (1.04775ms)
✔ installments must allocate exactly every line without hidden defaults (0.510542ms)
✔ reserved refunds reduce line-specific available amount (0.179583ms)
✔ provider proof must match channel environment app merchant order amount currency and Apple product (0.142417ms)
✔ license gate honors snapshotted activation amount rather than inventing full prepayment (1.600667ms)
{"provider_code":"alipay","capability_code":"order_payment","time":"2026-10-02T17:07:30.055Z","level":"info","event":"provider_call_started"}
{"provider_code":"alipay","capability_code":"order_payment","time":"2026-10-02T17:07:30.058Z","level":"info","event":"provider_call_returned"}
{"provider_code":"alipay","capability_code":"order_payment","time":"2026-10-02T17:07:30.130Z","level":"info","event":"provider_call_started"}
{"provider_code":"alipay","capability_code":"order_payment","time":"2026-10-02T17:07:30.131Z","level":"info","event":"provider_call_returned"}
{"provider_code":"alipay","capability_code":"order_payment","time":"2026-10-02T17:07:30.131Z","level":"info","event":"provider_call_started"}
{"provider_code":"alipay","capability_code":"order_payment","time":"2026-10-02T17:07:30.131Z","level":"info","event":"provider_call_returned"}
{"provider_code":"apple","capability_code":"order_payment","time":"2026-10-02T17:07:30.177Z","level":"info","event":"provider_call_started"}
{"provider_code":"apple","capability_code":"order_payment","time":"2026-10-02T17:07:30.276Z","level":"info","event":"provider_call_returned"}
{"provider_code":"apple","capability_code":"order_payment","time":"2026-10-02T17:07:30.276Z","level":"info","event":"provider_call_started"}
{"provider_code":"apple","capability_code":"order_payment","error_code":"PROVIDER_CALL_FAILED","time":"2026-10-02T17:07:30.277Z","level":"error","event":"provider_call_failed"}
{"provider_code":"apple","capability_code":"order_payment","time":"2026-10-02T17:07:30.304Z","level":"info","event":"provider_call_started"}
{"provider_code":"apple","capability_code":"order_payment","error_code":"PROVIDER_CALL_FAILED","time":"2026-10-02T17:07:30.305Z","level":"error","event":"provider_call_failed"}
{"provider_code":"alipay","capability_code":"order_payment","error_code":"PROVIDER_NOT_CONFIGURED","time":"2026-10-02T17:07:30.343Z","level":"warn","event":"provider_call_blocked"}
✔ real Alipay RSA2 notification validation rejects tampering and wrong merchant (261.796167ms)
✔ Alipay query and refund always request signature verification (71.921708ms)
✔ Apple verified transaction selects exact order and product, no latest receipt fallback (145.906167ms)
✔ Apple official verifier rejects malformed JWS; disabled configuration cannot dispatch (66.718292ms)
▶ trade actual HTTP and isolated MySQL money, ownership and concurrency
  ✔ independent review and immutable explicitly priced specification (165.226791ms)
  ✔ unconfigured provider makes no payment attempt and cannot report success (15.908291ms)
  ✔ payment creation is idempotent and ownership enforced (89.608416ms)
  ✔ unsigned notifications and client paid fields never mark paid (12.362625ms)
  ✔ wrong amount currency merchant or environment rejected before receipt (74.822958ms)
  ✔ concurrent verified observations credit once; out of order pending cannot erase receipt (86.649875ms)
  ✔ refund reservations prevent concurrent excessive refunds and require separate review (137.912208ms)
  ✔ unknown dispatch cannot be blindly submitted again (123.547916ms)
  ✔ production acceptance cannot be claimed by client to unlock final payment (61.130208ms)
  ✔ verified late payments are retained for manual review (101.213167ms)
  ✔ Apple purchase and full refund retain gross receipt and refund facts separately (162.82575ms)
  ✔ cancelled order preserves later verified cash and requires review (92.696292ms)
  ✔ two actual charges on one installment are retained without pretending order is normally paid (164.058209ms)
  ✔ legacy 99 and 4901 amounts and reported status are preserved as reference only (82.665667ms)
  ✔ audit failure rolls back order mutation and request key (27.630958ms)
✔ trade actual HTTP and isolated MySQL money, ownership and concurrency (2590.480042ms)
ℹ tests 25
ℹ suites 0
ℹ pass 25
ℹ fail 0
ℹ cancelled 0
ℹ skipped 0
ℹ todo 0
ℹ duration_ms 2854.560458
