✔ exclusive overlap is symmetric; nonexclusive sales alone do not collide (4.432167ms)
✔ rights, purposes, geography, languages and half-open periods are independent (1.336625ms)
✔ unknown scopes and unknown numeric defaults never become a valid license (0.682208ms)
✔ project must fit explicit usage, episodes and development period (0.305292ms)
▶ licensing HTTP, conflict protection, conditions, binding and controlled reading with isolated MySQL
  ✔ product requires approved source, explicit conditions and an independent reviewer (75.954792ms)
  ✔ catalog is paged and never exposes the private original script (18.0265ms)
  ✔ reservation snapshots exact terms and price with safe repeat requests (58.303583ms)
  ✔ uploading evidence never activates a license; foreign or mismatched evidence rejected (43.749917ms)
  ✔ reviewer can fetch the linked private evidence, outsiders cannot (35.189916ms)
  ✔ approval requires explicit matching signature identity amount and recipient verification (115.283666ms)
  ✔ linked license order must actually receive its license fee before issuing the grant (114.995709ms)
  ✔ independent evidence approval permits one grant, not a fabricated payment transaction (51.36ms)
  ✔ the same external receipt cannot issue another license (61.707583ms)
  ✔ unlisting and later prices do not rewrite an acquired license (71.436959ms)
  ✔ real project binding enforces purpose and quota under concurrent requests (110.868791ms)
  ✔ project adaptation is enabled only for the bound recipient and approved source (80.641875ms)
  ✔ verified license fee refund immediately prevents further project adaptations (56.064ms)
  ✔ same original across different versions prevents concurrent exclusive sales (178.906458ms)
  ✔ active nonexclusive grant blocks a later exclusive sale in the same scope (49.801ms)
  ✔ late evidence cannot reactivate an expired hold (66.369667ms)
  ✔ controlled reading requires named account, independent approval and watermark on actual text (74.315458ms)
  ✔ expired or corrupt reading never delivers private text (27.08ms)
  ✔ reading expiry and revocation take effect without exposing original file URLs (23.837875ms)
  ✔ suspension preserves contract and prevents subsequent adaptation (20.075291ms)
  ✔ audit failure rolls back commands and catalog writes (24.685417ms)
  ✔ revoked operator cannot reuse prior authorization (14.315625ms)
✔ licensing HTTP, conflict protection, conditions, binding and controlled reading with isolated MySQL (2732.488583ms)
ℹ tests 27
ℹ suites 0
ℹ pass 27
ℹ fail 0
ℹ cancelled 0
ℹ skipped 0
ℹ todo 0
ℹ duration_ms 2993.559916
