
> frontend_ops_workspace@0.0.0 build-only
> vite build --outDir ../../../.local/pr17-web-dist

vite v8.3.0 building client environment for production...
transforming...
✓ 1669 modules transformed.

(!) outDir /Users/yanghaoran/Code/jingjing-pr17-pages/.local/pr17-web-dist is not inside project root and will not be emptied.
Use --emptyOutDir to override.

rendering chunks...
computing gzip size...
../../../.local/pr17-web-dist/index.html                                      0.69 kB │ gzip:   0.40 kB
../../../.local/pr17-web-dist/assets/SupplyView-CPO9E1n6.css                  0.24 kB │ gzip:   0.16 kB
../../../.local/pr17-web-dist/assets/ApiErrorAlert-6UavL6hZ.css               0.48 kB │ gzip:   0.26 kB
../../../.local/pr17-web-dist/assets/ContractText--4ScRPw6.css                1.02 kB │ gzip:   0.41 kB
../../../.local/pr17-web-dist/assets/NotFoundView-CRpPbmbZ.css                1.25 kB │ gzip:   0.59 kB
../../../.local/pr17-web-dist/assets/GigsView-CLJQw1Sj.css                    1.51 kB │ gzip:   0.59 kB
../../../.local/pr17-web-dist/assets/SupplyUpload-BfjeJDrt.css                1.73 kB │ gzip:   0.60 kB
../../../.local/pr17-web-dist/assets/LoginView-C-3Xof4v.css                   3.15 kB │ gzip:   0.92 kB
../../../.local/pr17-web-dist/assets/trade-CsiGHHUJ.css                       3.16 kB │ gzip:   0.86 kB
../../../.local/pr17-web-dist/assets/WorkspaceView-Csv84WVi.css               7.17 kB │ gzip:   1.62 kB
../../../.local/pr17-web-dist/assets/LicensingView-CujIk3hL.css               7.20 kB │ gzip:   1.58 kB
../../../.local/pr17-web-dist/assets/ContractsView-C21JgnyU.css               8.15 kB │ gzip:   1.79 kB
../../../.local/pr17-web-dist/assets/supply-BdD3dlVU.css                     10.79 kB │ gzip:   2.29 kB
../../../.local/pr17-web-dist/assets/index-D_4bSpOv.css                     361.62 kB │ gzip:  48.57 kB
../../../.local/pr17-web-dist/assets/_plugin-vue_export-helper-BDNMzG2s.js    0.08 kB │ gzip:   0.09 kB
../../../.local/pr17-web-dist/assets/NotFoundView-DGEUto0O.js                 0.71 kB │ gzip:   0.53 kB
../../../.local/pr17-web-dist/assets/ContractText-BiML1oty.js                 1.42 kB │ gzip:   0.70 kB
../../../.local/pr17-web-dist/assets/contracts-uxMUfSKI.js                    3.31 kB │ gzip:   1.59 kB
../../../.local/pr17-web-dist/assets/supply-DGKFG1FD.js                       3.43 kB │ gzip:   1.39 kB
../../../.local/pr17-web-dist/assets/useSupply-BLtSeetC.js                    4.76 kB │ gzip:   2.29 kB
../../../.local/pr17-web-dist/assets/LoginView-Dl2SrRhS.js                    6.70 kB │ gzip:   2.84 kB
../../../.local/pr17-web-dist/assets/ApiErrorAlert-PI-hMliG.js               10.24 kB │ gzip:   4.61 kB
../../../.local/pr17-web-dist/assets/ContractsView-XzTdieNx.js               14.25 kB │ gzip:   5.57 kB
../../../.local/pr17-web-dist/assets/SupplyUpload-DZBZdYWK.js                17.16 kB │ gzip:   6.75 kB
../../../.local/pr17-web-dist/assets/WorkspaceView-BopKn7af.js               19.21 kB │ gzip:   6.93 kB
../../../.local/pr17-web-dist/assets/trade-iu_icIj6.js                       19.49 kB │ gzip:   7.14 kB
../../../.local/pr17-web-dist/assets/SupplyView-DETbIlkg.js                  37.35 kB │ gzip:  12.03 kB
../../../.local/pr17-web-dist/assets/use-global-config-BbRdD8Dj.js           40.97 kB │ gzip:  16.00 kB
../../../.local/pr17-web-dist/assets/session-BnlmxhUr.js                     55.36 kB │ gzip:  19.32 kB
../../../.local/pr17-web-dist/assets/GigsView-C5y_rle_.js                    64.87 kB │ gzip:  19.94 kB
../../../.local/pr17-web-dist/assets/TradeView-Bgnakyzs.js                   66.19 kB │ gzip:  19.88 kB
../../../.local/pr17-web-dist/assets/useApi-BPuI6ZR9-DWjYAggk.js             66.28 kB │ gzip:  25.97 kB
../../../.local/pr17-web-dist/assets/LicensingView-DpjcEakC.js               72.45 kB │ gzip:  22.03 kB
../../../.local/pr17-web-dist/assets/index-DEnYN-JA.js                      875.31 kB │ gzip: 278.50 kB

✓ built in 486ms
[plugin builtin:vite-reporter]
(!) Some chunks are larger than 500 kB after minification. Consider:
- Using dynamic import() to code-split the application
- Use build.rolldownOptions.output.codeSplitting to improve chunking: https://rolldown.rs/reference/OutputOptions.codeSplitting
- Adjust chunk size limit for this warning via build.chunkSizeWarningLimit.
