TAP version 13
# Subtest: all declared provider interfaces fail closed without implementations
ok 1 - all declared provider interfaces fail closed without implementations
  ---
  duration_ms: 3.8364
  type: 'test'
  ...
# Subtest: configuration alone, wrong environment, stale proof and disabled status never call a provider
ok 2 - configuration alone, wrong environment, stale proof and disabled status never call a provider
  ---
  duration_ms: 1.2236
  type: 'test'
  ...
# Subtest: timeout reports unknown outcome, aborts and never automatically repeats payment
ok 3 - timeout reports unknown outcome, aborts and never automatically repeats payment
  ---
  duration_ms: 25.9011
  type: 'test'
  ...
# Subtest: provider error bodies and logger metadata do not leak credentials or private URLs
ok 4 - provider error bodies and logger metadata do not leak credentials or private URLs
  ---
  duration_ms: 0.8315
  type: 'test'
  ...
# Subtest: private files require permission and verified configuration, never local fallback
ok 5 - private files require permission and verified configuration, never local fallback
  ---
  duration_ms: 2.2891
  type: 'test'
  ...
# Subtest: private OSS writes enforce private ACL and no overwrite; scoped URLs expire and calls are checked every time
ok 6 - private OSS writes enforce private ACL and no overwrite; scoped URLs expire and calls are checked every time
  ---
  duration_ms: 1.6498
  type: 'test'
  ...
# Subtest: changing OSS credentials invalidates proof and real SDK signs V4 offline over HTTPS
ok 7 - changing OSS credentials invalidates proof and real SDK signs V4 offline over HTTPS
  ---
  duration_ms: 307.1629
  type: 'test'
  ...
# Subtest: health stays up, readiness reflects actual dependencies, and concurrent request IDs stay separate
ok 8 - health stays up, readiness reflects actual dependencies, and concurrent request IDs stay separate
  ---
  duration_ms: 76.8553
  type: 'test'
  ...
# Subtest: OSS failures never produce a successful or public result; revocation is checked before each read
ok 9 - OSS failures never produce a successful or public result; revocation is checked before each read
  ---
  duration_ms: 1.5185
  type: 'test'
  ...
# {"error_code":"PRIVATE_STORAGE_UNAVAILABLE","time":"2026-09-25T09:43:15.983Z","level":"warn","event":"legacy_private_upload_blocked"}
# Subtest: legacy photo upload returns a clear failure and never creates a record when private storage is unavailable
ok 10 - legacy photo upload returns a clear failure and never creates a record when private storage is unavailable
  ---
  duration_ms: 58.0218
  type: 'test'
  ...
# Subtest: real isolated MySQL persists provider status, evidence and concurrent edits
    # Subtest: database readiness requires applied migrations, not just a connection
    ok 1 - database readiness requires applied migrations, not just a connection
      ---
      duration_ms: 1031.4595
      type: 'test'
      ...
    # Subtest: recording is denied by default and requires genuine server-side evidence checking
    ok 2 - recording is denied by default and requires genuine server-side evidence checking
      ---
      duration_ms: 4.6195
      type: 'test'
      ...
    # Subtest: configuration is saved but does not authorize real calls
    ok 3 - configuration is saved but does not authorize real calls
      ---
      duration_ms: 8.7194
      type: 'test'
      ...
    # Subtest: verified evidence survives closing and reopening the database connection
    ok 4 - verified evidence survives closing and reopening the database connection
      ---
      duration_ms: 13.5728
      type: 'test'
      ...
    # Subtest: disabling and awaiting approval keep history but block new calls
    ok 5 - disabling and awaiting approval keep history but block new calls
      ---
      duration_ms: 12.2479
      type: 'test'
      ...
    # Subtest: two concurrent updates cannot overwrite each other silently
    ok 6 - two concurrent updates cannot overwrite each other silently
      ---
      duration_ms: 16.1817
      type: 'test'
      ...
    # Subtest: history write failure rolls back both status and version
    ok 7 - history write failure rolls back both status and version
      ---
      duration_ms: 4.9368
      type: 'test'
      ...
    # Subtest: re-enabling requires fresh evidence and preserves earlier verification
    ok 8 - re-enabling requires fresh evidence and preserves earlier verification
      ---
      duration_ms: 5.5862
      type: 'test'
      ...
    # Subtest: capabilities have separate status even for the same provider
    ok 9 - capabilities have separate status even for the same provider
      ---
      duration_ms: 1.8079
      type: 'test'
      ...
    1..9
ok 11 - real isolated MySQL persists provider status, evidence and concurrent edits
  ---
  duration_ms: 1380.1605
  type: 'test'
  ...
# Subtest: legacy storage permits only explicit public local test files
ok 12 - legacy storage permits only explicit public local test files
  ---
  duration_ms: 14.8107
  type: 'test'
  ...
1..12
# tests 21
# suites 0
# pass 21
# fail 0
# cancelled 0
# skipped 0
# todo 0
# duration_ms 1697.5076
