TAP version 13
# Subtest: consent requires explicit period, scope and evidence without defaulting to broad rights
ok 1 - consent requires explicit period, scope and evidence without defaulting to broad rights
  ---
  duration_ms: 3.4063
  type: 'test'
  ...
# Subtest: future, expired, pending and withdrawn consents never satisfy the scope check
ok 2 - future, expired, pending and withdrawn consents never satisfy the scope check
  ---
  duration_ms: 0.7035
  type: 'test'
  ...
# Subtest: face, voice, distribution purpose and territory remain distinct
ok 3 - face, voice, distribution purpose and territory remain distinct
  ---
  duration_ms: 0.3539
  type: 'test'
  ...
# Subtest: supply HTTP, immutable works, private materials and personal consents with isolated MySQL
    # Subtest: raw private upload hashes actual bytes and repeated request does not upload twice
    ok 1 - raw private upload hashes actual bytes and repeated request does not upload twice
      ---
      duration_ms: 33.8791
      type: 'test'
      ...
    # Subtest: private bytes require ownership or permission to an actually submitted record
    ok 2 - private bytes require ownership or permission to an actually submitted record
      ---
      duration_ms: 41.2312
      type: 'test'
      ...
    # Subtest: profile submission preserves evidence and cannot be approved by its submitter
    ok 3 - profile submission preserves evidence and cannot be approved by its submitter
      ---
      duration_ms: 57.153
      type: 'test'
      ...
    # Subtest: original work retains separate authors and rights holders, foreign private material is denied
    ok 4 - original work retains separate authors and rights holders, foreign private material is denied
      ---
      duration_ms: 32.2512
      type: 'test'
      ...
    # Subtest: submission exposes materials to the appropriate reviewers, with no self approval
    ok 5 - submission exposes materials to the appropriate reviewers, with no self approval
      ---
      duration_ms: 35.263
      type: 'test'
      ...
    # Subtest: rights and content approvals remain independent; no license or publishing success
    ok 6 - rights and content approvals remain independent; no license or publishing success
      ---
      duration_ms: 25.0165
      type: 'test'
      ...
    # Subtest: concurrent revisions serialize, retain the old approved version and reset review results
    ok 7 - concurrent revisions serialize, retain the old approved version and reset review results
      ---
      duration_ms: 27.3387
      type: 'test'
      ...
    # Subtest: adaptation fails closed without a verified project and license binding
    ok 8 - adaptation fails closed without a verified project and license binding
      ---
      duration_ms: 11.1878
      type: 'test'
      ...
    # Subtest: list and pagination respect selected party and explicit review permissions
    ok 9 - list and pagination respect selected party and explicit review permissions
      ---
      duration_ms: 26.5522
      type: 'test'
      ...
    # Subtest: avatar materials are separate from personal face/voice consent and cannot be given by an institution
    ok 10 - avatar materials are separate from personal face/voice consent and cannot be given by an institution
      ---
      duration_ms: 27.4538
      type: 'test'
      ...
    # Subtest: reviewed consent only matches its explicit scope; it does not enable generation or identity verification
    ok 11 - reviewed consent only matches its explicit scope; it does not enable generation or identity verification
      ---
      duration_ms: 29.2685
      type: 'test'
      ...
    # Subtest: withdrawal is personal, immediately stops scope matching and atomically records one pending event
    ok 12 - withdrawal is personal, immediately stops scope matching and atomically records one pending event
      ---
      duration_ms: 37.26
      type: 'test'
      ...
# {"provider_code":"aliyun-oss","capability_code":"private_assets","error_code":"PROVIDER_NOT_CONFIGURED","time":"2026-09-25T09:42:47.112Z","level":"warn","event":"provider_call_blocked"}
    # Subtest: missing real private storage configuration never creates a READY asset or fake public URL
    ok 13 - missing real private storage configuration never creates a READY asset or fake public URL
      ---
      duration_ms: 12.6809
      type: 'test'
      ...
    # Subtest: audit failure rolls back new records and idempotency results
    ok 14 - audit failure rolls back new records and idempotency results
      ---
      duration_ms: 8.6526
      type: 'test'
      ...
    # Subtest: institution owners can apply but a reviewer belonging to the same institution cannot approve it
    ok 15 - institution owners can apply but a reviewer belonging to the same institution cannot approve it
      ---
      duration_ms: 50.4698
      type: 'test'
      ...
    # Subtest: work withdrawal preserves the approved original and revoked requests cannot mutate the withdrawn version
    ok 16 - work withdrawal preserves the approved original and revoked requests cannot mutate the withdrawn version
      ---
      duration_ms: 28.2705
      type: 'test'
      ...
    # Subtest: storage corruption is refused and errors never reveal private bytes or object keys
    ok 17 - storage corruption is refused and errors never reveal private bytes or object keys
      ---
      duration_ms: 6.7624
      type: 'test'
      ...
    # Subtest: removed membership, suspended accounts and revoked reviewer permissions fail on every request
    ok 18 - removed membership, suspended accounts and revoked reviewer permissions fail on every request
      ---
      duration_ms: 25.4196
      type: 'test'
      ...
    1..18
ok 4 - supply HTTP, immutable works, private materials and personal consents with isolated MySQL
  ---
  duration_ms: 1929.8976
  type: 'test'
  ...
# Subtest: original and project adaptation are distinct and require explicit source/project references
ok 5 - original and project adaptation are distinct and require explicit source/project references
  ---
  duration_ms: 3.1067
  type: 'test'
  ...
# Subtest: caller cannot inject commercial approval or omit explicit metadata
ok 6 - caller cannot inject commercial approval or omit explicit metadata
  ---
  duration_ms: 0.3476
  type: 'test'
  ...
# Subtest: output is detached and deeply frozen, preventing later edits from changing the old version
ok 7 - output is detached and deeply frozen, preventing later edits from changing the old version
  ---
  duration_ms: 0.2572
  type: 'test'
  ...
# Subtest: evidence references alone do not approve rights and missing material prevents submission
ok 8 - evidence references alone do not approve rights and missing material prevents submission
  ---
  duration_ms: 1.5934
  type: 'test'
  ...
# Subtest: evidence identifiers must be bounded, unique UUIDs and never public URLs
ok 9 - evidence identifiers must be bounded, unique UUIDs and never public URLs
  ---
  duration_ms: 0.4702
  type: 'test'
  ...
# Subtest: rights and content each need a separate review, in either order
ok 10 - rights and content each need a separate review, in either order
  ---
  duration_ms: 1.3117
  type: 'test'
  ...
# Subtest: content approval never overrides rejected rights or a request for more materials
ok 11 - content approval never overrides rejected rights or a request for more materials
  ---
  duration_ms: 0.5392
  type: 'test'
  ...
# Subtest: review cannot occur before submission, overwrite an existing decision or use a stale version
ok 12 - review cannot occur before submission, overwrite an existing decision or use a stale version
  ---
  duration_ms: 0.5853
  type: 'test'
  ...
# Subtest: new revision preserves identity, changes content without inheriting old reviews
ok 13 - new revision preserves identity, changes content without inheriting old reviews
  ---
  duration_ms: 0.6901
  type: 'test'
  ...
# Subtest: adaptation may explicitly cite a newer original while retaining the same project identity
ok 14 - adaptation may explicitly cite a newer original while retaining the same project identity
  ---
  duration_ms: 0.4549
  type: 'test'
  ...
# Subtest: withdrawal preserves reviews and prevents further submission or review
ok 15 - withdrawal preserves reviews and prevents further submission or review
  ---
  duration_ms: 0.8594
  type: 'test'
  ...
# Subtest: invalid timestamps, unknown channels and missing reasons are rejected
ok 16 - invalid timestamps, unknown channels and missing reasons are rejected
  ---
  duration_ms: 0.2922
  type: 'test'
  ...
# Subtest: malformed stored state cannot be reported as reviewed
ok 17 - malformed stored state cannot be reported as reviewed
  ---
  duration_ms: 0.2785
  type: 'test'
  ...
1..17
# tests 35
# suites 0
# pass 35
# fail 0
# cancelled 0
# skipped 0
# todo 0
# duration_ms 2280.7586
