TAP version 13
# Subtest: exclusive overlap is symmetric; nonexclusive sales alone do not collide
ok 1 - exclusive overlap is symmetric; nonexclusive sales alone do not collide
  ---
  duration_ms: 3.6208
  type: 'test'
  ...
# Subtest: rights, purposes, geography, languages and half-open periods are independent
ok 2 - rights, purposes, geography, languages and half-open periods are independent
  ---
  duration_ms: 1.2946
  type: 'test'
  ...
# Subtest: unknown scopes and unknown numeric defaults never become a valid license
ok 3 - unknown scopes and unknown numeric defaults never become a valid license
  ---
  duration_ms: 1.2747
  type: 'test'
  ...
# Subtest: project must fit explicit usage, episodes and development period
ok 4 - project must fit explicit usage, episodes and development period
  ---
  duration_ms: 0.3959
  type: 'test'
  ...
# Subtest: licensing HTTP, conflict protection, conditions, binding and controlled reading with isolated MySQL
    # Subtest: product requires approved source, explicit conditions and an independent reviewer
    ok 1 - product requires approved source, explicit conditions and an independent reviewer
      ---
      duration_ms: 62.1001
      type: 'test'
      ...
    # Subtest: catalog is paged and never exposes the private original script
    ok 2 - catalog is paged and never exposes the private original script
      ---
      duration_ms: 10.578
      type: 'test'
      ...
    # Subtest: reservation snapshots exact terms and price with safe repeat requests
    ok 3 - reservation snapshots exact terms and price with safe repeat requests
      ---
      duration_ms: 30.4438
      type: 'test'
      ...
    # Subtest: uploading evidence never activates a license; foreign or mismatched evidence rejected
    ok 4 - uploading evidence never activates a license; foreign or mismatched evidence rejected
      ---
      duration_ms: 26.8243
      type: 'test'
      ...
    # Subtest: reviewer can fetch the linked private evidence, outsiders cannot
    ok 5 - reviewer can fetch the linked private evidence, outsiders cannot
      ---
      duration_ms: 22.9851
      type: 'test'
      ...
    # Subtest: approval requires explicit matching signature identity amount and recipient verification
    ok 6 - approval requires explicit matching signature identity amount and recipient verification
      ---
      duration_ms: 55.0035
      type: 'test'
      ...
    # Subtest: independent evidence approval permits one grant, not a fabricated payment transaction
    ok 7 - independent evidence approval permits one grant, not a fabricated payment transaction
      ---
      duration_ms: 28.2466
      type: 'test'
      ...
    # Subtest: the same external receipt cannot issue another license
    ok 8 - the same external receipt cannot issue another license
      ---
      duration_ms: 52.1888
      type: 'test'
      ...
    # Subtest: unlisting and later prices do not rewrite an acquired license
    ok 9 - unlisting and later prices do not rewrite an acquired license
      ---
      duration_ms: 37.9447
      type: 'test'
      ...
    # Subtest: real project binding enforces purpose and quota under concurrent requests
    ok 10 - real project binding enforces purpose and quota under concurrent requests
      ---
      duration_ms: 55.7896
      type: 'test'
      ...
    # Subtest: project adaptation is enabled only for the bound recipient and approved source
    ok 11 - project adaptation is enabled only for the bound recipient and approved source
      ---
      duration_ms: 41.7266
      type: 'test'
      ...
    # Subtest: same original across different versions prevents concurrent exclusive sales
    ok 12 - same original across different versions prevents concurrent exclusive sales
      ---
      duration_ms: 104.8088
      type: 'test'
      ...
    # Subtest: active nonexclusive grant blocks a later exclusive sale in the same scope
    ok 13 - active nonexclusive grant blocks a later exclusive sale in the same scope
      ---
      duration_ms: 30.3197
      type: 'test'
      ...
    # Subtest: late evidence cannot reactivate an expired hold
    ok 14 - late evidence cannot reactivate an expired hold
      ---
      duration_ms: 41.0901
      type: 'test'
      ...
    # Subtest: controlled reading requires named account, independent approval and watermark on actual text
    ok 15 - controlled reading requires named account, independent approval and watermark on actual text
      ---
      duration_ms: 38.082
      type: 'test'
      ...
    # Subtest: expired or corrupt reading never delivers private text
    ok 16 - expired or corrupt reading never delivers private text
      ---
      duration_ms: 15.9463
      type: 'test'
      ...
    # Subtest: reading expiry and revocation take effect without exposing original file URLs
    ok 17 - reading expiry and revocation take effect without exposing original file URLs
      ---
      duration_ms: 14.2797
      type: 'test'
      ...
    # Subtest: suspension preserves contract and prevents subsequent adaptation
    ok 18 - suspension preserves contract and prevents subsequent adaptation
      ---
      duration_ms: 12.8207
      type: 'test'
      ...
    # Subtest: audit failure rolls back commands and catalog writes
    ok 19 - audit failure rolls back commands and catalog writes
      ---
      duration_ms: 16.1238
      type: 'test'
      ...
    # Subtest: revoked operator cannot reuse prior authorization
    ok 20 - revoked operator cannot reuse prior authorization
      ---
      duration_ms: 7.9562
      type: 'test'
      ...
    1..20
ok 5 - licensing HTTP, conflict protection, conditions, binding and controlled reading with isolated MySQL
  ---
  duration_ms: 2138.2971
  type: 'test'
  ...
1..5
# tests 25
# suites 0
# pass 25
# fail 0
# cancelled 0
# skipped 0
# todo 0
# duration_ms 2498.9888
