TAP version 13
# {"time":"2026-09-22T02:05:56.990Z","level":"info","event":"migration_applied"}
# {"time":"2026-09-22T02:05:56.993Z","level":"info","event":"migration_applied"}
# {"time":"2026-09-22T02:05:56.995Z","level":"info","event":"migration_applied"}
# {"time":"2026-09-22T02:05:56.996Z","level":"info","event":"migration_applied"}
# {"time":"2026-09-22T02:05:57.003Z","level":"info","event":"migration_applied"}
# {"time":"2026-09-22T02:05:57.005Z","level":"info","event":"migration_applied"}
# {"time":"2026-09-22T02:05:57.005Z","level":"info","event":"db_migrations_applied"}
# {"time":"2026-09-22T02:05:57.017Z","level":"info","event":"refund_success"}
# {"time":"2026-09-22T02:05:57.019Z","level":"info","event":"refund_success"}
# {"time":"2026-09-22T02:05:57.020Z","level":"info","event":"refund_success"}
# {"time":"2026-09-22T02:05:57.021Z","level":"info","event":"refund_success"}
# {"time":"2026-09-22T02:05:57.023Z","level":"info","event":"reconciliation_done"}
# Subtest: 成功（无退款）：四账守恒、reconcile 无该单差异
ok 1 - 成功（无退款）：四账守恒、reconcile 无该单差异
  ---
  duration_ms: 2.1845
  type: 'test'
  ...
# Subtest: 全额退款：kind=full、支付单 refunded、账仍平
ok 2 - 全额退款：kind=full、支付单 refunded、账仍平
  ---
  duration_ms: 1.611
  type: 'test'
  ...
# Subtest: 部分退两次到全退：partial→refunded，超额被拒，账平
ok 3 - 部分退两次到全退：partial→refunded，超额被拒，账平
  ---
  duration_ms: 2.8362
  type: 'test'
  ...
# Subtest: 重复回调/重复请求幂等：同 idemKey 不重复出款
ok 4 - 重复回调/重复请求幂等：同 idemKey 不重复出款
  ---
  duration_ms: 1.0797
  type: 'test'
  ...
# Subtest: 默认旧退款服务不可用：不建退款单、不改支付记录、绝不假退
ok 5 - 默认旧退款服务不可用：不建退款单、不改支付记录、绝不假退
  ---
  duration_ms: 0.6187
  type: 'test'
  ...
# Subtest: runAndReport 落表：balanced 状态与汇总写入 reconciliation_runs
ok 6 - runAndReport 落表：balanced 状态与汇总写入 reconciliation_runs
  ---
  duration_ms: 1.1073
  type: 'test'
  ...
# Subtest: 对账能抓出坏账：费用结构错配 + 已支付状态却无支付流水
ok 7 - 对账能抓出坏账：费用结构错配 + 已支付状态却无支付流水
  ---
  duration_ms: 1.0732
  type: 'test'
  ...
# Subtest: field encryption requires exactly 32 UTF8 bytes without default or truncation
ok 8 - field encryption requires exactly 32 UTF8 bytes without default or truncation
  ---
  duration_ms: 1.0073
  type: 'test'
  ...
# Subtest: field encryption reads legacy AES-GCM format, uses fresh IVs, and round trips Unicode
ok 9 - field encryption reads legacy AES-GCM format, uses fresh IVs, and round trips Unicode
  ---
  duration_ms: 1.5316
  type: 'test'
  ...
# Subtest: wrong key or damaged ciphertext is an explicit sanitized error, never an empty identity
ok 10 - wrong key or damaged ciphertext is an explicit sanitized error, never an empty identity
  ---
  duration_ms: 1.0557
  type: 'test'
  ...
# Subtest: sample library query works with nullable video links and keeps old data
ok 11 - sample library query works with nullable video links and keeps old data
  ---
  duration_ms: 89.4183
  type: 'test'
  ...
# Subtest: script submission records only metadata digest and never claims external evidence
ok 12 - script submission records only metadata digest and never claims external evidence
  ---
  duration_ms: 39.6143
  type: 'test'
  ...
# Subtest: watermark placeholders cannot fabricate success with any configured provider
ok 13 - watermark placeholders cannot fabricate success with any configured provider
  ---
  duration_ms: 0.6596
  type: 'test'
  ...
# Subtest: all three delivery routes reject before changing orders or contacting providers
ok 14 - all three delivery routes reject before changing orders or contacting providers
  ---
  duration_ms: 35.4109
  type: 'test'
  ...
# Subtest: application startup rejects missing production and malformed supplied keys before database access
ok 15 - application startup rejects missing production and malformed supplied keys before database access
  ---
  duration_ms: 1019.3431
  type: 'test'
  ...
# Subtest: sample payment buttons cannot mark either installment paid
ok 16 - sample payment buttons cannot mark either installment paid
  ---
  duration_ms: 110.3854
  type: 'test'
  ...
# Subtest: unavailable identity verification cannot autoapprove or collect identity documents
ok 17 - unavailable identity verification cannot autoapprove or collect identity documents
  ---
  duration_ms: 26.6205
  type: 'test'
  ...
# Subtest: old transaction status is visible only to the owner of its matching business order
ok 18 - old transaction status is visible only to the owner of its matching business order
  ---
  duration_ms: 26.9679
  type: 'test'
  ...
# Subtest: transaction ownership covers every old order type, collisions, unknown types and orphan records
ok 19 - transaction ownership covers every old order type, collisions, unknown types and orphan records
  ---
  duration_ms: 43.3893
  type: 'test'
  ...
# Subtest: Alipay status returns only owned rows and never queries or advances a payment during a read
ok 20 - Alipay status returns only owned rows and never queries or advances a payment during a read
  ---
  duration_ms: 27.7666
  type: 'test'
  ...
# Subtest: legacy writes, callbacks and Apple receipts are disabled even with configured test providers
ok 21 - legacy writes, callbacks and Apple receipts are disabled even with configured test providers
  ---
  duration_ms: 29.779
  type: 'test'
  ...
# Subtest: old approved identities stay unchanged but are not exposed as verified or accepted by dependent actions
ok 22 - old approved identities stay unchanged but are not exposed as verified or accepted by dependent actions
  ---
  duration_ms: 32.8841
  type: 'test'
  ...
# Subtest: company submissions remain pending and rejected history is not promoted to verified
ok 23 - company submissions remain pending and rejected history is not promoted to verified
  ---
  duration_ms: 21.0966
  type: 'test'
  ...
# Subtest: default finance service cannot create, confirm or refund money in any environment
ok 24 - default finance service cannot create, confirm or refund money in any environment
  ---
  duration_ms: 22.3085
  type: 'test'
  ...
# Subtest: obsolete scripts that expected demo success are stopped before loading services
ok 25 - obsolete scripts that expected demo success are stopped before loading services
  ---
  duration_ms: 225.6278
  type: 'test'
  ...
1..25
# tests 25
# suites 0
# pass 25
# fail 0
# cancelled 0
# skipped 0
# todo 0
# duration_ms 1477.3349
