TAP version 13
# {"time":"2026-09-22T03:43:09.131Z","level":"info","event":"migration_applied"}
# {"time":"2026-09-22T03:43:09.133Z","level":"info","event":"migration_applied"}
# {"time":"2026-09-22T03:43:09.135Z","level":"info","event":"migration_applied"}
# {"time":"2026-09-22T03:43:09.135Z","level":"info","event":"migration_applied"}
# {"time":"2026-09-22T03:43:09.141Z","level":"info","event":"migration_applied"}
# {"time":"2026-09-22T03:43:09.142Z","level":"info","event":"migration_applied"}
# {"time":"2026-09-22T03:43:09.143Z","level":"info","event":"db_migrations_applied"}
# {"time":"2026-09-22T03:43:09.152Z","level":"info","event":"ai_deliverable_version"}
# {"time":"2026-09-22T03:43:09.153Z","level":"info","event":"ai_deliverable_version"}
# {"time":"2026-09-22T03:43:09.154Z","level":"info","event":"ai_deliverable_version"}
# {"time":"2026-09-22T03:43:09.154Z","level":"info","event":"ai_regenerate"}
# {"time":"2026-09-22T03:43:09.154Z","level":"info","event":"ai_deliverable_version"}
# {"time":"2026-09-22T03:43:09.159Z","level":"info","event":"ai_deliverable_version"}
# {"time":"2026-09-22T03:43:09.160Z","level":"info","event":"ai_deliverable_review"}
# {"time":"2026-09-22T03:43:09.160Z","level":"info","event":"ai_deliverable_version"}
# Subtest: webhook 验签：错误签名拒绝、缺密钥拒绝
ok 1 - webhook 验签：错误签名拒绝、缺密钥拒绝
  ---
  duration_ms: 1.489032
  type: 'test'
  ...
# Subtest: 合法 webhook 成功推进并幂等：重复回调不重复出版本
ok 2 - 合法 webhook 成功推进并幂等：重复回调不重复出版本
  ---
  duration_ms: 1.315661
  type: 'test'
  ...
# Subtest: 轮询与回调 CAS 互斥：先 finalize 者推进，另一方不重复
ok 3 - 轮询与回调 CAS 互斥：先 finalize 者推进，另一方不重复
  ---
  duration_ms: 0.933526
  type: 'test'
  ...
# Subtest: 重做生成新版本行：parent 关联、版本号递增、不覆盖旧文件
ok 4 - 重做生成新版本行：parent 关联、版本号递增、不覆盖旧文件
  ---
  duration_ms: 1.315621
  type: 'test'
  ...
# Subtest: 审核开关开启：干净内容 pending_review→人工 approve；命中敏感词直接 rejected
ok 5 - 审核开关开启：干净内容 pending_review→人工 approve；命中敏感词直接 rejected
  ---
  duration_ms: 5.813112
  type: 'test'
  ...
# Subtest: CI rejects failure, empty output, missing totals and nonzero process exits
ok 6 - CI rejects failure, empty output, missing totals and nonzero process exits
  ---
  duration_ms: 1.055759
  type: 'test'
  ...
# Subtest: CI only permits the named missing legacy snapshot skip, never skipped MySQL suites
ok 7 - CI only permits the named missing legacy snapshot skip, never skipped MySQL suites
  ---
  duration_ms: 0.309446
  type: 'test'
  ...
# {"time":"2026-09-22T03:43:09.141Z","level":"info","event":"migration_applied"}
# {"time":"2026-09-22T03:43:09.144Z","level":"info","event":"migration_applied"}
# {"time":"2026-09-22T03:43:09.146Z","level":"info","event":"migration_applied"}
# {"time":"2026-09-22T03:43:09.147Z","level":"info","event":"migration_applied"}
# {"time":"2026-09-22T03:43:09.155Z","level":"info","event":"migration_applied"}
# {"time":"2026-09-22T03:43:09.158Z","level":"info","event":"migration_applied"}
# {"time":"2026-09-22T03:43:09.159Z","level":"info","event":"db_migrations_applied"}
# {"time":"2026-09-22T03:43:09.171Z","level":"info","event":"refund_success"}
# {"time":"2026-09-22T03:43:09.172Z","level":"info","event":"refund_success"}
# {"time":"2026-09-22T03:43:09.173Z","level":"info","event":"refund_success"}
# {"time":"2026-09-22T03:43:09.175Z","level":"info","event":"refund_success"}
# {"time":"2026-09-22T03:43:09.177Z","level":"info","event":"reconciliation_done"}
# Subtest: 成功（无退款）：四账守恒、reconcile 无该单差异
ok 8 - 成功（无退款）：四账守恒、reconcile 无该单差异
  ---
  duration_ms: 2.848228
  type: 'test'
  ...
# Subtest: 全额退款：kind=full、支付单 refunded、账仍平
ok 9 - 全额退款：kind=full、支付单 refunded、账仍平
  ---
  duration_ms: 1.68687
  type: 'test'
  ...
# Subtest: 部分退两次到全退：partial→refunded，超额被拒，账平
ok 10 - 部分退两次到全退：partial→refunded，超额被拒，账平
  ---
  duration_ms: 2.639334
  type: 'test'
  ...
# Subtest: 重复回调/重复请求幂等：同 idemKey 不重复出款
ok 11 - 重复回调/重复请求幂等：同 idemKey 不重复出款
  ---
  duration_ms: 0.941347
  type: 'test'
  ...
# Subtest: 默认旧退款服务不可用：不建退款单、不改支付记录、绝不假退
ok 12 - 默认旧退款服务不可用：不建退款单、不改支付记录、绝不假退
  ---
  duration_ms: 0.719613
  type: 'test'
  ...
# Subtest: runAndReport 落表：balanced 状态与汇总写入 reconciliation_runs
ok 13 - runAndReport 落表：balanced 状态与汇总写入 reconciliation_runs
  ---
  duration_ms: 1.469021
  type: 'test'
  ...
# Subtest: 对账能抓出坏账：费用结构错配 + 已支付状态却无支付流水
ok 14 - 对账能抓出坏账：费用结构错配 + 已支付状态却无支付流水
  ---
  duration_ms: 1.388361
  type: 'test'
  ...
# Subtest: field encryption requires exactly 32 UTF8 bytes without default or truncation
ok 15 - field encryption requires exactly 32 UTF8 bytes without default or truncation
  ---
  duration_ms: 1.509753
  type: 'test'
  ...
# Subtest: field encryption reads legacy AES-GCM format, uses fresh IVs, and round trips Unicode
ok 16 - field encryption reads legacy AES-GCM format, uses fresh IVs, and round trips Unicode
  ---
  duration_ms: 1.491055
  type: 'test'
  ...
# Subtest: wrong key or damaged ciphertext is an explicit sanitized error, never an empty identity
ok 17 - wrong key or damaged ciphertext is an explicit sanitized error, never an empty identity
  ---
  duration_ms: 0.994698
  type: 'test'
  ...
# Subtest: sample library query works with nullable video links and keeps old data
ok 18 - sample library query works with nullable video links and keeps old data
  ---
  duration_ms: 78.859367
  type: 'test'
  ...
# Subtest: script submission records only metadata digest and never claims external evidence
ok 19 - script submission records only metadata digest and never claims external evidence
  ---
  duration_ms: 53.407898
  type: 'test'
  ...
# Subtest: watermark placeholders cannot fabricate success with any configured provider
ok 20 - watermark placeholders cannot fabricate success with any configured provider
  ---
  duration_ms: 0.502216
  type: 'test'
  ...
# Subtest: all three delivery routes reject before changing orders or contacting providers
ok 21 - all three delivery routes reject before changing orders or contacting providers
  ---
  duration_ms: 44.941981
  type: 'test'
  ...
# Subtest: application startup rejects missing production and malformed supplied keys before database access
ok 22 - application startup rejects missing production and malformed supplied keys before database access
  ---
  duration_ms: 477.18992
  type: 'test'
  ...
# Subtest: agency cannot bind an artist or overwrite their identity even by claiming consent
ok 23 - agency cannot bind an artist or overwrite their identity even by claiming consent
  ---
  duration_ms: 67.346453
  type: 'test'
  ...
# Subtest: removing unrelated or historical members cannot overwrite any identity or delete history
ok 24 - removing unrelated or historical members cannot overwrite any identity or delete history
  ---
  duration_ms: 28.155229
  type: 'test'
  ...
# Subtest: agency application only records pending materials and preserves personal identity
ok 25 - agency application only records pending materials and preserves personal identity
  ---
  duration_ms: 33.691955
  type: 'test'
  ...
# Subtest: historical relationships grant no access to artist income, lists or exports
ok 26 - historical relationships grant no access to artist income, lists or exports
  ---
  duration_ms: 34.909748
  type: 'test'
  ...
# Subtest: batch payout and fan analytics cannot fabricate submission or statistics
ok 27 - batch payout and fan analytics cannot fabricate submission or statistics
  ---
  duration_ms: 21.248931
  type: 'test'
  ...
# Subtest: old delivered flags cannot settle money or pay MCN commission through HTTP or internal caller
ok 28 - old delivered flags cannot settle money or pay MCN commission through HTTP or internal caller
  ---
  duration_ms: 24.583742
  type: 'test'
  ...
# Subtest: sample payment buttons cannot mark either installment paid
ok 29 - sample payment buttons cannot mark either installment paid
  ---
  duration_ms: 88.683777
  type: 'test'
  ...
# Subtest: unavailable identity verification cannot autoapprove or collect identity documents
ok 30 - unavailable identity verification cannot autoapprove or collect identity documents
  ---
  duration_ms: 34.673302
  type: 'test'
  ...
# Subtest: old transaction status is visible only to the owner of its matching business order
ok 31 - old transaction status is visible only to the owner of its matching business order
  ---
  duration_ms: 26.749433
  type: 'test'
  ...
# Subtest: transaction ownership covers every old order type, collisions, unknown types and orphan records
ok 32 - transaction ownership covers every old order type, collisions, unknown types and orphan records
  ---
  duration_ms: 49.61636
  type: 'test'
  ...
# Subtest: Alipay status returns only owned rows and never queries or advances a payment during a read
ok 33 - Alipay status returns only owned rows and never queries or advances a payment during a read
  ---
  duration_ms: 32.067669
  type: 'test'
  ...
# Subtest: legacy writes, callbacks and Apple receipts are disabled even with configured test providers
ok 34 - legacy writes, callbacks and Apple receipts are disabled even with configured test providers
  ---
  duration_ms: 28.469281
  type: 'test'
  ...
# Subtest: old approved identities stay unchanged but are not exposed as verified or accepted by dependent actions
ok 35 - old approved identities stay unchanged but are not exposed as verified or accepted by dependent actions
  ---
  duration_ms: 30.957528
  type: 'test'
  ...
# Subtest: company submissions remain pending and rejected history is not promoted to verified
ok 36 - company submissions remain pending and rejected history is not promoted to verified
  ---
  duration_ms: 16.787584
  type: 'test'
  ...
# Subtest: default finance service cannot create, confirm or refund money in any environment
ok 37 - default finance service cannot create, confirm or refund money in any environment
  ---
  duration_ms: 23.550987
  type: 'test'
  ...
# Subtest: obsolete scripts that expected demo success are stopped before loading services
ok 38 - obsolete scripts that expected demo success are stopped before loading services
  ---
  duration_ms: 117.898762
  type: 'test'
  ...
# Subtest: 场景1 全新库：一次迁移到最新，版本齐全、新增工程表存在
ok 39 - 场景1 全新库：一次迁移到最新，版本齐全、新增工程表存在
  ---
  duration_ms: 108.954236
  type: 'test'
  ...
# Subtest: 场景2 旧库升级：缺列老库经迁移补齐到最新且不重建已有表数据
ok 40 - 场景2 旧库升级：缺列老库经迁移补齐到最新且不重建已有表数据
  ---
  duration_ms: 220.691941
  type: 'test'
  ...
# Subtest: 场景3 重复执行幂等：第二次全部跳过、结构与版本不重复
ok 41 - 场景3 重复执行幂等：第二次全部跳过、结构与版本不重复
  ---
  duration_ms: 28.517304
  type: 'test'
  ...
# Subtest: 等价性：001 初始迁移结构 == 改造前生产库（58表/列集合一致）
ok 42 - 等价性：001 初始迁移结构 == 改造前生产库（58表/列集合一致） # SKIP 未提供显式脱敏旧库样本，未执行结构等价比较
  ---
  duration_ms: 0.368535
  type: 'test'
  ...
# Subtest: 006 adds sample URL and classifies no historical digest; existing manually added URL survives
ok 43 - 006 adds sample URL and classifies no historical digest; existing manually added URL survives
  ---
  duration_ms: 35.908843
  type: 'test'
  ...
# Subtest: MySQL config is explicit, bounded and never defaults to a database
ok 44 - MySQL config is explicit, bounded and never defaults to a database
  ---
  duration_ms: 2.100772
  type: 'test'
  ...
# Subtest: Production cannot disable TLS, use root or load missing trust material
ok 45 - Production cannot disable TLS, use root or load missing trust material
  ---
  duration_ms: 0.336246
  type: 'test'
  ...
# Subtest: Legacy SQLite is permitted only in local/test; mysql and typo never fall back
ok 46 - Legacy SQLite is permitted only in local/test; mysql and typo never fall back
  ---
  duration_ms: 0.362576
  type: 'test'
  ...
# Subtest: Legacy entry rejects before SQLite is imported or a database is opened
ok 47 - Legacy entry rejects before SQLite is imported or a database is opened
  ---
  duration_ms: 24.331162
  type: 'test'
  ...
# Subtest: test command network guard blocks external TCP before a provider request
ok 48 - test command network guard blocks external TCP before a provider request
  ---
  duration_ms: 0.760886
  type: 'test'
  ...
# Subtest: Real isolated MySQL8 foundation
    # Subtest: status on a fresh database is read-only
    ok 1 - status on a fresh database is read-only
      ---
      duration_ms: 16.528455
      type: 'test'
      ...
    # Subtest: new schema applies once, repeated migration is a no-op
    ok 2 - new schema applies once, repeated migration is a no-op
      ---
      duration_ms: 231.800995
      type: 'test'
      ...
    # Subtest: parameters, UTC, utf8mb4 and BIGINT are preserved
    ok 3 - parameters, UTC, utf8mb4 and BIGINT are preserved
      ---
      duration_ms: 12.525898
      type: 'test'
      ...
    # Subtest: business transaction commits, rolls back and refuses implicit-commit SQL
    ok 4 - business transaction commits, rolls back and refuses implicit-commit SQL
      ---
      duration_ms: 9.204117
      type: 'test'
      ...
    # Subtest: concurrent business updates keep both increments
    ok 5 - concurrent business updates keep both increments
      ---
      duration_ms: 8.006123
      type: 'test'
      ...
    # Subtest: a second migration session cannot acquire the same database lock
    ok 6 - a second migration session cannot acquire the same database lock
      ---
      duration_ms: 30.488402
      type: 'test'
      ...
    # Subtest: historical checksum/name drift and inserted older migration are rejected
    ok 7 - historical checksum/name drift and inserted older migration are rejected
      ---
      duration_ms: 27.59069
      type: 'test'
      ...
    # Subtest: DDL failure keeps earlier commits, blocks silent replay and supports inspected retry
    ok 8 - DDL failure keeps earlier commits, blocks silent replay and supports inspected retry
      ---
      duration_ms: 73.970947
      type: 'test'
      ...
    # Subtest: connection loss preserves APPLYING and refuses unsafe automatic retry
    ok 9 - connection loss preserves APPLYING and refuses unsafe automatic retry
      ---
      duration_ms: 73.850204
      type: 'test'
      ...
    # Subtest: wrong credentials fail without connecting to SQLite
    ok 10 - wrong credentials fail without connecting to SQLite
      ---
      duration_ms: 9.111428
      type: 'test'
      ...
    1..10
ok 49 - Real isolated MySQL8 foundation
  ---
  duration_ms: 604.083602
  type: 'test'
  ...
# Real MySQL 8.4.11 on loopback:33316; generated jx_test_* databases only
# Subtest: party rules load with built-ins only, without database or provider modules
ok 50 - party rules load with built-ins only, without database or provider modules
  ---
  duration_ms: 34.145587
  type: 'test'
  ...
# Subtest: pending organization owner can manage membership but gains no commercial authority
ok 51 - pending organization owner can manage membership but gains no commercial authority
  ---
  duration_ms: 0.996049
  type: 'test'
  ...
# Subtest: inactive membership, missing membership and suspended/closed parties expose no actions
ok 52 - inactive membership, missing membership and suspended/closed parties expose no actions
  ---
  duration_ms: 0.215434
  type: 'test'
  ...
# Subtest: owner-only actions reject ordinary members, personal parties and missing memberships
ok 53 - owner-only actions reject ordinary members, personal parties and missing memberships
  ---
  duration_ms: 1.065564
  type: 'test'
  ...
# Subtest: invitation transition checks version, pending status and numeric expiry in order
ok 54 - invitation transition checks version, pending status and numeric expiry in order
  ---
  duration_ms: 0.521405
  type: 'test'
  ...
# Subtest: input validation refuses injected authority, invalid references and oversized unicode names
ok 55 - input validation refuses injected authority, invalid references and oversized unicode names
  ---
  duration_ms: 0.677069
  type: 'test'
  ...
# Subtest: MySQL party identity, consent, authority and transactional audit
    # Subtest: upgrading from the seven prior migrations preserves data and applies only new tables
    ok 1 - upgrading from the seven prior migrations preserves data and applies only new tables
      ---
      duration_ms: 212.079885
      type: 'test'
      ...
    # Subtest: default authentication is denied and caller actor/roles cannot be injected
    ok 2 - default authentication is denied and caller actor/roles cannot be injected
      ---
      duration_ms: 34.767023
      type: 'test'
      ...
    # Subtest: same verified subject registers one account and one personal party under concurrency
    ok 3 - same verified subject registers one account and one personal party under concurrency
      ---
      duration_ms: 24.710001
      type: 'test'
      ...
    # Subtest: organization creation is idempotent without overwriting the personal party
    ok 4 - organization creation is idempotent without overwriting the personal party
      ---
      duration_ms: 50.640261
      type: 'test'
      ...
    # Subtest: individual authors and organizations can request multiple capabilities without activating business
    ok 5 - individual authors and organizations can request multiple capabilities without activating business
      ---
      duration_ms: 81.481213
      type: 'test'
      ...
    # Subtest: pending invitation grants no membership and only its intended account can respond
    ok 6 - pending invitation grants no membership and only its intended account can respond
      ---
      duration_ms: 69.877993
      type: 'test'
      ...
    # Subtest: cross-party identifiers and outsider mutation are rejected
    ok 7 - cross-party identifiers and outsider mutation are rejected
      ---
      duration_ms: 48.298854
      type: 'test'
      ...
    # Subtest: concurrent same-key acceptance produces one membership and one audit event
    ok 8 - concurrent same-key acceptance produces one membership and one audit event
      ---
      duration_ms: 112.520721
      type: 'test'
      ...
    # Subtest: concurrent invitations to the same person produce only one pending invitation
    ok 9 - concurrent invitations to the same person produce only one pending invitation
      ---
      duration_ms: 27.87085
      type: 'test'
      ...
    # Subtest: accept and revoke races yield one transition and never create membership after revocation
    ok 10 - accept and revoke races yield one transition and never create membership after revocation
      ---
      duration_ms: 42.069075
      type: 'test'
      ...
    # Subtest: declined, revoked, stale and expired invitations cannot activate membership
    ok 11 - declined, revoked, stale and expired invitations cannot activate membership
      ---
      duration_ms: 215.81411
      type: 'test'
      ...
    # Subtest: suspended accounts and parties cannot mutate or replay successful operations
    ok 12 - suspended accounts and parties cannot mutate or replay successful operations
      ---
      duration_ms: 54.420821
      type: 'test'
      ...
    # Subtest: pending acceptance rechecks the inviter and idempotent replay rechecks the owner
    ok 13 - pending acceptance rechecks the inviter and idempotent replay rechecks the owner
      ---
      duration_ms: 57.304332
      type: 'test'
      ...
    # Subtest: removal preserves identity/history, affects only one organization, and forbids replay after revocation
    ok 14 - removal preserves identity/history, affects only one organization, and forbids replay after revocation
      ---
      duration_ms: 87.903239
      type: 'test'
      ...
    # Subtest: audit failure rolls back invitation, membership and replay result together
    ok 15 - audit failure rolls back invitation, membership and replay result together
      ---
      duration_ms: 33.157419
      type: 'test'
      ...
    # Subtest: input rejects missing versions, unknown fields and invalid or past expiry
    ok 16 - input rejects missing versions, unknown fields and invalid or past expiry
      ---
      duration_ms: 25.958561
      type: 'test'
      ...
    # Subtest: accepted identity and audit survive reconnect without provider calls or a process cache
    ok 17 - accepted identity and audit survive reconnect without provider calls or a process cache
      ---
      duration_ms: 45.269183
      type: 'test'
      ...
    1..17
ok 56 - MySQL party identity, consent, authority and transactional audit
  ---
  duration_ms: 1341.427586
  type: 'test'
  ...
# Subtest: all six provider interfaces fail closed without implementations
ok 57 - all six provider interfaces fail closed without implementations
  ---
  duration_ms: 3.358336
  type: 'test'
  ...
# Subtest: configuration alone, wrong environment, stale proof and disabled status never call a provider
ok 58 - configuration alone, wrong environment, stale proof and disabled status never call a provider
  ---
  duration_ms: 1.604967
  type: 'test'
  ...
# Subtest: timeout reports unknown outcome, aborts and never automatically repeats payment
ok 59 - timeout reports unknown outcome, aborts and never automatically repeats payment
  ---
  duration_ms: 10.770826
  type: 'test'
  ...
# Subtest: provider error bodies and logger metadata do not leak credentials or private URLs
ok 60 - provider error bodies and logger metadata do not leak credentials or private URLs
  ---
  duration_ms: 0.621987
  type: 'test'
  ...
# Subtest: private files require permission and verified configuration, never local fallback
ok 61 - private files require permission and verified configuration, never local fallback
  ---
  duration_ms: 1.498577
  type: 'test'
  ...
# Subtest: private OSS writes enforce private ACL and no overwrite; scoped URLs expire and calls are checked every time
ok 62 - private OSS writes enforce private ACL and no overwrite; scoped URLs expire and calls are checked every time
  ---
  duration_ms: 1.361179
  type: 'test'
  ...
# Subtest: changing OSS credentials invalidates proof and real SDK signs V4 offline over HTTPS
ok 63 - changing OSS credentials invalidates proof and real SDK signs V4 offline over HTTPS
  ---
  duration_ms: 105.333774
  type: 'test'
  ...
# Subtest: health stays up, readiness reflects actual dependencies, and concurrent request IDs stay separate
ok 64 - health stays up, readiness reflects actual dependencies, and concurrent request IDs stay separate
  ---
  duration_ms: 64.42913
  type: 'test'
  ...
# Subtest: OSS failures never produce a successful or public result; revocation is checked before each read
ok 65 - OSS failures never produce a successful or public result; revocation is checked before each read
  ---
  duration_ms: 1.190582
  type: 'test'
  ...
# {"error_code":"PRIVATE_STORAGE_UNAVAILABLE","time":"2026-09-22T03:43:10.333Z","level":"warn","event":"legacy_private_upload_blocked"}
# Subtest: legacy photo upload returns a clear failure and never creates a record when private storage is unavailable
ok 66 - legacy photo upload returns a clear failure and never creates a record when private storage is unavailable
  ---
  duration_ms: 29.29793
  type: 'test'
  ...
# Subtest: real isolated MySQL persists provider status, evidence and concurrent edits
    # Subtest: database readiness requires applied migrations, not just a connection
    ok 1 - database readiness requires applied migrations, not just a connection
      ---
      duration_ms: 281.524748
      type: 'test'
      ...
    # Subtest: recording is denied by default and requires genuine server-side evidence checking
    ok 2 - recording is denied by default and requires genuine server-side evidence checking
      ---
      duration_ms: 7.640123
      type: 'test'
      ...
    # Subtest: configuration is saved but does not authorize real calls
    ok 3 - configuration is saved but does not authorize real calls
      ---
      duration_ms: 11.433643
      type: 'test'
      ...
    # Subtest: verified evidence survives closing and reopening the database connection
    ok 4 - verified evidence survives closing and reopening the database connection
      ---
      duration_ms: 16.169053
      type: 'test'
      ...
    # Subtest: disabling and awaiting approval keep history but block new calls
    ok 5 - disabling and awaiting approval keep history but block new calls
      ---
      duration_ms: 18.696548
      type: 'test'
      ...
    # Subtest: two concurrent updates cannot overwrite each other silently
    ok 6 - two concurrent updates cannot overwrite each other silently
      ---
      duration_ms: 20.032599
      type: 'test'
      ...
    # Subtest: history write failure rolls back both status and version
    ok 7 - history write failure rolls back both status and version
      ---
      duration_ms: 7.302343
      type: 'test'
      ...
    # Subtest: re-enabling requires fresh evidence and preserves earlier verification
    ok 8 - re-enabling requires fresh evidence and preserves earlier verification
      ---
      duration_ms: 18.491008
      type: 'test'
      ...
    # Subtest: capabilities have separate status even for the same provider
    ok 9 - capabilities have separate status even for the same provider
      ---
      duration_ms: 2.936571
      type: 'test'
      ...
    1..9
ok 67 - real isolated MySQL persists provider status, evidence and concurrent edits
  ---
  duration_ms: 536.163349
  type: 'test'
  ...
# {"time":"2026-09-22T03:43:10.630Z","level":"info","event":"migration_applied"}
# {"time":"2026-09-22T03:43:10.636Z","level":"info","event":"migration_applied"}
# {"time":"2026-09-22T03:43:10.638Z","level":"info","event":"migration_applied"}
# {"time":"2026-09-22T03:43:10.639Z","level":"info","event":"migration_applied"}
# {"time":"2026-09-22T03:43:10.646Z","level":"info","event":"migration_applied"}
# {"time":"2026-09-22T03:43:10.648Z","level":"info","event":"migration_applied"}
# {"time":"2026-09-22T03:43:10.648Z","level":"info","event":"db_migrations_applied"}
# {"time":"2026-09-22T03:43:10.655Z","level":"warn","event":"alert:unit_test_event"}
# Subtest: providerStatus 返回六类通道就绪度且不含任何密钥字段
ok 68 - providerStatus 返回六类通道就绪度且不含任何密钥字段
  ---
  duration_ms: 1.146527
  type: 'test'
  ...
# Subtest: alert 未配置 webhook 时只落日志、不外发、不抛错
ok 69 - alert 未配置 webhook 时只落日志、不外发、不抛错
  ---
  duration_ms: 0.477379
  type: 'test'
  ...
# Subtest: Apple IAP 缺共享密钥/缺票据时拒绝，绝不伪造成功
ok 70 - Apple IAP 缺共享密钥/缺票据时拒绝，绝不伪造成功
  ---
  duration_ms: 0.514966
  type: 'test'
  ...
# Subtest: legacy storage permits only explicit public local test files
ok 71 - legacy storage permits only explicit public local test files
  ---
  duration_ms: 10.874151
  type: 'test'
  ...
# Subtest: unknown test suite fails instead of running another module
ok 72 - unknown test suite fails instead of running another module
  ---
  duration_ms: 29.460994
  type: 'test'
  ...
# Subtest: requesting one legacy router does not load payment or unrelated routers
ok 73 - requesting one legacy router does not load payment or unrelated routers
  ---
  duration_ms: 58.440924
  type: 'test'
  ...
# Subtest: Real MySQL durable jobs, outbox and independent worker
    # Subtest: same business intent is idempotent; conflicting intent is rejected, case remains distinct
    ok 1 - same business intent is idempotent; conflicting intent is rejected, case remains distinct
      ---
      duration_ms: 213.632406
      type: 'test'
      ...
    # Subtest: business transaction and outbox both roll back; publish requires explicit transaction
    ok 2 - business transaction and outbox both roll back; publish requires explicit transaction
      ---
      duration_ms: 242.679186
      type: 'test'
      ...
    # Subtest: parallel outbox dispatch atomically creates one durable job per event, repeat is a no-op
    ok 3 - parallel outbox dispatch atomically creates one durable job per event, repeat is a no-op
      ---
      duration_ms: 400.626336
      type: 'test'
      ...
    # Subtest: conflicting outbox intent is visibly blocked and does not replace the original job
    ok 4 - conflicting outbox intent is visibly blocked and does not replace the original job
      ---
      duration_ms: 176.461333
      type: 'test'
      ...
    # Subtest: failure between job insertion and outbox acknowledgement rolls both back and can be replayed
    ok 5 - failure between job insertion and outbox acknowledgement rolls both back and can be replayed
      ---
      duration_ms: 308.420981
      type: 'test'
      ...
    # Subtest: concurrent workers claim one job once while its lease is valid
    ok 6 - concurrent workers claim one job once while its lease is valid
      ---
      duration_ms: 230.058364
      type: 'test'
      ...
    # Subtest: expired lease takeover fences old acknowledgement, heartbeat and provider-task updates
    ok 7 - expired lease takeover fences old acknowledgement, heartbeat and provider-task updates
      ---
      duration_ms: 543.544952
      type: 'test'
      ...
    # Subtest: retry is delayed, capped and manually resumed without erasing attempt history
    ok 8 - retry is delayed, capped and manually resumed without erasing attempt history
      ---
      duration_ms: 168.257053
      type: 'test'
      ...
    # Subtest: crashed job at its attempt limit becomes failed instead of disappearing or retrying forever
    ok 9 - crashed job at its attempt limit becomes failed instead of disappearing or retrying forever
      ---
      duration_ms: 205.615867
      type: 'test'
      ...
    # Subtest: worker renews a long-running handler lease; other worker cannot take it over
    ok 10 - worker renews a long-running handler lease; other worker cannot take it over
      ---
      duration_ms: 1532.248174
      type: 'test'
      ...
    # Subtest: missing handlers and ambiguous handler errors block without fake success or immediate replay
    ok 11 - missing handlers and ambiguous handler errors block without fake success or immediate replay
      ---
      duration_ms: 350.482525
      type: 'test'
      ...
    # Subtest: active worker aborts after lease takeover and cannot overwrite its successor result
    ok 12 - active worker aborts after lease takeover and cannot overwrite its successor result
      ---
      duration_ms: 473.218795
      type: 'test'
      ...
    # Subtest: provider retry without a recovery adapter becomes blocked instead of executing again
    ok 13 - provider retry without a recovery adapter becomes blocked instead of executing again
      ---
      duration_ms: 251.103769
      type: 'test'
      ...
    # Subtest: unknown provider submission is reconciled by stable key, never blindly resubmitted
    ok 14 - unknown provider submission is reconciled by stable key, never blindly resubmitted
      ---
      duration_ms: 149.628617
      type: 'test'
      ...
    # Subtest: separate process crash preserves provider task ID and a new process recovers it
    ok 15 - separate process crash preserves provider task ID and a new process recovers it
      ---
      duration_ms: 352.281583
      type: 'test'
      ...
    # Subtest: graceful stop signals a handler, leaves durable recovery and does not claim the next task
    ok 16 - graceful stop signals a handler, leaves durable recovery and does not claim the next task
      ---
      duration_ms: 132.827583
      type: 'test'
      ...
    1..16
ok 74 - Real MySQL durable jobs, outbox and independent worker
  ---
  duration_ms: 7143.71589
  type: 'test'
  ...
# Subtest: worker CLI fails visibly while domain adapters are not enabled
ok 75 - worker CLI fails visibly while domain adapters are not enabled
  ---
  duration_ms: 88.26914
  type: 'test'
  ...
# Subtest: worker intent requires explicit retry budget and bounded references
ok 76 - worker intent requires explicit retry budget and bounded references
  ---
  duration_ms: 0.525271
  type: 'test'
  ...
# Subtest: stopping during claim never starts the newly acquired handler
ok 77 - stopping during claim never starts the newly acquired handler
  ---
  duration_ms: 4.031269
  type: 'test'
  ...
# Subtest: API and historical scheduler do not bootstrap timers or visual recovery
ok 78 - API and historical scheduler do not bootstrap timers or visual recovery
  ---
  duration_ms: 0.327524
  type: 'test'
  ...
1..78
# tests 130
# suites 0
# pass 129
# fail 0
# cancelled 0
# skipped 1
# todo 0
# duration_ms 9170.447059
