TAP version 13
# Subtest: content module runs without database, login, provider or third-party dependencies
ok 1 - content module runs without database, login, provider or third-party dependencies
  ---
  duration_ms: 54.268
  type: 'test'
  ...
# Subtest: key ordering does not change content identity; wording and array order do
ok 2 - key ordering does not change content identity; wording and array order do
  ---
  duration_ms: 1.0221
  type: 'test'
  ...
# Subtest: JSON roundtrip preserves the hash, including Unicode and numeric-looking keys
ok 3 - JSON roundtrip preserves the hash, including Unicode and numeric-looking keys
  ---
  duration_ms: 0.1977
  type: 'test'
  ...
# Subtest: ambiguous values, accessors and hidden data are rejected without running getters
ok 4 - ambiguous values, accessors and hidden data are rejected without running getters
  ---
  duration_ms: 0.4633
  type: 'test'
  ...
# Subtest: cycles, sparse arrays, invalid Unicode, excessive depth and byte size are rejected
ok 5 - cycles, sparse arrays, invalid Unicode, excessive depth and byte size are rejected
  ---
  duration_ms: 0.9739
  type: 'test'
  ...
# Subtest: special object keys stay data and cannot change prototypes
ok 6 - special object keys stay data and cannot change prototypes
  ---
  duration_ms: 0.1364
  type: 'test'
  ...
# Subtest: rules are deeply detached and frozen; new wording requires new content
ok 7 - rules are deeply detached and frozen; new wording requires new content
  ---
  duration_ms: 1.4165
  type: 'test'
  ...
# Subtest: empty or missing commitments never acquire invented business defaults
ok 8 - empty or missing commitments never acquire invented business defaults
  ---
  duration_ms: 2.0707
  type: 'test'
  ...
# Subtest: draft, review, merely approved, retired and future rules cannot enter new snapshots
ok 9 - draft, review, merely approved, retired and future rules cannot enter new snapshots
  ---
  duration_ms: 1.6454
  type: 'test'
  ...
# Subtest: timestamps must be explicit UTC instants and real calendar dates
ok 10 - timestamps must be explicit UTC instants and real calendar dates
  ---
  duration_ms: 0.6517
  type: 'test'
  ...
# Subtest: later rule changes and retirement do not rewrite historical commitments
ok 11 - later rule changes and retirement do not rewrite historical commitments
  ---
  duration_ms: 0.6192
  type: 'test'
  ...
# Subtest: duplicate parties or conflicting versions of the same rule are rejected
ok 12 - duplicate parties or conflicting versions of the same rule are rejected
  ---
  duration_ms: 1.7324
  type: 'test'
  ...
# Subtest: tampered promises, participants or nested rule content are detected after storage roundtrip
ok 13 - tampered promises, participants or nested rule content are detected after storage roundtrip
  ---
  duration_ms: 0.9592
  type: 'test'
  ...
# Subtest: sealing never grants signed, paid or effective-license status
ok 14 - sealing never grants signed, paid or effective-license status
  ---
  duration_ms: 0.5832
  type: 'test'
  ...
# Subtest: unknown formats are rejected, instead of being silently reinterpreted
ok 15 - unknown formats are rejected, instead of being silently reinterpreted
  ---
  duration_ms: 0.6888
  type: 'test'
  ...
# Subtest: isolated MySQL preserves rule history, private snapshots and atomic records
    # Subtest: upgrading the authentication schema preserves records and applies governance migrations once
    ok 1 - upgrading the authentication schema preserves records and applies governance migrations once
      ---
      duration_ms: 790.5539
      type: 'test'
      ...
    # Subtest: authentication and privileged operations deny by default, not by caller role fields
    ok 2 - authentication and privileged operations deny by default, not by caller role fields
      ---
      duration_ms: 9.9686
      type: 'test'
      ...
    # Subtest: concurrent retries create one rule and one audit, while changed content conflicts
    ok 3 - concurrent retries create one rule and one audit, while changed content conflicts
      ---
      duration_ms: 31.5167
      type: 'test'
      ...
    # Subtest: review steps cannot be skipped; concurrent transitions enforce the original version
    ok 4 - review steps cannot be skipped; concurrent transitions enforce the original version
      ---
      duration_ms: 15.4116
      type: 'test'
      ...
    # Subtest: future rules stay unusable, without scheduled or automatic approval
    ok 5 - future rules stay unusable, without scheduled or automatic approval
      ---
      duration_ms: 19.0381
      type: 'test'
      ...
    # Subtest: snapshot creation requires a trusted source; caller cannot supply party or promise fields
    ok 6 - snapshot creation requires a trusted source; caller cannot supply party or promise fields
      ---
      duration_ms: 2.2875
      type: 'test'
      ...
    # Subtest: same source under concurrent different keys creates one snapshot and one audit
    ok 7 - same source under concurrent different keys creates one snapshot and one audit
      ---
      duration_ms: 24.3767
      type: 'test'
      ...
    # Subtest: later terms and retirement do not replace the frozen source, including retry with a new key
    ok 8 - later terms and retirement do not replace the frozen source, including retry with a new key
      ---
      duration_ms: 24.9293
      type: 'test'
      ...
    # Subtest: organization membership alone grants no contract reading rights
    ok 9 - organization membership alone grants no contract reading rights
      ---
      duration_ms: 61.9548
      type: 'test'
      ...
    # Subtest: retirement racing with sealing produces either old immutable content or a rejection
    ok 10 - retirement racing with sealing produces either old immutable content or a rejection
      ---
      duration_ms: 29.7229
      type: 'test'
      ...
    # Subtest: replayed results do not bypass removed reader grants or suspended accounts
    ok 11 - replayed results do not bypass removed reader grants or suspended accounts
      ---
      duration_ms: 24.5031
      type: 'test'
      ...
    # Subtest: audit failure rolls back the snapshot, reader grants and idempotency result
    ok 12 - audit failure rolls back the snapshot, reader grants and idempotency result
      ---
      duration_ms: 22.194
      type: 'test'
      ...
    # Subtest: rule creation and transitions also roll back when their audit cannot be saved
    ok 13 - rule creation and transitions also roll back when their audit cannot be saved
      ---
      duration_ms: 14.2907
      type: 'test'
      ...
    # Subtest: stored content changes are detected, rather than silently trusted on read
    ok 14 - stored content changes are detected, rather than silently trusted on read
      ---
      duration_ms: 20.5305
      type: 'test'
      ...
    # Subtest: real HTTP requires a valid session and explicit contract grant in the acting party
    ok 15 - real HTTP requires a valid session and explicit contract grant in the acting party
      ---
      duration_ms: 62.1956
      type: 'test'
      ...
    # Subtest: HTTP rule reads use the historical snapshot and cannot expose unrelated rule versions
    ok 16 - HTTP rule reads use the historical snapshot and cannot expose unrelated rule versions
      ---
      duration_ms: 43.8421
      type: 'test'
      ...
    # Subtest: HTTP never exposes mutation, approval or fabricated file metadata routes
    ok 17 - HTTP never exposes mutation, approval or fabricated file metadata routes
      ---
      duration_ms: 27.6078
      type: 'test'
      ...
    # Subtest: HTTP rechecks membership and grants, and masks stored corruption without leaking content
    ok 18 - HTTP rechecks membership and grants, and masks stored corruption without leaking content
      ---
      duration_ms: 29.7974
      type: 'test'
      ...
    # Subtest: HTTP rejects revoked and expired sessions and inactive accounts on each read
    ok 19 - HTTP rejects revoked and expired sessions and inactive accounts on each read
      ---
      duration_ms: 31.3466
      type: 'test'
      ...
    # Subtest: a fresh connection reads saved content and empty database creation applies the same plan
    ok 20 - a fresh connection reads saved content and empty database creation applies the same plan
      ---
      duration_ms: 807.79
      type: 'test'
      ...
    # Subtest: persisted explicit permission enables only its named operation and survives new composition
    ok 21 - persisted explicit permission enables only its named operation and survives new composition
      ---
      duration_ms: 17.6659
      type: 'test'
      ...
    # Subtest: revoked permission rejects a formerly successful idempotent request
    ok 22 - revoked permission rejects a formerly successful idempotent request
      ---
      duration_ms: 12.1367
      type: 'test'
      ...
    # Subtest: expiration and account suspension are evaluated on every privileged operation
    ok 23 - expiration and account suspension are evaluated on every privileged operation
      ---
      duration_ms: 17.3799
      type: 'test'
      ...
    # Subtest: concurrent maintenance rejects stale versions and retains both historical states
    ok 24 - concurrent maintenance rejects stale versions and retains both historical states
      ---
      duration_ms: 8.8347
      type: 'test'
      ...
    # Subtest: grant and history commit atomically; maintenance cannot silently omit evidence fields
    ok 25 - grant and history commit atomically; maintenance cannot silently omit evidence fields
      ---
      duration_ms: 9.9829
      type: 'test'
      ...
    # Subtest: maintenance CLI previews without a database and writes only with explicit apply
    ok 26 - maintenance CLI previews without a database and writes only with explicit apply
      ---
      duration_ms: 26.2165
      type: 'test'
      ...
    1..26
ok 16 - isolated MySQL preserves rule history, private snapshots and atomic records
  ---
  duration_ms: 2433.6369
  type: 'test'
  ...
1..16
# tests 42
# suites 0
# pass 42
# fail 0
# cancelled 0
# skipped 0
# todo 0
# duration_ms 5016.0533
