TAP version 13
# {"provider_code":"volcengine","capability_code":"login_sms","error_code":"PROVIDER_NOT_CONFIGURED","time":"2026-09-24T09:18:20.584Z","level":"warn","event":"provider_call_blocked"}
# Subtest: real MySQL and HTTP account lifecycle
    # Subtest: probes work; missing provider evidence and legacy tokens do not grant login
    ok 1 - probes work; missing provider evidence and legacy tokens do not grant login
      ---
      duration_ms: 116.8668
      type: 'test'
      ...
    # Subtest: duplicate SMS requests dispatch once and keep phone/code out of storage and response
    ok 2 - duplicate SMS requests dispatch once and keep phone/code out of storage and response
      ---
      duration_ms: 41.6759
      type: 'test'
      ...
    # Subtest: login consumes once and replays the same protected session even with reordered JSON
    ok 3 - login consumes once and replays the same protected session even with reordered JSON
      ---
      duration_ms: 91.952
      type: 'test'
      ...
    # Subtest: attempt counters commit on failure; expired and superseded codes are rejected
    ok 4 - attempt counters commit on failure; expired and superseded codes are rejected
      ---
      duration_ms: 170.9714
      type: 'test'
      ...
    # Subtest: different concurrent login keys cannot mint two sessions from one code
    ok 5 - different concurrent login keys cannot mint two sessions from one code
      ---
      duration_ms: 38.6735
      type: 'test'
      ...
    # Subtest: untrusted identities, malformed bodies and oversized input fail without exposing secrets
    ok 6 - untrusted identities, malformed bodies and oversized input fail without exposing secrets
      ---
      duration_ms: 45.3212
      type: 'test'
      ...
    # Subtest: provider uncertainty neither reports SENT nor resends an identical request
    ok 7 - provider uncertainty neither reports SENT nor resends an identical request
      ---
      duration_ms: 35.3179
      type: 'test'
      ...
    # Subtest: HTTP invitations require the intended recipient; removal preserves personal identity
    ok 8 - HTTP invitations require the intended recipient; removal preserves personal identity
      ---
      duration_ms: 234.6466
      type: 'test'
      ...
    # Subtest: rename replays original result, rejects stale versions and cursors from another account/resource
    ok 9 - rename replays original result, rejects stale versions and cursors from another account/resource
      ---
      duration_ms: 162.8286
      type: 'test'
      ...
    # Subtest: declining and owner revocation create no membership; unknown caller fields are rejected
    ok 10 - declining and owner revocation create no membership; unknown caller fields are rejected
      ---
      duration_ms: 168.0349
      type: 'test'
      ...
    # Subtest: logout, expiry and account suspension are enforced on subsequent HTTP calls
    ok 11 - logout, expiry and account suspension are enforced on subsequent HTTP calls
      ---
      duration_ms: 80.5207
      type: 'test'
      ...
    # Subtest: rate limits survive a fresh repository and browser origins are explicit
    ok 12 - rate limits survive a fresh repository and browser origins are explicit
      ---
      duration_ms: 29.0521
      type: 'test'
      ...
    # Subtest: audit failure rolls back account, session and consumption; retry works after repair
    ok 13 - audit failure rolls back account, session and consumption; retry works after repair
      ---
      duration_ms: 33.2284
      type: 'test'
      ...
    # Subtest: sessions survive fresh composition and expired secrets can be removed
    ok 14 - sessions survive fresh composition and expired secrets can be removed
      ---
      duration_ms: 32.3572
      type: 'test'
      ...
# {"request_id":"5d9ee08b-5a79-4a31-b6c2-922b532fcd4e","provider_code":"volcengine","capability_code":"login_sms","error_code":"PROVIDER_NOT_CONFIGURED","time":"2026-09-24T09:18:21.794Z","level":"warn","event":"provider_call_blocked"}
    # Subtest: actual server entry starts only with explicit MySQL configuration and leaves SMS disabled
    ok 15 - actual server entry starts only with explicit MySQL configuration and leaves SMS disabled
      ---
      duration_ms: 36.9367
      type: 'test'
      ...
    1..15
ok 1 - real MySQL and HTTP account lifecycle
  ---
  duration_ms: 3035.1615
  type: 'test'
  ...
# {"time":"2026-09-24T09:18:18.630Z","level":"info","event":"migration_applied"}
# {"time":"2026-09-24T09:18:18.635Z","level":"info","event":"migration_applied"}
# {"time":"2026-09-24T09:18:18.642Z","level":"info","event":"migration_applied"}
# {"time":"2026-09-24T09:18:18.644Z","level":"info","event":"migration_applied"}
# {"time":"2026-09-24T09:18:18.658Z","level":"info","event":"migration_applied"}
# {"time":"2026-09-24T09:18:18.661Z","level":"info","event":"migration_applied"}
# {"time":"2026-09-24T09:18:18.661Z","level":"info","event":"db_migrations_applied"}
# {"time":"2026-09-24T09:18:18.734Z","level":"info","event":"ai_deliverable_version"}
# {"time":"2026-09-24T09:18:18.736Z","level":"info","event":"ai_deliverable_version"}
# {"time":"2026-09-24T09:18:18.737Z","level":"info","event":"ai_deliverable_version"}
# {"time":"2026-09-24T09:18:18.738Z","level":"info","event":"ai_regenerate"}
# {"time":"2026-09-24T09:18:18.738Z","level":"info","event":"ai_deliverable_version"}
# {"time":"2026-09-24T09:18:18.886Z","level":"info","event":"ai_deliverable_version"}
# {"time":"2026-09-24T09:18:18.887Z","level":"info","event":"ai_deliverable_review"}
# {"time":"2026-09-24T09:18:18.889Z","level":"info","event":"ai_deliverable_version"}
# Subtest: webhook 验签：错误签名拒绝、缺密钥拒绝
ok 2 - webhook 验签：错误签名拒绝、缺密钥拒绝
  ---
  duration_ms: 3.1986
  type: 'test'
  ...
# Subtest: 合法 webhook 成功推进并幂等：重复回调不重复出版本
ok 3 - 合法 webhook 成功推进并幂等：重复回调不重复出版本
  ---
  duration_ms: 2.1053
  type: 'test'
  ...
# Subtest: 轮询与回调 CAS 互斥：先 finalize 者推进，另一方不重复
ok 4 - 轮询与回调 CAS 互斥：先 finalize 者推进，另一方不重复
  ---
  duration_ms: 1.4888
  type: 'test'
  ...
# Subtest: 重做生成新版本行：parent 关联、版本号递增、不覆盖旧文件
ok 5 - 重做生成新版本行：parent 关联、版本号递增、不覆盖旧文件
  ---
  duration_ms: 2.1997
  type: 'test'
  ...
# Subtest: 审核开关开启：干净内容 pending_review→人工 approve；命中敏感词直接 rejected
ok 6 - 审核开关开启：干净内容 pending_review→人工 approve；命中敏感词直接 rejected
  ---
  duration_ms: 150.4316
  type: 'test'
  ...
# Subtest: auth requires explicit secret and encrypted replay binds to its request
ok 7 - auth requires explicit secret and encrypted replay binds to its request
  ---
  duration_ms: 9.1657
  type: 'test'
  ...
# Subtest: auth security configuration rejects invalid bounds
ok 8 - auth security configuration rejects invalid bounds
  ---
  duration_ms: 0.6735
  type: 'test'
  ...
# Subtest: configured SMS refuses SDK debug logging before any network call
ok 9 - configured SMS refuses SDK debug logging before any network call
  ---
  duration_ms: 7.7285
  type: 'test'
  ...
# Subtest: CI rejects failure, empty output, missing totals and nonzero process exits
ok 10 - CI rejects failure, empty output, missing totals and nonzero process exits
  ---
  duration_ms: 1.6942
  type: 'test'
  ...
# Subtest: CI only permits the named missing legacy snapshot skip, never skipped MySQL suites
ok 11 - CI only permits the named missing legacy snapshot skip, never skipped MySQL suites
  ---
  duration_ms: 1.4514
  type: 'test'
  ...
# {"time":"2026-09-24T09:18:18.631Z","level":"info","event":"migration_applied"}
# {"time":"2026-09-24T09:18:18.637Z","level":"info","event":"migration_applied"}
# {"time":"2026-09-24T09:18:18.644Z","level":"info","event":"migration_applied"}
# {"time":"2026-09-24T09:18:18.646Z","level":"info","event":"migration_applied"}
# {"time":"2026-09-24T09:18:18.660Z","level":"info","event":"migration_applied"}
# {"time":"2026-09-24T09:18:18.663Z","level":"info","event":"migration_applied"}
# {"time":"2026-09-24T09:18:18.664Z","level":"info","event":"db_migrations_applied"}
# {"time":"2026-09-24T09:18:18.685Z","level":"info","event":"refund_success"}
# {"time":"2026-09-24T09:18:18.688Z","level":"info","event":"refund_success"}
# {"time":"2026-09-24T09:18:18.691Z","level":"info","event":"refund_success"}
# {"time":"2026-09-24T09:18:18.694Z","level":"info","event":"refund_success"}
# {"time":"2026-09-24T09:18:18.697Z","level":"info","event":"reconciliation_done"}
# Subtest: 成功（无退款）：四账守恒、reconcile 无该单差异
ok 12 - 成功（无退款）：四账守恒、reconcile 无该单差异
  ---
  duration_ms: 5.14
  type: 'test'
  ...
# Subtest: 全额退款：kind=full、支付单 refunded、账仍平
ok 13 - 全额退款：kind=full、支付单 refunded、账仍平
  ---
  duration_ms: 3.4738
  type: 'test'
  ...
# Subtest: 部分退两次到全退：partial→refunded，超额被拒，账平
ok 14 - 部分退两次到全退：partial→refunded，超额被拒，账平
  ---
  duration_ms: 5.5536
  type: 'test'
  ...
# Subtest: 重复回调/重复请求幂等：同 idemKey 不重复出款
ok 15 - 重复回调/重复请求幂等：同 idemKey 不重复出款
  ---
  duration_ms: 1.4496
  type: 'test'
  ...
# Subtest: 默认旧退款服务不可用：不建退款单、不改支付记录、绝不假退
ok 16 - 默认旧退款服务不可用：不建退款单、不改支付记录、绝不假退
  ---
  duration_ms: 1.5691
  type: 'test'
  ...
# Subtest: runAndReport 落表：balanced 状态与汇总写入 reconciliation_runs
ok 17 - runAndReport 落表：balanced 状态与汇总写入 reconciliation_runs
  ---
  duration_ms: 2.0688
  type: 'test'
  ...
# Subtest: 对账能抓出坏账：费用结构错配 + 已支付状态却无支付流水
ok 18 - 对账能抓出坏账：费用结构错配 + 已支付状态却无支付流水
  ---
  duration_ms: 2.0162
  type: 'test'
  ...
# Subtest: content module runs without database, login, provider or third-party dependencies
ok 19 - content module runs without database, login, provider or third-party dependencies
  ---
  duration_ms: 103.0251
  type: 'test'
  ...
# Subtest: key ordering does not change content identity; wording and array order do
ok 20 - key ordering does not change content identity; wording and array order do
  ---
  duration_ms: 1.7637
  type: 'test'
  ...
# Subtest: JSON roundtrip preserves the hash, including Unicode and numeric-looking keys
ok 21 - JSON roundtrip preserves the hash, including Unicode and numeric-looking keys
  ---
  duration_ms: 0.3927
  type: 'test'
  ...
# Subtest: ambiguous values, accessors and hidden data are rejected without running getters
ok 22 - ambiguous values, accessors and hidden data are rejected without running getters
  ---
  duration_ms: 0.7867
  type: 'test'
  ...
# Subtest: cycles, sparse arrays, invalid Unicode, excessive depth and byte size are rejected
ok 23 - cycles, sparse arrays, invalid Unicode, excessive depth and byte size are rejected
  ---
  duration_ms: 2.0719
  type: 'test'
  ...
# Subtest: special object keys stay data and cannot change prototypes
ok 24 - special object keys stay data and cannot change prototypes
  ---
  duration_ms: 0.2796
  type: 'test'
  ...
# Subtest: rules are deeply detached and frozen; new wording requires new content
ok 25 - rules are deeply detached and frozen; new wording requires new content
  ---
  duration_ms: 2.647
  type: 'test'
  ...
# Subtest: empty or missing commitments never acquire invented business defaults
ok 26 - empty or missing commitments never acquire invented business defaults
  ---
  duration_ms: 3.5674
  type: 'test'
  ...
# Subtest: draft, review, merely approved, retired and future rules cannot enter new snapshots
ok 27 - draft, review, merely approved, retired and future rules cannot enter new snapshots
  ---
  duration_ms: 3.438
  type: 'test'
  ...
# Subtest: timestamps must be explicit UTC instants and real calendar dates
ok 28 - timestamps must be explicit UTC instants and real calendar dates
  ---
  duration_ms: 1.281
  type: 'test'
  ...
# Subtest: later rule changes and retirement do not rewrite historical commitments
ok 29 - later rule changes and retirement do not rewrite historical commitments
  ---
  duration_ms: 1.2745
  type: 'test'
  ...
# Subtest: duplicate parties or conflicting versions of the same rule are rejected
ok 30 - duplicate parties or conflicting versions of the same rule are rejected
  ---
  duration_ms: 2.401
  type: 'test'
  ...
# Subtest: tampered promises, participants or nested rule content are detected after storage roundtrip
ok 31 - tampered promises, participants or nested rule content are detected after storage roundtrip
  ---
  duration_ms: 1.6709
  type: 'test'
  ...
# Subtest: sealing never grants signed, paid or effective-license status
ok 32 - sealing never grants signed, paid or effective-license status
  ---
  duration_ms: 1.1776
  type: 'test'
  ...
# Subtest: unknown formats are rejected, instead of being silently reinterpreted
ok 33 - unknown formats are rejected, instead of being silently reinterpreted
  ---
  duration_ms: 1.5218
  type: 'test'
  ...
# Subtest: isolated MySQL preserves rule history, private snapshots and atomic records
    # Subtest: upgrading the authentication schema preserves records and applies governance migrations once
    ok 1 - upgrading the authentication schema preserves records and applies governance migrations once
      ---
      duration_ms: 1527.0189
      type: 'test'
      ...
    # Subtest: authentication and privileged operations deny by default, not by caller role fields
    ok 2 - authentication and privileged operations deny by default, not by caller role fields
      ---
      duration_ms: 14.7539
      type: 'test'
      ...
    # Subtest: concurrent retries create one rule and one audit, while changed content conflicts
    ok 3 - concurrent retries create one rule and one audit, while changed content conflicts
      ---
      duration_ms: 25.0587
      type: 'test'
      ...
    # Subtest: review steps cannot be skipped; concurrent transitions enforce the original version
    ok 4 - review steps cannot be skipped; concurrent transitions enforce the original version
      ---
      duration_ms: 31.3034
      type: 'test'
      ...
    # Subtest: future rules stay unusable, without scheduled or automatic approval
    ok 5 - future rules stay unusable, without scheduled or automatic approval
      ---
      duration_ms: 31.4721
      type: 'test'
      ...
    # Subtest: snapshot creation requires a trusted source; caller cannot supply party or promise fields
    ok 6 - snapshot creation requires a trusted source; caller cannot supply party or promise fields
      ---
      duration_ms: 10.9934
      type: 'test'
      ...
    # Subtest: same source under concurrent different keys creates one snapshot and one audit
    ok 7 - same source under concurrent different keys creates one snapshot and one audit
      ---
      duration_ms: 42.4736
      type: 'test'
      ...
    # Subtest: later terms and retirement do not replace the frozen source, including retry with a new key
    ok 8 - later terms and retirement do not replace the frozen source, including retry with a new key
      ---
      duration_ms: 44.8675
      type: 'test'
      ...
    # Subtest: organization membership alone grants no contract reading rights
    ok 9 - organization membership alone grants no contract reading rights
      ---
      duration_ms: 67.6258
      type: 'test'
      ...
    # Subtest: retirement racing with sealing produces either old immutable content or a rejection
    ok 10 - retirement racing with sealing produces either old immutable content or a rejection
      ---
      duration_ms: 33.084
      type: 'test'
      ...
    # Subtest: replayed results do not bypass removed reader grants or suspended accounts
    ok 11 - replayed results do not bypass removed reader grants or suspended accounts
      ---
      duration_ms: 39.6111
      type: 'test'
      ...
    # Subtest: audit failure rolls back the snapshot, reader grants and idempotency result
    ok 12 - audit failure rolls back the snapshot, reader grants and idempotency result
      ---
      duration_ms: 32.7683
      type: 'test'
      ...
    # Subtest: rule creation and transitions also roll back when their audit cannot be saved
    ok 13 - rule creation and transitions also roll back when their audit cannot be saved
      ---
      duration_ms: 20.3604
      type: 'test'
      ...
    # Subtest: stored content changes are detected, rather than silently trusted on read
    ok 14 - stored content changes are detected, rather than silently trusted on read
      ---
      duration_ms: 33.1284
      type: 'test'
      ...
    # Subtest: real HTTP requires a valid session and explicit contract grant in the acting party
    ok 15 - real HTTP requires a valid session and explicit contract grant in the acting party
      ---
      duration_ms: 99.6368
      type: 'test'
      ...
    # Subtest: HTTP rule reads use the historical snapshot and cannot expose unrelated rule versions
    ok 16 - HTTP rule reads use the historical snapshot and cannot expose unrelated rule versions
      ---
      duration_ms: 78.1047
      type: 'test'
      ...
    # Subtest: HTTP never exposes mutation, approval or fabricated file metadata routes
    ok 17 - HTTP never exposes mutation, approval or fabricated file metadata routes
      ---
      duration_ms: 73.9893
      type: 'test'
      ...
    # Subtest: HTTP rechecks membership and grants, and masks stored corruption without leaking content
    ok 18 - HTTP rechecks membership and grants, and masks stored corruption without leaking content
      ---
      duration_ms: 56.6571
      type: 'test'
      ...
    # Subtest: HTTP rejects revoked and expired sessions and inactive accounts on each read
    ok 19 - HTTP rejects revoked and expired sessions and inactive accounts on each read
      ---
      duration_ms: 66.1068
      type: 'test'
      ...
    # Subtest: a fresh connection reads saved content and empty database creation applies the same plan
    ok 20 - a fresh connection reads saved content and empty database creation applies the same plan
      ---
      duration_ms: 1126.8197
      type: 'test'
      ...
    # Subtest: persisted explicit permission enables only its named operation and survives new composition
    ok 21 - persisted explicit permission enables only its named operation and survives new composition
      ---
      duration_ms: 20.5654
      type: 'test'
      ...
    # Subtest: revoked permission rejects a formerly successful idempotent request
    ok 22 - revoked permission rejects a formerly successful idempotent request
      ---
      duration_ms: 13.4975
      type: 'test'
      ...
    # Subtest: expiration and account suspension are evaluated on every privileged operation
    ok 23 - expiration and account suspension are evaluated on every privileged operation
      ---
      duration_ms: 18.2027
      type: 'test'
      ...
    # Subtest: concurrent maintenance rejects stale versions and retains both historical states
    ok 24 - concurrent maintenance rejects stale versions and retains both historical states
      ---
      duration_ms: 8.9698
      type: 'test'
      ...
    # Subtest: grant and history commit atomically; maintenance cannot silently omit evidence fields
    ok 25 - grant and history commit atomically; maintenance cannot silently omit evidence fields
      ---
      duration_ms: 9.8068
      type: 'test'
      ...
    # Subtest: maintenance CLI previews without a database and writes only with explicit apply
    ok 26 - maintenance CLI previews without a database and writes only with explicit apply
      ---
      duration_ms: 30.0888
      type: 'test'
      ...
    1..26
ok 34 - isolated MySQL preserves rule history, private snapshots and atomic records
  ---
  duration_ms: 3868.8066
  type: 'test'
  ...
# Subtest: field encryption requires exactly 32 UTF8 bytes without default or truncation
ok 35 - field encryption requires exactly 32 UTF8 bytes without default or truncation
  ---
  duration_ms: 1.7067
  type: 'test'
  ...
# Subtest: field encryption reads legacy AES-GCM format, uses fresh IVs, and round trips Unicode
ok 36 - field encryption reads legacy AES-GCM format, uses fresh IVs, and round trips Unicode
  ---
  duration_ms: 2.0424
  type: 'test'
  ...
# Subtest: wrong key or damaged ciphertext is an explicit sanitized error, never an empty identity
ok 37 - wrong key or damaged ciphertext is an explicit sanitized error, never an empty identity
  ---
  duration_ms: 1.2837
  type: 'test'
  ...
# Subtest: sample library query works with nullable video links and keeps old data
ok 38 - sample library query works with nullable video links and keeps old data
  ---
  duration_ms: 156.6399
  type: 'test'
  ...
# Subtest: script submission records only metadata digest and never claims external evidence
ok 39 - script submission records only metadata digest and never claims external evidence
  ---
  duration_ms: 103.1287
  type: 'test'
  ...
# Subtest: watermark placeholders cannot fabricate success with any configured provider
ok 40 - watermark placeholders cannot fabricate success with any configured provider
  ---
  duration_ms: 0.988
  type: 'test'
  ...
# Subtest: all three delivery routes reject before changing orders or contacting providers
ok 41 - all three delivery routes reject before changing orders or contacting providers
  ---
  duration_ms: 80.351
  type: 'test'
  ...
# Subtest: application startup rejects missing production and malformed supplied keys before database access
ok 42 - application startup rejects missing production and malformed supplied keys before database access
  ---
  duration_ms: 1781.6373
  type: 'test'
  ...
# Subtest: agency cannot bind an artist or overwrite their identity even by claiming consent
ok 43 - agency cannot bind an artist or overwrite their identity even by claiming consent
  ---
  duration_ms: 171.5538
  type: 'test'
  ...
# Subtest: removing unrelated or historical members cannot overwrite any identity or delete history
ok 44 - removing unrelated or historical members cannot overwrite any identity or delete history
  ---
  duration_ms: 72.6303
  type: 'test'
  ...
# Subtest: agency application only records pending materials and preserves personal identity
ok 45 - agency application only records pending materials and preserves personal identity
  ---
  duration_ms: 49.6863
  type: 'test'
  ...
# Subtest: historical relationships grant no access to artist income, lists or exports
ok 46 - historical relationships grant no access to artist income, lists or exports
  ---
  duration_ms: 80.9766
  type: 'test'
  ...
# Subtest: batch payout and fan analytics cannot fabricate submission or statistics
ok 47 - batch payout and fan analytics cannot fabricate submission or statistics
  ---
  duration_ms: 109.0073
  type: 'test'
  ...
# Subtest: old delivered flags cannot settle money or pay MCN commission through HTTP or internal caller
ok 48 - old delivered flags cannot settle money or pay MCN commission through HTTP or internal caller
  ---
  duration_ms: 86.2715
  type: 'test'
  ...
# Subtest: sample payment buttons cannot mark either installment paid
ok 49 - sample payment buttons cannot mark either installment paid
  ---
  duration_ms: 217.4543
  type: 'test'
  ...
# Subtest: unavailable identity verification cannot autoapprove or collect identity documents
ok 50 - unavailable identity verification cannot autoapprove or collect identity documents
  ---
  duration_ms: 59.5069
  type: 'test'
  ...
# Subtest: old transaction status is visible only to the owner of its matching business order
ok 51 - old transaction status is visible only to the owner of its matching business order
  ---
  duration_ms: 60.2546
  type: 'test'
  ...
# Subtest: transaction ownership covers every old order type, collisions, unknown types and orphan records
ok 52 - transaction ownership covers every old order type, collisions, unknown types and orphan records
  ---
  duration_ms: 110.2402
  type: 'test'
  ...
# Subtest: Alipay status returns only owned rows and never queries or advances a payment during a read
ok 53 - Alipay status returns only owned rows and never queries or advances a payment during a read
  ---
  duration_ms: 73.0066
  type: 'test'
  ...
# Subtest: legacy writes, callbacks and Apple receipts are disabled even with configured test providers
ok 54 - legacy writes, callbacks and Apple receipts are disabled even with configured test providers
  ---
  duration_ms: 72.0877
  type: 'test'
  ...
# Subtest: old approved identities stay unchanged but are not exposed as verified or accepted by dependent actions
ok 55 - old approved identities stay unchanged but are not exposed as verified or accepted by dependent actions
  ---
  duration_ms: 100.7041
  type: 'test'
  ...
# Subtest: company submissions remain pending and rejected history is not promoted to verified
ok 56 - company submissions remain pending and rejected history is not promoted to verified
  ---
  duration_ms: 52.2318
  type: 'test'
  ...
# Subtest: default finance service cannot create, confirm or refund money in any environment
ok 57 - default finance service cannot create, confirm or refund money in any environment
  ---
  duration_ms: 54.1206
  type: 'test'
  ...
# Subtest: obsolete scripts that expected demo success are stopped before loading services
ok 58 - obsolete scripts that expected demo success are stopped before loading services
  ---
  duration_ms: 315.744
  type: 'test'
  ...
# Subtest: 场景1 全新库：一次迁移到最新，版本齐全、新增工程表存在
ok 59 - 场景1 全新库：一次迁移到最新，版本齐全、新增工程表存在
  ---
  duration_ms: 82.8997
  type: 'test'
  ...
# Subtest: 场景2 旧库升级：缺列老库经迁移补齐到最新且不重建已有表数据
ok 60 - 场景2 旧库升级：缺列老库经迁移补齐到最新且不重建已有表数据
  ---
  duration_ms: 292.512
  type: 'test'
  ...
# Subtest: 场景3 重复执行幂等：第二次全部跳过、结构与版本不重复
ok 61 - 场景3 重复执行幂等：第二次全部跳过、结构与版本不重复
  ---
  duration_ms: 43.7868
  type: 'test'
  ...
# Subtest: 等价性：001 初始迁移结构 == 改造前生产库（58表/列集合一致）
ok 62 - 等价性：001 初始迁移结构 == 改造前生产库（58表/列集合一致） # SKIP 未提供显式脱敏旧库样本，未执行结构等价比较
  ---
  duration_ms: 0.4569
  type: 'test'
  ...
# Subtest: 006 adds sample URL and classifies no historical digest; existing manually added URL survives
ok 63 - 006 adds sample URL and classifies no historical digest; existing manually added URL survives
  ---
  duration_ms: 63.004
  type: 'test'
  ...
# Subtest: MySQL config is explicit, bounded and never defaults to a database
ok 64 - MySQL config is explicit, bounded and never defaults to a database
  ---
  duration_ms: 2.7634
  type: 'test'
  ...
# Subtest: Production cannot disable TLS, use root or load missing trust material
ok 65 - Production cannot disable TLS, use root or load missing trust material
  ---
  duration_ms: 0.5158
  type: 'test'
  ...
# Subtest: Legacy SQLite is permitted only in local/test; mysql and typo never fall back
ok 66 - Legacy SQLite is permitted only in local/test; mysql and typo never fall back
  ---
  duration_ms: 1.4314
  type: 'test'
  ...
# Subtest: Legacy entry rejects before SQLite is imported or a database is opened
ok 67 - Legacy entry rejects before SQLite is imported or a database is opened
  ---
  duration_ms: 103.5082
  type: 'test'
  ...
# Subtest: test command network guard blocks external TCP before a provider request
ok 68 - test command network guard blocks external TCP before a provider request
  ---
  duration_ms: 1.0502
  type: 'test'
  ...
# Subtest: Real isolated MySQL8 foundation
    # Subtest: status on a fresh database is read-only
    ok 1 - status on a fresh database is read-only
      ---
      duration_ms: 34.6134
      type: 'test'
      ...
    # Subtest: new schema applies once, repeated migration is a no-op
    ok 2 - new schema applies once, repeated migration is a no-op
      ---
      duration_ms: 1392.122
      type: 'test'
      ...
    # Subtest: parameters, UTC, utf8mb4 and BIGINT are preserved
    ok 3 - parameters, UTC, utf8mb4 and BIGINT are preserved
      ---
      duration_ms: 34.1913
      type: 'test'
      ...
    # Subtest: business transaction commits, rolls back and refuses implicit-commit SQL
    ok 4 - business transaction commits, rolls back and refuses implicit-commit SQL
      ---
      duration_ms: 15.7641
      type: 'test'
      ...
    # Subtest: concurrent business updates keep both increments
    ok 5 - concurrent business updates keep both increments
      ---
      duration_ms: 7.3484
      type: 'test'
      ...
    # Subtest: a second migration session cannot acquire the same database lock
    ok 6 - a second migration session cannot acquire the same database lock
      ---
      duration_ms: 22.7564
      type: 'test'
      ...
    # Subtest: historical checksum/name drift and inserted older migration are rejected
    ok 7 - historical checksum/name drift and inserted older migration are rejected
      ---
      duration_ms: 93.8418
      type: 'test'
      ...
    # Subtest: DDL failure keeps earlier commits, blocks silent replay and supports inspected retry
    ok 8 - DDL failure keeps earlier commits, blocks silent replay and supports inspected retry
      ---
      duration_ms: 189.6242
      type: 'test'
      ...
    # Subtest: connection loss preserves APPLYING and refuses unsafe automatic retry
    ok 9 - connection loss preserves APPLYING and refuses unsafe automatic retry
      ---
      duration_ms: 91.1408
      type: 'test'
      ...
    # Subtest: wrong credentials fail without connecting to SQLite
    ok 10 - wrong credentials fail without connecting to SQLite
      ---
      duration_ms: 9.7299
      type: 'test'
      ...
    1..10
ok 69 - Real isolated MySQL8 foundation
  ---
  duration_ms: 2315.2633
  type: 'test'
  ...
# Real MySQL 8.4.11 on loopback:33316; generated jx_test_* databases only
# Subtest: party rules load with built-ins only, without database or provider modules
ok 70 - party rules load with built-ins only, without database or provider modules
  ---
  duration_ms: 124.3647
  type: 'test'
  ...
# Subtest: pending organization owner can manage membership but gains no commercial authority
ok 71 - pending organization owner can manage membership but gains no commercial authority
  ---
  duration_ms: 1.2269
  type: 'test'
  ...
# Subtest: inactive membership, missing membership and suspended/closed parties expose no actions
ok 72 - inactive membership, missing membership and suspended/closed parties expose no actions
  ---
  duration_ms: 0.4396
  type: 'test'
  ...
# Subtest: owner-only actions reject ordinary members, personal parties and missing memberships
ok 73 - owner-only actions reject ordinary members, personal parties and missing memberships
  ---
  duration_ms: 0.8665
  type: 'test'
  ...
# Subtest: invitation transition checks version, pending status and numeric expiry in order
ok 74 - invitation transition checks version, pending status and numeric expiry in order
  ---
  duration_ms: 0.6038
  type: 'test'
  ...
# Subtest: input validation refuses injected authority, invalid references and oversized unicode names
ok 75 - input validation refuses injected authority, invalid references and oversized unicode names
  ---
  duration_ms: 0.7639
  type: 'test'
  ...
# Subtest: MySQL party identity, consent, authority and transactional audit
    # Subtest: upgrading from the seven prior migrations preserves data and applies only new tables
    ok 1 - upgrading from the seven prior migrations preserves data and applies only new tables
      ---
      duration_ms: 1492.7703
      type: 'test'
      ...
    # Subtest: default authentication is denied and caller actor/roles cannot be injected
    ok 2 - default authentication is denied and caller actor/roles cannot be injected
      ---
      duration_ms: 33.3505
      type: 'test'
      ...
    # Subtest: same verified subject registers one account and one personal party under concurrency
    ok 3 - same verified subject registers one account and one personal party under concurrency
      ---
      duration_ms: 37.8818
      type: 'test'
      ...
    # Subtest: organization creation is idempotent without overwriting the personal party
    ok 4 - organization creation is idempotent without overwriting the personal party
      ---
      duration_ms: 44.4552
      type: 'test'
      ...
    # Subtest: individual authors and organizations can request multiple capabilities without activating business
    ok 5 - individual authors and organizations can request multiple capabilities without activating business
      ---
      duration_ms: 73.2829
      type: 'test'
      ...
    # Subtest: pending invitation grants no membership and only its intended account can respond
    ok 6 - pending invitation grants no membership and only its intended account can respond
      ---
      duration_ms: 63.3148
      type: 'test'
      ...
    # Subtest: cross-party identifiers and outsider mutation are rejected
    ok 7 - cross-party identifiers and outsider mutation are rejected
      ---
      duration_ms: 37.7823
      type: 'test'
      ...
    # Subtest: concurrent same-key acceptance produces one membership and one audit event
    ok 8 - concurrent same-key acceptance produces one membership and one audit event
      ---
      duration_ms: 48.1639
      type: 'test'
      ...
    # Subtest: concurrent invitations to the same person produce only one pending invitation
    ok 9 - concurrent invitations to the same person produce only one pending invitation
      ---
      duration_ms: 31.2944
      type: 'test'
      ...
    # Subtest: accept and revoke races yield one transition and never create membership after revocation
    ok 10 - accept and revoke races yield one transition and never create membership after revocation
      ---
      duration_ms: 36.2166
      type: 'test'
      ...
    # Subtest: declined, revoked, stale and expired invitations cannot activate membership
    ok 11 - declined, revoked, stale and expired invitations cannot activate membership
      ---
      duration_ms: 130.5859
      type: 'test'
      ...
    # Subtest: suspended accounts and parties cannot mutate or replay successful operations
    ok 12 - suspended accounts and parties cannot mutate or replay successful operations
      ---
      duration_ms: 50.0358
      type: 'test'
      ...
    # Subtest: pending acceptance rechecks the inviter and idempotent replay rechecks the owner
    ok 13 - pending acceptance rechecks the inviter and idempotent replay rechecks the owner
      ---
      duration_ms: 45.2426
      type: 'test'
      ...
    # Subtest: removal preserves identity/history, affects only one organization, and forbids replay after revocation
    ok 14 - removal preserves identity/history, affects only one organization, and forbids replay after revocation
      ---
      duration_ms: 89.3801
      type: 'test'
      ...
    # Subtest: audit failure rolls back invitation, membership and replay result together
    ok 15 - audit failure rolls back invitation, membership and replay result together
      ---
      duration_ms: 57.7497
      type: 'test'
      ...
    # Subtest: input rejects missing versions, unknown fields and invalid or past expiry
    ok 16 - input rejects missing versions, unknown fields and invalid or past expiry
      ---
      duration_ms: 43.7408
      type: 'test'
      ...
    # Subtest: accepted identity and audit survive reconnect without provider calls or a process cache
    ok 17 - accepted identity and audit survive reconnect without provider calls or a process cache
      ---
      duration_ms: 38.944
      type: 'test'
      ...
    1..17
ok 76 - MySQL party identity, consent, authority and transactional audit
  ---
  duration_ms: 2727.7047
  type: 'test'
  ...
# Subtest: all declared provider interfaces fail closed without implementations
ok 77 - all declared provider interfaces fail closed without implementations
  ---
  duration_ms: 6.1964
  type: 'test'
  ...
# Subtest: configuration alone, wrong environment, stale proof and disabled status never call a provider
ok 78 - configuration alone, wrong environment, stale proof and disabled status never call a provider
  ---
  duration_ms: 1.8604
  type: 'test'
  ...
# Subtest: timeout reports unknown outcome, aborts and never automatically repeats payment
ok 79 - timeout reports unknown outcome, aborts and never automatically repeats payment
  ---
  duration_ms: 19.5408
  type: 'test'
  ...
# Subtest: provider error bodies and logger metadata do not leak credentials or private URLs
ok 80 - provider error bodies and logger metadata do not leak credentials or private URLs
  ---
  duration_ms: 1.4429
  type: 'test'
  ...
# Subtest: private files require permission and verified configuration, never local fallback
ok 81 - private files require permission and verified configuration, never local fallback
  ---
  duration_ms: 7.4469
  type: 'test'
  ...
# Subtest: private OSS writes enforce private ACL and no overwrite; scoped URLs expire and calls are checked every time
ok 82 - private OSS writes enforce private ACL and no overwrite; scoped URLs expire and calls are checked every time
  ---
  duration_ms: 2.2135
  type: 'test'
  ...
# Subtest: changing OSS credentials invalidates proof and real SDK signs V4 offline over HTTPS
ok 83 - changing OSS credentials invalidates proof and real SDK signs V4 offline over HTTPS
  ---
  duration_ms: 477.6146
  type: 'test'
  ...
# Subtest: health stays up, readiness reflects actual dependencies, and concurrent request IDs stay separate
ok 84 - health stays up, readiness reflects actual dependencies, and concurrent request IDs stay separate
  ---
  duration_ms: 91.9294
  type: 'test'
  ...
# Subtest: OSS failures never produce a successful or public result; revocation is checked before each read
ok 85 - OSS failures never produce a successful or public result; revocation is checked before each read
  ---
  duration_ms: 1.8565
  type: 'test'
  ...
# {"error_code":"PRIVATE_STORAGE_UNAVAILABLE","time":"2026-09-24T09:18:19.885Z","level":"warn","event":"legacy_private_upload_blocked"}
# Subtest: legacy photo upload returns a clear failure and never creates a record when private storage is unavailable
ok 86 - legacy photo upload returns a clear failure and never creates a record when private storage is unavailable
  ---
  duration_ms: 85.4675
  type: 'test'
  ...
# Subtest: real isolated MySQL persists provider status, evidence and concurrent edits
    # Subtest: database readiness requires applied migrations, not just a connection
    ok 1 - database readiness requires applied migrations, not just a connection
      ---
      duration_ms: 1278.7535
      type: 'test'
      ...
    # Subtest: recording is denied by default and requires genuine server-side evidence checking
    ok 2 - recording is denied by default and requires genuine server-side evidence checking
      ---
      duration_ms: 6.3379
      type: 'test'
      ...
    # Subtest: configuration is saved but does not authorize real calls
    ok 3 - configuration is saved but does not authorize real calls
      ---
      duration_ms: 11.3953
      type: 'test'
      ...
    # Subtest: verified evidence survives closing and reopening the database connection
    ok 4 - verified evidence survives closing and reopening the database connection
      ---
      duration_ms: 18.2069
      type: 'test'
      ...
    # Subtest: disabling and awaiting approval keep history but block new calls
    ok 5 - disabling and awaiting approval keep history but block new calls
      ---
      duration_ms: 17.4572
      type: 'test'
      ...
    # Subtest: two concurrent updates cannot overwrite each other silently
    ok 6 - two concurrent updates cannot overwrite each other silently
      ---
      duration_ms: 10.4298
      type: 'test'
      ...
    # Subtest: history write failure rolls back both status and version
    ok 7 - history write failure rolls back both status and version
      ---
      duration_ms: 6.828
      type: 'test'
      ...
    # Subtest: re-enabling requires fresh evidence and preserves earlier verification
    ok 8 - re-enabling requires fresh evidence and preserves earlier verification
      ---
      duration_ms: 6.6618
      type: 'test'
      ...
    # Subtest: capabilities have separate status even for the same provider
    ok 9 - capabilities have separate status even for the same provider
      ---
      duration_ms: 3.083
      type: 'test'
      ...
    1..9
ok 87 - real isolated MySQL persists provider status, evidence and concurrent edits
  ---
  duration_ms: 1740.0953
  type: 'test'
  ...
# {"time":"2026-09-24T09:18:19.499Z","level":"warn","event":"alert:unit_test_event"}
# Subtest: providerStatus 返回六类通道就绪度且不含任何密钥字段
ok 88 - providerStatus 返回六类通道就绪度且不含任何密钥字段
  ---
  duration_ms: 2.6175
  type: 'test'
  ...
# Subtest: alert 未配置 webhook 时只落日志、不外发、不抛错
ok 89 - alert 未配置 webhook 时只落日志、不外发、不抛错
  ---
  duration_ms: 2.615
  type: 'test'
  ...
# Subtest: Apple IAP 缺共享密钥/缺票据时拒绝，绝不伪造成功
ok 90 - Apple IAP 缺共享密钥/缺票据时拒绝，绝不伪造成功
  ---
  duration_ms: 2.6009
  type: 'test'
  ...
# Subtest: legacy storage permits only explicit public local test files
ok 91 - legacy storage permits only explicit public local test files
  ---
  duration_ms: 35.402
  type: 'test'
  ...
# Subtest: unknown test suite fails instead of running another module
ok 92 - unknown test suite fails instead of running another module
  ---
  duration_ms: 88.3184
  type: 'test'
  ...
# Subtest: requesting one legacy router does not load payment or unrelated routers
ok 93 - requesting one legacy router does not load payment or unrelated routers
  ---
  duration_ms: 128.2526
  type: 'test'
  ...
# Subtest: Real MySQL durable jobs, outbox and independent worker
    # Subtest: same business intent is idempotent; conflicting intent is rejected, case remains distinct
    ok 1 - same business intent is idempotent; conflicting intent is rejected, case remains distinct
      ---
      duration_ms: 1244.3772
      type: 'test'
      ...
    # Subtest: business transaction and outbox both roll back; publish requires explicit transaction
    ok 2 - business transaction and outbox both roll back; publish requires explicit transaction
      ---
      duration_ms: 954.7812
      type: 'test'
      ...
    # Subtest: parallel outbox dispatch atomically creates one durable job per event, repeat is a no-op
    ok 3 - parallel outbox dispatch atomically creates one durable job per event, repeat is a no-op
      ---
      duration_ms: 829.7601
      type: 'test'
      ...
    # Subtest: conflicting outbox intent is visibly blocked and does not replace the original job
    ok 4 - conflicting outbox intent is visibly blocked and does not replace the original job
      ---
      duration_ms: 636.8182
      type: 'test'
      ...
    # Subtest: failure between job insertion and outbox acknowledgement rolls both back and can be replayed
    ok 5 - failure between job insertion and outbox acknowledgement rolls both back and can be replayed
      ---
      duration_ms: 656.2188
      type: 'test'
      ...
    # Subtest: concurrent workers claim one job once while its lease is valid
    ok 6 - concurrent workers claim one job once while its lease is valid
      ---
      duration_ms: 618.7398
      type: 'test'
      ...
    # Subtest: expired lease takeover fences old acknowledgement, heartbeat and provider-task updates
    ok 7 - expired lease takeover fences old acknowledgement, heartbeat and provider-task updates
      ---
      duration_ms: 613.1755
      type: 'test'
      ...
    # Subtest: retry is delayed, capped and manually resumed without erasing attempt history
    ok 8 - retry is delayed, capped and manually resumed without erasing attempt history
      ---
      duration_ms: 692.2044
      type: 'test'
      ...
    # Subtest: crashed job at its attempt limit becomes failed instead of disappearing or retrying forever
    ok 9 - crashed job at its attempt limit becomes failed instead of disappearing or retrying forever
      ---
      duration_ms: 597.6304
      type: 'test'
      ...
    # Subtest: worker renews a long-running handler lease; other worker cannot take it over
    ok 10 - worker renews a long-running handler lease; other worker cannot take it over
      ---
      duration_ms: 1930.8714
      type: 'test'
      ...
    # Subtest: missing handlers and ambiguous handler errors block without fake success or immediate replay
    ok 11 - missing handlers and ambiguous handler errors block without fake success or immediate replay
      ---
      duration_ms: 577.8894
      type: 'test'
      ...
    # Subtest: active worker aborts after lease takeover and cannot overwrite its successor result
    ok 12 - active worker aborts after lease takeover and cannot overwrite its successor result
      ---
      duration_ms: 839.7941
      type: 'test'
      ...
    # Subtest: provider retry without a recovery adapter becomes blocked instead of executing again
    ok 13 - provider retry without a recovery adapter becomes blocked instead of executing again
      ---
      duration_ms: 657.6171
      type: 'test'
      ...
    # Subtest: unknown provider submission is reconciled by stable key, never blindly resubmitted
    ok 14 - unknown provider submission is reconciled by stable key, never blindly resubmitted
      ---
      duration_ms: 564.532
      type: 'test'
      ...
    # Subtest: separate process crash preserves provider task ID and a new process recovers it
    ok 15 - separate process crash preserves provider task ID and a new process recovers it
      ---
      duration_ms: 897.7714
      type: 'test'
      ...
    # Subtest: graceful stop signals a handler, leaves durable recovery and does not claim the next task
    ok 16 - graceful stop signals a handler, leaves durable recovery and does not claim the next task
      ---
      duration_ms: 621.1413
      type: 'test'
      ...
    1..16
ok 94 - Real MySQL durable jobs, outbox and independent worker
  ---
  duration_ms: 15612.3905
  type: 'test'
  ...
# Subtest: worker CLI fails visibly while domain adapters are not enabled
ok 95 - worker CLI fails visibly while domain adapters are not enabled
  ---
  duration_ms: 260.552
  type: 'test'
  ...
# Subtest: worker intent requires explicit retry budget and bounded references
ok 96 - worker intent requires explicit retry budget and bounded references
  ---
  duration_ms: 0.7717
  type: 'test'
  ...
# Subtest: stopping during claim never starts the newly acquired handler
ok 97 - stopping during claim never starts the newly acquired handler
  ---
  duration_ms: 5.4398
  type: 'test'
  ...
# Subtest: API and historical scheduler do not bootstrap timers or visual recovery
ok 98 - API and historical scheduler do not bootstrap timers or visual recovery
  ---
  duration_ms: 1.2365
  type: 'test'
  ...
1..98
# tests 191
# suites 0
# pass 190
# fail 0
# cancelled 0
# skipped 1
# todo 0
# duration_ms 16972.6674
