TAP version 13
# {"time":"2026-09-21T09:55:50.931Z","level":"info","event":"migration_applied"}
# {"time":"2026-09-21T09:55:50.935Z","level":"info","event":"migration_applied"}
# {"time":"2026-09-21T09:55:50.937Z","level":"info","event":"migration_applied"}
# {"time":"2026-09-21T09:55:50.938Z","level":"info","event":"migration_applied"}
# {"time":"2026-09-21T09:55:50.945Z","level":"info","event":"migration_applied"}
# {"time":"2026-09-21T09:55:50.945Z","level":"info","event":"db_migrations_applied"}
# {"time":"2026-09-21T09:55:50.958Z","level":"info","event":"ai_deliverable_version"}
# {"time":"2026-09-21T09:55:50.960Z","level":"info","event":"ai_deliverable_version"}
# {"time":"2026-09-21T09:55:50.961Z","level":"info","event":"ai_deliverable_version"}
# {"time":"2026-09-21T09:55:50.962Z","level":"info","event":"ai_regenerate"}
# {"time":"2026-09-21T09:55:50.962Z","level":"info","event":"ai_deliverable_version"}
# {"time":"2026-09-21T09:55:50.966Z","level":"info","event":"ai_deliverable_version"}
# {"time":"2026-09-21T09:55:50.967Z","level":"info","event":"ai_deliverable_review"}
# {"time":"2026-09-21T09:55:50.968Z","level":"info","event":"ai_deliverable_version"}
# Subtest: webhook 验签：错误签名拒绝、缺密钥拒绝
ok 1 - webhook 验签：错误签名拒绝、缺密钥拒绝
  ---
  duration_ms: 2.381777
  type: 'test'
  ...
# Subtest: 合法 webhook 成功推进并幂等：重复回调不重复出版本
ok 2 - 合法 webhook 成功推进并幂等：重复回调不重复出版本
  ---
  duration_ms: 1.82201
  type: 'test'
  ...
# Subtest: 轮询与回调 CAS 互斥：先 finalize 者推进，另一方不重复
ok 3 - 轮询与回调 CAS 互斥：先 finalize 者推进，另一方不重复
  ---
  duration_ms: 1.033735
  type: 'test'
  ...
# Subtest: 重做生成新版本行：parent 关联、版本号递增、不覆盖旧文件
ok 4 - 重做生成新版本行：parent 关联、版本号递增、不覆盖旧文件
  ---
  duration_ms: 2.255341
  type: 'test'
  ...
# Subtest: 审核开关开启：干净内容 pending_review→人工 approve；命中敏感词直接 rejected
ok 5 - 审核开关开启：干净内容 pending_review→人工 approve；命中敏感词直接 rejected
  ---
  duration_ms: 5.031046
  type: 'test'
  ...
# Subtest: CI rejects failure, empty output, missing totals and nonzero process exits
ok 6 - CI rejects failure, empty output, missing totals and nonzero process exits
  ---
  duration_ms: 1.357611
  type: 'test'
  ...
# Subtest: CI only permits the named missing legacy snapshot skip, never skipped MySQL suites
ok 7 - CI only permits the named missing legacy snapshot skip, never skipped MySQL suites
  ---
  duration_ms: 0.428112
  type: 'test'
  ...
# {"time":"2026-09-21T09:55:50.948Z","level":"info","event":"migration_applied"}
# {"time":"2026-09-21T09:55:50.953Z","level":"info","event":"migration_applied"}
# {"time":"2026-09-21T09:55:50.957Z","level":"info","event":"migration_applied"}
# {"time":"2026-09-21T09:55:50.958Z","level":"info","event":"migration_applied"}
# {"time":"2026-09-21T09:55:50.971Z","level":"info","event":"migration_applied"}
# {"time":"2026-09-21T09:55:50.971Z","level":"info","event":"db_migrations_applied"}
# {"time":"2026-09-21T09:55:50.983Z","level":"info","event":"refund_success"}
# {"time":"2026-09-21T09:55:50.984Z","level":"info","event":"refund_success"}
# {"time":"2026-09-21T09:55:50.985Z","level":"info","event":"refund_success"}
# {"time":"2026-09-21T09:55:50.987Z","level":"info","event":"refund_success"}
# {"time":"2026-09-21T09:55:50.989Z","level":"error","event":"alert:payment_refund_failed"}
# {"time":"2026-09-21T09:55:50.991Z","level":"info","event":"reconciliation_done"}
# Subtest: 成功（无退款）：四账守恒、reconcile 无该单差异
ok 8 - 成功（无退款）：四账守恒、reconcile 无该单差异
  ---
  duration_ms: 2.438824
  type: 'test'
  ...
# Subtest: 全额退款：kind=full、支付单 refunded、账仍平
ok 9 - 全额退款：kind=full、支付单 refunded、账仍平
  ---
  duration_ms: 1.803375
  type: 'test'
  ...
# Subtest: 部分退两次到全退：partial→refunded，超额被拒，账平
ok 10 - 部分退两次到全退：partial→refunded，超额被拒，账平
  ---
  duration_ms: 2.775414
  type: 'test'
  ...
# Subtest: 重复回调/重复请求幂等：同 idemKey 不重复出款
ok 11 - 重复回调/重复请求幂等：同 idemKey 不重复出款
  ---
  duration_ms: 1.060424
  type: 'test'
  ...
# Subtest: 渠道不可用（生产无持牌渠道）：退款单 rejected、支付单不动、绝不假退
ok 12 - 渠道不可用（生产无持牌渠道）：退款单 rejected、支付单不动、绝不假退
  ---
  duration_ms: 1.847808
  type: 'test'
  ...
# Subtest: runAndReport 落表：balanced 状态与汇总写入 reconciliation_runs
ok 13 - runAndReport 落表：balanced 状态与汇总写入 reconciliation_runs
  ---
  duration_ms: 1.845844
  type: 'test'
  ...
# Subtest: 对账能抓出坏账：费用结构错配 + 已支付状态却无支付流水
ok 14 - 对账能抓出坏账：费用结构错配 + 已支付状态却无支付流水
  ---
  duration_ms: 1.808184
  type: 'test'
  ...
# Subtest: 场景1 全新库：一次迁移到最新，版本齐全、新增工程表存在
ok 15 - 场景1 全新库：一次迁移到最新，版本齐全、新增工程表存在
  ---
  duration_ms: 55.495059
  type: 'test'
  ...
# Subtest: 场景2 旧库升级：缺列老库经迁移补齐到最新且不重建已有表数据
ok 16 - 场景2 旧库升级：缺列老库经迁移补齐到最新且不重建已有表数据
  ---
  duration_ms: 260.728655
  type: 'test'
  ...
# Subtest: 场景3 重复执行幂等：第二次全部跳过、结构与版本不重复
ok 17 - 场景3 重复执行幂等：第二次全部跳过、结构与版本不重复
  ---
  duration_ms: 34.530877
  type: 'test'
  ...
# Subtest: 等价性：001 初始迁移结构 == 改造前生产库（58表/列集合一致）
ok 18 - 等价性：001 初始迁移结构 == 改造前生产库（58表/列集合一致） # SKIP 未提供显式脱敏旧库样本，未执行结构等价比较
  ---
  duration_ms: 0.395951
  type: 'test'
  ...
# Subtest: MySQL config is explicit, bounded and never defaults to a database
ok 19 - MySQL config is explicit, bounded and never defaults to a database
  ---
  duration_ms: 2.073962
  type: 'test'
  ...
# Subtest: Production cannot disable TLS, use root or load missing trust material
ok 20 - Production cannot disable TLS, use root or load missing trust material
  ---
  duration_ms: 0.393987
  type: 'test'
  ...
# Subtest: Legacy SQLite is permitted only in local/test; mysql and typo never fall back
ok 21 - Legacy SQLite is permitted only in local/test; mysql and typo never fall back
  ---
  duration_ms: 0.322484
  type: 'test'
  ...
# Subtest: Legacy entry rejects before SQLite is imported or a database is opened
ok 22 - Legacy entry rejects before SQLite is imported or a database is opened
  ---
  duration_ms: 31.312622
  type: 'test'
  ...
# Subtest: test command network guard blocks external TCP before a provider request
ok 23 - test command network guard blocks external TCP before a provider request
  ---
  duration_ms: 0.74791
  type: 'test'
  ...
# Subtest: Real isolated MySQL8 foundation
    # Subtest: status on a fresh database is read-only
    ok 1 - status on a fresh database is read-only
      ---
      duration_ms: 12.028561
      type: 'test'
      ...
    # Subtest: new schema applies once, repeated migration is a no-op
    ok 2 - new schema applies once, repeated migration is a no-op
      ---
      duration_ms: 108.509202
      type: 'test'
      ...
    # Subtest: parameters, UTC, utf8mb4 and BIGINT are preserved
    ok 3 - parameters, UTC, utf8mb4 and BIGINT are preserved
      ---
      duration_ms: 17.085956
      type: 'test'
      ...
    # Subtest: business transaction commits, rolls back and refuses implicit-commit SQL
    ok 4 - business transaction commits, rolls back and refuses implicit-commit SQL
      ---
      duration_ms: 14.126541
      type: 'test'
      ...
    # Subtest: concurrent business updates keep both increments
    ok 5 - concurrent business updates keep both increments
      ---
      duration_ms: 11.266172
      type: 'test'
      ...
    # Subtest: a second migration session cannot acquire the same database lock
    ok 6 - a second migration session cannot acquire the same database lock
      ---
      duration_ms: 12.961851
      type: 'test'
      ...
    # Subtest: historical checksum/name drift and inserted older migration are rejected
    ok 7 - historical checksum/name drift and inserted older migration are rejected
      ---
      duration_ms: 27.279864
      type: 'test'
      ...
    # Subtest: DDL failure keeps earlier commits, blocks silent replay and supports inspected retry
    ok 8 - DDL failure keeps earlier commits, blocks silent replay and supports inspected retry
      ---
      duration_ms: 83.275741
      type: 'test'
      ...
    # Subtest: connection loss preserves APPLYING and refuses unsafe automatic retry
    ok 9 - connection loss preserves APPLYING and refuses unsafe automatic retry
      ---
      duration_ms: 77.115271
      type: 'test'
      ...
    # Subtest: wrong credentials fail without connecting to SQLite
    ok 10 - wrong credentials fail without connecting to SQLite
      ---
      duration_ms: 14.718126
      type: 'test'
      ...
    1..10
ok 24 - Real isolated MySQL8 foundation
  ---
  duration_ms: 472.147456
  type: 'test'
  ...
# Real MySQL 8.4.11 on loopback:33316; generated jx_test_* databases only
# Subtest: all six provider interfaces fail closed without implementations
ok 25 - all six provider interfaces fail closed without implementations
  ---
  duration_ms: 7.783707
  type: 'test'
  ...
# Subtest: configuration alone, wrong environment, stale proof and disabled status never call a provider
ok 26 - configuration alone, wrong environment, stale proof and disabled status never call a provider
  ---
  duration_ms: 4.106816
  type: 'test'
  ...
# Subtest: timeout reports unknown outcome, aborts and never automatically repeats payment
ok 27 - timeout reports unknown outcome, aborts and never automatically repeats payment
  ---
  duration_ms: 13.729388
  type: 'test'
  ...
# Subtest: provider error bodies and logger metadata do not leak credentials or private URLs
ok 28 - provider error bodies and logger metadata do not leak credentials or private URLs
  ---
  duration_ms: 0.944627
  type: 'test'
  ...
# Subtest: private files require permission and verified configuration, never local fallback
ok 29 - private files require permission and verified configuration, never local fallback
  ---
  duration_ms: 2.011675
  type: 'test'
  ...
# Subtest: private OSS writes enforce private ACL and no overwrite; scoped URLs expire and calls are checked every time
ok 30 - private OSS writes enforce private ACL and no overwrite; scoped URLs expire and calls are checked every time
  ---
  duration_ms: 2.182715
  type: 'test'
  ...
# Subtest: changing OSS credentials invalidates proof and real SDK signs V4 offline over HTTPS
ok 31 - changing OSS credentials invalidates proof and real SDK signs V4 offline over HTTPS
  ---
  duration_ms: 136.443291
  type: 'test'
  ...
# Subtest: health stays up, readiness reflects actual dependencies, and concurrent request IDs stay separate
ok 32 - health stays up, readiness reflects actual dependencies, and concurrent request IDs stay separate
  ---
  duration_ms: 83.302992
  type: 'test'
  ...
# Subtest: OSS failures never produce a successful or public result; revocation is checked before each read
ok 33 - OSS failures never produce a successful or public result; revocation is checked before each read
  ---
  duration_ms: 2.23312
  type: 'test'
  ...
# {"error_code":"PRIVATE_STORAGE_UNAVAILABLE","time":"2026-09-21T09:55:51.487Z","level":"warn","event":"legacy_private_upload_blocked"}
# Subtest: legacy photo upload returns a clear failure and never creates a record when private storage is unavailable
ok 34 - legacy photo upload returns a clear failure and never creates a record when private storage is unavailable
  ---
  duration_ms: 36.382019
  type: 'test'
  ...
# Subtest: real isolated MySQL persists provider status, evidence and concurrent edits
    # Subtest: database readiness requires applied migrations, not just a connection
    ok 1 - database readiness requires applied migrations, not just a connection
      ---
      duration_ms: 129.999564
      type: 'test'
      ...
    # Subtest: recording is denied by default and requires genuine server-side evidence checking
    ok 2 - recording is denied by default and requires genuine server-side evidence checking
      ---
      duration_ms: 11.857943
      type: 'test'
      ...
    # Subtest: configuration is saved but does not authorize real calls
    ok 3 - configuration is saved but does not authorize real calls
      ---
      duration_ms: 16.038717
      type: 'test'
      ...
    # Subtest: verified evidence survives closing and reopening the database connection
    ok 4 - verified evidence survives closing and reopening the database connection
      ---
      duration_ms: 24.865205
      type: 'test'
      ...
    # Subtest: disabling and awaiting approval keep history but block new calls
    ok 5 - disabling and awaiting approval keep history but block new calls
      ---
      duration_ms: 19.914179
      type: 'test'
      ...
    # Subtest: two concurrent updates cannot overwrite each other silently
    ok 6 - two concurrent updates cannot overwrite each other silently
      ---
      duration_ms: 15.591068
      type: 'test'
      ...
    # Subtest: history write failure rolls back both status and version
    ok 7 - history write failure rolls back both status and version
      ---
      duration_ms: 6.682216
      type: 'test'
      ...
    # Subtest: re-enabling requires fresh evidence and preserves earlier verification
    ok 8 - re-enabling requires fresh evidence and preserves earlier verification
      ---
      duration_ms: 8.415079
      type: 'test'
      ...
    # Subtest: capabilities have separate status even for the same provider
    ok 9 - capabilities have separate status even for the same provider
      ---
      duration_ms: 5.794745
      type: 'test'
      ...
    1..9
ok 35 - real isolated MySQL persists provider status, evidence and concurrent edits
  ---
  duration_ms: 310.577439
  type: 'test'
  ...
# {"time":"2026-09-21T09:55:51.575Z","level":"info","event":"migration_applied"}
# {"time":"2026-09-21T09:55:51.579Z","level":"info","event":"migration_applied"}
# {"time":"2026-09-21T09:55:51.582Z","level":"info","event":"migration_applied"}
# {"time":"2026-09-21T09:55:51.583Z","level":"info","event":"migration_applied"}
# {"time":"2026-09-21T09:55:51.593Z","level":"info","event":"migration_applied"}
# {"time":"2026-09-21T09:55:51.594Z","level":"info","event":"db_migrations_applied"}
# {"time":"2026-09-21T09:55:51.606Z","level":"warn","event":"alert:unit_test_event"}
# Subtest: providerStatus 返回六类通道就绪度且不含任何密钥字段
ok 36 - providerStatus 返回六类通道就绪度且不含任何密钥字段
  ---
  duration_ms: 2.170312
  type: 'test'
  ...
# Subtest: alert 未配置 webhook 时只落日志、不外发、不抛错
ok 37 - alert 未配置 webhook 时只落日志、不外发、不抛错
  ---
  duration_ms: 0.909672
  type: 'test'
  ...
# Subtest: Apple IAP 缺共享密钥/缺票据时拒绝，绝不伪造成功
ok 38 - Apple IAP 缺共享密钥/缺票据时拒绝，绝不伪造成功
  ---
  duration_ms: 1.192592
  type: 'test'
  ...
# Subtest: legacy storage permits only explicit public local test files
ok 39 - legacy storage permits only explicit public local test files
  ---
  duration_ms: 16.428516
  type: 'test'
  ...
# Subtest: Real MySQL durable jobs, outbox and independent worker
    # Subtest: same business intent is idempotent; conflicting intent is rejected, case remains distinct
    ok 1 - same business intent is idempotent; conflicting intent is rejected, case remains distinct
      ---
      duration_ms: 138.062402
      type: 'test'
      ...
    # Subtest: business transaction and outbox both roll back; publish requires explicit transaction
    ok 2 - business transaction and outbox both roll back; publish requires explicit transaction
      ---
      duration_ms: 73.986696
      type: 'test'
      ...
    # Subtest: parallel outbox dispatch atomically creates one durable job per event, repeat is a no-op
    ok 3 - parallel outbox dispatch atomically creates one durable job per event, repeat is a no-op
      ---
      duration_ms: 133.434543
      type: 'test'
      ...
    # Subtest: conflicting outbox intent is visibly blocked and does not replace the original job
    ok 4 - conflicting outbox intent is visibly blocked and does not replace the original job
      ---
      duration_ms: 77.086971
      type: 'test'
      ...
    # Subtest: failure between job insertion and outbox acknowledgement rolls both back and can be replayed
    ok 5 - failure between job insertion and outbox acknowledgement rolls both back and can be replayed
      ---
      duration_ms: 84.922993
      type: 'test'
      ...
    # Subtest: concurrent workers claim one job once while its lease is valid
    ok 6 - concurrent workers claim one job once while its lease is valid
      ---
      duration_ms: 88.085823
      type: 'test'
      ...
    # Subtest: expired lease takeover fences old acknowledgement, heartbeat and provider-task updates
    ok 7 - expired lease takeover fences old acknowledgement, heartbeat and provider-task updates
      ---
      duration_ms: 87.473965
      type: 'test'
      ...
    # Subtest: retry is delayed, capped and manually resumed without erasing attempt history
    ok 8 - retry is delayed, capped and manually resumed without erasing attempt history
      ---
      duration_ms: 99.655619
      type: 'test'
      ...
    # Subtest: crashed job at its attempt limit becomes failed instead of disappearing or retrying forever
    ok 9 - crashed job at its attempt limit becomes failed instead of disappearing or retrying forever
      ---
      duration_ms: 75.044293
      type: 'test'
      ...
    # Subtest: worker renews a long-running handler lease; other worker cannot take it over
    ok 10 - worker renews a long-running handler lease; other worker cannot take it over
      ---
      duration_ms: 1388.065681
      type: 'test'
      ...
    # Subtest: missing handlers and ambiguous handler errors block without fake success or immediate replay
    ok 11 - missing handlers and ambiguous handler errors block without fake success or immediate replay
      ---
      duration_ms: 89.143832
      type: 'test'
      ...
    # Subtest: active worker aborts after lease takeover and cannot overwrite its successor result
    ok 12 - active worker aborts after lease takeover and cannot overwrite its successor result
      ---
      duration_ms: 277.110897
      type: 'test'
      ...
    # Subtest: provider retry without a recovery adapter becomes blocked instead of executing again
    ok 13 - provider retry without a recovery adapter becomes blocked instead of executing again
      ---
      duration_ms: 85.205226
      type: 'test'
      ...
    # Subtest: unknown provider submission is reconciled by stable key, never blindly resubmitted
    ok 14 - unknown provider submission is reconciled by stable key, never blindly resubmitted
      ---
      duration_ms: 85.37403
      type: 'test'
      ...
    # Subtest: separate process crash preserves provider task ID and a new process recovers it
    ok 15 - separate process crash preserves provider task ID and a new process recovers it
      ---
      duration_ms: 642.48399
      type: 'test'
      ...
    # Subtest: graceful stop signals a handler, leaves durable recovery and does not claim the next task
    ok 16 - graceful stop signals a handler, leaves durable recovery and does not claim the next task
      ---
      duration_ms: 76.733725
      type: 'test'
      ...
    1..16
ok 40 - Real MySQL durable jobs, outbox and independent worker
  ---
  duration_ms: 3863.619589
  type: 'test'
  ...
# Subtest: worker CLI fails visibly while domain adapters are not enabled
ok 41 - worker CLI fails visibly while domain adapters are not enabled
  ---
  duration_ms: 121.73485
  type: 'test'
  ...
# Subtest: worker intent requires explicit retry budget and bounded references
ok 42 - worker intent requires explicit retry budget and bounded references
  ---
  duration_ms: 0.721491
  type: 'test'
  ...
# Subtest: stopping during claim never starts the newly acquired handler
ok 43 - stopping during claim never starts the newly acquired handler
  ---
  duration_ms: 10.455685
  type: 'test'
  ...
# Subtest: API and historical scheduler do not bootstrap timers or visual recovery
ok 44 - API and historical scheduler do not bootstrap timers or visual recovery
  ---
  duration_ms: 1.087746
  type: 'test'
  ...
1..44
# tests 79
# suites 0
# pass 78
# fail 0
# cancelled 0
# skipped 1
# todo 0
# duration_ms 4814.524303
