TAP version 13
# Subtest: all six provider interfaces fail closed without implementations
ok 1 - all six provider interfaces fail closed without implementations
  ---
  duration_ms: 4.8289
  type: 'test'
  ...
# Subtest: configuration alone, wrong environment, stale proof and disabled status never call a provider
ok 2 - configuration alone, wrong environment, stale proof and disabled status never call a provider
  ---
  duration_ms: 1.1139
  type: 'test'
  ...
# Subtest: timeout reports unknown outcome, aborts and never automatically repeats payment
ok 3 - timeout reports unknown outcome, aborts and never automatically repeats payment
  ---
  duration_ms: 20.278
  type: 'test'
  ...
# Subtest: provider error bodies and logger metadata do not leak credentials or private URLs
ok 4 - provider error bodies and logger metadata do not leak credentials or private URLs
  ---
  duration_ms: 1.0688
  type: 'test'
  ...
# Subtest: private files require permission and verified configuration, never local fallback
ok 5 - private files require permission and verified configuration, never local fallback
  ---
  duration_ms: 1.8957
  type: 'test'
  ...
# Subtest: private OSS writes enforce private ACL and no overwrite; scoped URLs expire and calls are checked every time
ok 6 - private OSS writes enforce private ACL and no overwrite; scoped URLs expire and calls are checked every time
  ---
  duration_ms: 1.3433
  type: 'test'
  ...
# Subtest: changing OSS credentials invalidates proof and real SDK signs V4 offline over HTTPS
ok 7 - changing OSS credentials invalidates proof and real SDK signs V4 offline over HTTPS
  ---
  duration_ms: 238.4307
  type: 'test'
  ...
# Subtest: health stays up, readiness reflects actual dependencies, and concurrent request IDs stay separate
ok 8 - health stays up, readiness reflects actual dependencies, and concurrent request IDs stay separate
  ---
  duration_ms: 60.0004
  type: 'test'
  ...
# Subtest: OSS failures never produce a successful or public result; revocation is checked before each read
ok 9 - OSS failures never produce a successful or public result; revocation is checked before each read
  ---
  duration_ms: 0.9973
  type: 'test'
  ...
# Subtest: real isolated MySQL persists provider status, evidence and concurrent edits
    # Subtest: database readiness requires applied migrations, not just a connection
    ok 1 - database readiness requires applied migrations, not just a connection
      ---
      duration_ms: 162.1003
      type: 'test'
      ...
    # Subtest: recording is denied by default and requires genuine server-side evidence checking
    ok 2 - recording is denied by default and requires genuine server-side evidence checking
      ---
      duration_ms: 5.9896
      type: 'test'
      ...
    # Subtest: configuration is saved but does not authorize real calls
    ok 3 - configuration is saved but does not authorize real calls
      ---
      duration_ms: 11.4915
      type: 'test'
      ...
    # Subtest: verified evidence survives closing and reopening the database connection
    ok 4 - verified evidence survives closing and reopening the database connection
      ---
      duration_ms: 12.7169
      type: 'test'
      ...
    # Subtest: disabling and awaiting approval keep history but block new calls
    ok 5 - disabling and awaiting approval keep history but block new calls
      ---
      duration_ms: 8.618
      type: 'test'
      ...
    # Subtest: two concurrent updates cannot overwrite each other silently
    ok 6 - two concurrent updates cannot overwrite each other silently
      ---
      duration_ms: 7.4
      type: 'test'
      ...
    # Subtest: history write failure rolls back both status and version
    ok 7 - history write failure rolls back both status and version
      ---
      duration_ms: 4.771
      type: 'test'
      ...
    # Subtest: re-enabling requires fresh evidence and preserves earlier verification
    ok 8 - re-enabling requires fresh evidence and preserves earlier verification
      ---
      duration_ms: 5.2577
      type: 'test'
      ...
    # Subtest: capabilities have separate status even for the same provider
    ok 9 - capabilities have separate status even for the same provider
      ---
      duration_ms: 2.1384
      type: 'test'
      ...
    1..9
ok 10 - real isolated MySQL persists provider status, evidence and concurrent edits
  ---
  duration_ms: 290.3191
  type: 'test'
  ...
# Subtest: legacy storage permits only explicit public local test files
ok 11 - legacy storage permits only explicit public local test files
  ---
  duration_ms: 15.2931
  type: 'test'
  ...
1..11
# tests 20
# suites 0
# pass 20
# fail 0
# cancelled 0
# skipped 0
# todo 0
# duration_ms 600.7708
