TAP version 13
# {"ts":"2026-09-21T06:03:56.487Z","level":"info","msg":"migration_applied","version":"1","name":"initial_schema_v12_4"}
# {"ts":"2026-09-21T06:03:56.492Z","level":"info","msg":"migration_applied","version":"2","name":"legacy_v5_add_columns"}
# {"ts":"2026-09-21T06:03:56.497Z","level":"info","msg":"migration_applied","version":"3","name":"legacy_v6_add_columns"}
# {"ts":"2026-09-21T06:03:56.498Z","level":"info","msg":"migration_applied","version":"4","name":"legacy_v121_add_columns"}
# {"ts":"2026-09-21T06:03:56.510Z","level":"info","msg":"migration_applied","version":"5","name":"engineering_recon_deliverable_refund"}
# {"ts":"2026-09-21T06:03:56.510Z","level":"info","msg":"db_migrations_applied","count":5}
# {"ts":"2026-09-21T06:03:56.524Z","level":"info","msg":"ai_deliverable_version","localId":2,"versionNo":1,"source":"webhook","deliverable":"approved"}
# {"ts":"2026-09-21T06:03:56.526Z","level":"info","msg":"ai_deliverable_version","localId":3,"versionNo":1,"source":"poll","deliverable":"approved"}
# {"ts":"2026-09-21T06:03:56.527Z","level":"info","msg":"ai_deliverable_version","localId":4,"versionNo":1,"source":"poll","deliverable":"approved"}
# {"ts":"2026-09-21T06:03:56.527Z","level":"info","msg":"ai_regenerate","parentId":4,"newId":5,"reason":"客户要求重做"}
# {"ts":"2026-09-21T06:03:56.528Z","level":"info","msg":"ai_deliverable_version","localId":5,"versionNo":2,"source":"poll","deliverable":"approved"}
# {"ts":"2026-09-21T06:03:56.538Z","level":"info","msg":"ai_deliverable_version","localId":6,"versionNo":1,"source":"webhook","deliverable":"pending_review"}
# {"ts":"2026-09-21T06:03:56.538Z","level":"info","msg":"ai_deliverable_review","localId":6,"decision":"approve","reviewerId":7}
# {"ts":"2026-09-21T06:03:56.539Z","level":"info","msg":"ai_deliverable_version","localId":7,"versionNo":1,"source":"webhook","deliverable":"rejected"}
# Subtest: webhook 验签：错误签名拒绝、缺密钥拒绝
ok 1 - webhook 验签：错误签名拒绝、缺密钥拒绝
  ---
  duration_ms: 1.8313
  type: 'test'
  ...
# Subtest: 合法 webhook 成功推进并幂等：重复回调不重复出版本
ok 2 - 合法 webhook 成功推进并幂等：重复回调不重复出版本
  ---
  duration_ms: 1.6881
  type: 'test'
  ...
# Subtest: 轮询与回调 CAS 互斥：先 finalize 者推进，另一方不重复
ok 3 - 轮询与回调 CAS 互斥：先 finalize 者推进，另一方不重复
  ---
  duration_ms: 1.0383
  type: 'test'
  ...
# Subtest: 重做生成新版本行：parent 关联、版本号递增、不覆盖旧文件
ok 4 - 重做生成新版本行：parent 关联、版本号递增、不覆盖旧文件
  ---
  duration_ms: 2.3693
  type: 'test'
  ...
# Subtest: 审核开关开启：干净内容 pending_review→人工 approve；命中敏感词直接 rejected
ok 5 - 审核开关开启：干净内容 pending_review→人工 approve；命中敏感词直接 rejected
  ---
  duration_ms: 10.9753
  type: 'test'
  ...
# {"ts":"2026-09-21T06:03:56.488Z","level":"info","msg":"migration_applied","version":"1","name":"initial_schema_v12_4"}
# {"ts":"2026-09-21T06:03:56.493Z","level":"info","msg":"migration_applied","version":"2","name":"legacy_v5_add_columns"}
# {"ts":"2026-09-21T06:03:56.497Z","level":"info","msg":"migration_applied","version":"3","name":"legacy_v6_add_columns"}
# {"ts":"2026-09-21T06:03:56.499Z","level":"info","msg":"migration_applied","version":"4","name":"legacy_v121_add_columns"}
# {"ts":"2026-09-21T06:03:56.510Z","level":"info","msg":"migration_applied","version":"5","name":"engineering_recon_deliverable_refund"}
# {"ts":"2026-09-21T06:03:56.511Z","level":"info","msg":"db_migrations_applied","count":5}
# {"ts":"2026-09-21T06:03:56.527Z","level":"info","msg":"refund_success","orderNo":"T1789970636525_3","refundNo":"RF178997063652600001","amount":10000,"kind":"full","newRefunded":10000,"payStatus":"refunded"}
# {"ts":"2026-09-21T06:03:56.528Z","level":"info","msg":"refund_success","orderNo":"T1789970636528_5","refundNo":"RF178997063652800002","amount":4000,"kind":"partial","newRefunded":4000,"payStatus":"partially_refunded"}
# {"ts":"2026-09-21T06:03:56.530Z","level":"info","msg":"refund_success","orderNo":"T1789970636528_5","refundNo":"RF178997063652900003","amount":6000,"kind":"full","newRefunded":10000,"payStatus":"refunded"}
# {"ts":"2026-09-21T06:03:56.532Z","level":"info","msg":"refund_success","orderNo":"T1789970636531_7","refundNo":"RF178997063653200004","amount":3000,"kind":"partial","newRefunded":3000,"payStatus":"partially_refunded"}
# {"ts":"2026-09-21T06:03:56.536Z","level":"error","msg":"alert:payment_refund_failed","severity":"error","throttled":false,"orderNo":"T1789970636533_9","amount":10000,"error":"生产环境未配置持牌支付机构（微信电商收付通/支付宝直付通），禁止使用 Mock 支付通道"}
# {"ts":"2026-09-21T06:03:56.538Z","level":"info","msg":"reconciliation_done","id":1,"scope":"manual","orderBook":50000,"payBook":50000,"refundBook":23000,"settleBook":42200,"platformBook":0,"feeTaxBook":7800,"diffCount":0,"balanced":true}
# Subtest: 成功（无退款）：四账守恒、reconcile 无该单差异
ok 6 - 成功（无退款）：四账守恒、reconcile 无该单差异
  ---
  duration_ms: 3.1029
  type: 'test'
  ...
# Subtest: 全额退款：kind=full、支付单 refunded、账仍平
ok 7 - 全额退款：kind=full、支付单 refunded、账仍平
  ---
  duration_ms: 2.2159
  type: 'test'
  ...
# Subtest: 部分退两次到全退：partial→refunded，超额被拒，账平
ok 8 - 部分退两次到全退：partial→refunded，超额被拒，账平
  ---
  duration_ms: 3.4654
  type: 'test'
  ...
# Subtest: 重复回调/重复请求幂等：同 idemKey 不重复出款
ok 9 - 重复回调/重复请求幂等：同 idemKey 不重复出款
  ---
  duration_ms: 2.2082
  type: 'test'
  ...
# Subtest: 渠道不可用（生产无持牌渠道）：退款单 rejected、支付单不动、绝不假退
ok 10 - 渠道不可用（生产无持牌渠道）：退款单 rejected、支付单不动、绝不假退
  ---
  duration_ms: 3.1988
  type: 'test'
  ...
# Subtest: runAndReport 落表：balanced 状态与汇总写入 reconciliation_runs
ok 11 - runAndReport 落表：balanced 状态与汇总写入 reconciliation_runs
  ---
  duration_ms: 1.4275
  type: 'test'
  ...
# Subtest: 对账能抓出坏账：费用结构错配 + 已支付状态却无支付流水
ok 12 - 对账能抓出坏账：费用结构错配 + 已支付状态却无支付流水
  ---
  duration_ms: 1.521
  type: 'test'
  ...
# Subtest: 场景1 全新库：一次迁移到最新，版本齐全、新增工程表存在
ok 13 - 场景1 全新库：一次迁移到最新，版本齐全、新增工程表存在
  ---
  duration_ms: 70.3023
  type: 'test'
  ...
# Subtest: 场景2 旧库升级：缺列老库经迁移补齐到最新且不重建已有表数据
ok 14 - 场景2 旧库升级：缺列老库经迁移补齐到最新且不重建已有表数据
  ---
  duration_ms: 166.5405
  type: 'test'
  ...
# Subtest: 场景3 重复执行幂等：第二次全部跳过、结构与版本不重复
ok 15 - 场景3 重复执行幂等：第二次全部跳过、结构与版本不重复
  ---
  duration_ms: 30.1097
  type: 'test'
  ...
# Subtest: 等价性：001 初始迁移结构 == 改造前生产库（58表/列集合一致）
ok 16 - 等价性：001 初始迁移结构 == 改造前生产库（58表/列集合一致） # SKIP 未提供显式脱敏旧库样本，未执行结构等价比较
  ---
  duration_ms: 0.4907
  type: 'test'
  ...
# Subtest: MySQL config is explicit, bounded and never defaults to a database
ok 17 - MySQL config is explicit, bounded and never defaults to a database
  ---
  duration_ms: 2.3973
  type: 'test'
  ...
# Subtest: Production cannot disable TLS, use root or load missing trust material
ok 18 - Production cannot disable TLS, use root or load missing trust material
  ---
  duration_ms: 0.5173
  type: 'test'
  ...
# Subtest: Legacy SQLite is permitted only in local/test; mysql and typo never fall back
ok 19 - Legacy SQLite is permitted only in local/test; mysql and typo never fall back
  ---
  duration_ms: 1.2042
  type: 'test'
  ...
# Subtest: Legacy entry rejects before SQLite is imported or a database is opened
ok 20 - Legacy entry rejects before SQLite is imported or a database is opened
  ---
  duration_ms: 65.0044
  type: 'test'
  ...
# Subtest: test command network guard blocks external TCP before a provider request
ok 21 - test command network guard blocks external TCP before a provider request
  ---
  duration_ms: 0.9198
  type: 'test'
  ...
# Subtest: Real isolated MySQL8 foundation
    # Subtest: status on a fresh database is read-only
    ok 1 - status on a fresh database is read-only
      ---
      duration_ms: 10.3617
      type: 'test'
      ...
    # Subtest: new schema applies once, repeated migration is a no-op
    ok 2 - new schema applies once, repeated migration is a no-op
      ---
      duration_ms: 46.4173
      type: 'test'
      ...
    # Subtest: parameters, UTC, utf8mb4 and BIGINT are preserved
    ok 3 - parameters, UTC, utf8mb4 and BIGINT are preserved
      ---
      duration_ms: 12.5373
      type: 'test'
      ...
    # Subtest: business transaction commits, rolls back and refuses implicit-commit SQL
    ok 4 - business transaction commits, rolls back and refuses implicit-commit SQL
      ---
      duration_ms: 11.034
      type: 'test'
      ...
    # Subtest: concurrent business updates keep both increments
    ok 5 - concurrent business updates keep both increments
      ---
      duration_ms: 5.963
      type: 'test'
      ...
    # Subtest: a second migration session cannot acquire the same database lock
    ok 6 - a second migration session cannot acquire the same database lock
      ---
      duration_ms: 9.1949
      type: 'test'
      ...
    # Subtest: historical checksum/name drift and inserted older migration are rejected
    ok 7 - historical checksum/name drift and inserted older migration are rejected
      ---
      duration_ms: 17.2431
      type: 'test'
      ...
    # Subtest: DDL failure keeps earlier commits, blocks silent replay and supports inspected retry
    ok 8 - DDL failure keeps earlier commits, blocks silent replay and supports inspected retry
      ---
      duration_ms: 91.8761
      type: 'test'
      ...
    # Subtest: connection loss preserves APPLYING and refuses unsafe automatic retry
    ok 9 - connection loss preserves APPLYING and refuses unsafe automatic retry
      ---
      duration_ms: 83.2686
      type: 'test'
      ...
    # Subtest: wrong credentials fail without connecting to SQLite
    ok 10 - wrong credentials fail without connecting to SQLite
      ---
      duration_ms: 6.4157
      type: 'test'
      ...
    1..10
ok 22 - Real isolated MySQL8 foundation
  ---
  duration_ms: 370.8306
  type: 'test'
  ...
# Real MySQL 8.4.11 on loopback:33316; generated jx_test_* databases only
# {"ts":"2026-09-21T06:03:56.543Z","level":"warn","msg":"alert:unit_test_event","severity":"warn","throttled":false,"x":1}
# Subtest: providerStatus 返回六类通道就绪度且不含任何密钥字段
ok 23 - providerStatus 返回六类通道就绪度且不含任何密钥字段
  ---
  duration_ms: 1.8466
  type: 'test'
  ...
# Subtest: alert 未配置 webhook 时只落日志、不外发、不抛错
ok 24 - alert 未配置 webhook 时只落日志、不外发、不抛错
  ---
  duration_ms: 2.2661
  type: 'test'
  ...
# Subtest: Apple IAP 缺共享密钥/缺票据时拒绝，绝不伪造成功
ok 25 - Apple IAP 缺共享密钥/缺票据时拒绝，绝不伪造成功
  ---
  duration_ms: 0.9651
  type: 'test'
  ...
# {"ts":"2026-09-21T06:03:56.502Z","level":"warn","msg":"oss_driver_unavailable","reason":"缺少 ali-oss 依赖，切换时执行 npm i ali-oss；本次降级本地存储"}
# {"ts":"2026-09-21T06:03:56.503Z","level":"warn","msg":"storage_fallback_local"}
# Subtest: localDriver：put→publicUrl→getBuffer→remove 行为与历史一致
ok 26 - localDriver：put→publicUrl→getBuffer→remove 行为与历史一致
  ---
  duration_ms: 10.8416
  type: 'test'
  ...
# Subtest: OSS 开关打开但缺凭证/依赖：优雅降级本地，不抛错、不硬编码密钥
ok 27 - OSS 开关打开但缺凭证/依赖：优雅降级本地，不抛错、不硬编码密钥
  ---
  duration_ms: 6.7144
  type: 'test'
  ...
1..27
# tests 37
# suites 0
# pass 36
# fail 0
# cancelled 0
# skipped 1
# todo 0
# duration_ms 607.7169
