
> frontend_ops_workspace@0.0.0 build
> run-p type-check "build-only {@}" --


> frontend_ops_workspace@0.0.0 type-check
> vue-tsc --build


> frontend_ops_workspace@0.0.0 build-only
> vite build

vite v8.3.0 building client environment for production...
transforming...
✓ 1630 modules transformed.
rendering chunks...
computing gzip size...
dist/index.html                                      0.69 kB │ gzip:   0.40 kB
dist/assets/ApiErrorAlert-6UavL6hZ.css               0.48 kB │ gzip:   0.26 kB
dist/assets/NotFoundView-CRpPbmbZ.css                1.25 kB │ gzip:   0.59 kB
dist/assets/LoginView-BfzJOlgx.css                   3.14 kB │ gzip:   0.90 kB
dist/assets/WorkspaceView-Bc40wJLi.css               6.64 kB │ gzip:   1.51 kB
dist/assets/SupplyView-BDM2Lt0F.css                  9.64 kB │ gzip:   2.21 kB
dist/assets/ContractsView-CitRyvbJ.css               9.73 kB │ gzip:   2.13 kB
dist/assets/index-C4ZY2HZb.css                     361.58 kB │ gzip:  48.57 kB
dist/assets/_plugin-vue_export-helper-BDNMzG2s.js    0.08 kB │ gzip:   0.09 kB
dist/assets/NotFoundView-DGEUto0O.js                 0.71 kB │ gzip:   0.53 kB
dist/assets/LoginView-DyLgpLAL.js                    5.40 kB │ gzip:   2.65 kB
dist/assets/ApiErrorAlert-BLz4pWcA.js                5.59 kB │ gzip:   2.83 kB
dist/assets/WorkspaceView-Bne4UxGb.js               17.75 kB │ gzip:   6.56 kB
dist/assets/ContractsView-8cPi55lq.js               18.81 kB │ gzip:   7.14 kB
dist/assets/use-global-config-a_DOxXgw.js           40.97 kB │ gzip:  16.00 kB
dist/assets/SupplyView-B-1DUUIT.js                  47.68 kB │ gzip:  15.68 kB
dist/assets/session-CaJ-rTc0.js                     53.54 kB │ gzip:  18.85 kB
dist/assets/useApi-BPuI6ZR9-DWjYAggk.js             66.28 kB │ gzip:  25.97 kB
dist/assets/index-BdyydXLy.js                      871.78 kB │ gzip: 277.63 kB

✓ built in 571ms
[plugin builtin:vite-reporter]
(!) Some chunks are larger than 500 kB after minification. Consider:
- Using dynamic import() to code-split the application
- Use build.rolldownOptions.output.codeSplitting to improve chunking: https://rolldown.rs/reference/OutputOptions.codeSplitting
- Adjust chunk size limit for this warning via build.chunkSizeWarningLimit.
