{
  "tables": 61,
  "migrations": [
    {
      "version": "1",
      "name": "initial_schema_v12_4",
      "checksum": "d6402db1f2a294ff14a63b4338aca467358ed517",
      "applied_at": 1789887383671
    },
    {
      "version": "2",
      "name": "legacy_v5_add_columns",
      "checksum": "2a5d372494bff1f49d36b23b7859138dc8a273c5",
      "applied_at": 1789887383679
    },
    {
      "version": "3",
      "name": "legacy_v6_add_columns",
      "checksum": "3ccc2f9dfa8842cec28aff47f269b10c10b518da",
      "applied_at": 1789887383692
    },
    {
      "version": "4",
      "name": "legacy_v121_add_columns",
      "checksum": "9493b08612615de4e54e6783bca34f022ab5414d",
      "applied_at": 1789887383694
    },
    {
      "version": "5",
      "name": "engineering_recon_deliverable_refund",
      "checksum": "c1640e95ec9163584b767895fd4824918662db45",
      "applied_at": 1789887383701
    }
  ],
  "columns": [
    "id",
    "genre",
    "title",
    "outline",
    "characters",
    "tags",
    "market_data",
    "heat_score",
    "cover_url",
    "sort_order",
    "status",
    "created_at"
  ],
  "library": "no such column: video_url"
}
