
> frontend_ops_workspace@0.0.0 build
> run-p type-check "build-only {@}" --


> frontend_ops_workspace@0.0.0 type-check
> vue-tsc --build


> frontend_ops_workspace@0.0.0 build-only
> vite build

vite v8.3.0 building client environment for production...
transforming...
✓ 1659 modules transformed.
rendering chunks...
computing gzip size...
dist/index.html                                      0.69 kB │ gzip:   0.40 kB
dist/assets/SupplyView-CPO9E1n6.css                  0.24 kB │ gzip:   0.16 kB
dist/assets/ApiErrorAlert-6UavL6hZ.css               0.48 kB │ gzip:   0.26 kB
dist/assets/ContractText--4ScRPw6.css                1.02 kB │ gzip:   0.41 kB
dist/assets/NotFoundView-CRpPbmbZ.css                1.25 kB │ gzip:   0.59 kB
dist/assets/SupplyUpload-BfjeJDrt.css                1.73 kB │ gzip:   0.60 kB
dist/assets/LoginView-C-3Xof4v.css                   3.15 kB │ gzip:   0.92 kB
dist/assets/TradeView-CsiGHHUJ.css                   3.16 kB │ gzip:   0.86 kB
dist/assets/WorkspaceView-Csv84WVi.css               7.17 kB │ gzip:   1.62 kB
dist/assets/LicensingView-CujIk3hL.css               7.20 kB │ gzip:   1.58 kB
dist/assets/ContractsView-C21JgnyU.css               8.15 kB │ gzip:   1.79 kB
dist/assets/supply-Bw7tBqXv.css                     10.79 kB │ gzip:   2.29 kB
dist/assets/index-D_4bSpOv.css                     361.62 kB │ gzip:  48.57 kB
dist/assets/_plugin-vue_export-helper-BDNMzG2s.js    0.08 kB │ gzip:   0.09 kB
dist/assets/NotFoundView-DGEUto0O.js                 0.71 kB │ gzip:   0.53 kB
dist/assets/ContractText-BiML1oty.js                 1.42 kB │ gzip:   0.70 kB
dist/assets/supply-YgQrNxXq.js                       2.79 kB │ gzip:   1.22 kB
dist/assets/contracts-caXkDE_F.js                    3.31 kB │ gzip:   1.59 kB
dist/assets/LoginView-B0l2EPJd.js                    6.19 kB │ gzip:   2.76 kB
dist/assets/ApiErrorAlert-rP4M14JX.js                8.29 kB │ gzip:   3.86 kB
dist/assets/ContractsView-COpWSrSk.js               14.25 kB │ gzip:   5.57 kB
dist/assets/WorkspaceView-6qdFJGS7.js               19.21 kB │ gzip:   6.93 kB
dist/assets/SupplyUpload-DaKL_r85.js                21.73 kB │ gzip:   8.58 kB
dist/assets/SupplyView-NcfPHA37.js                  37.32 kB │ gzip:  12.02 kB
dist/assets/use-global-config-D3lnag05.js           40.97 kB │ gzip:  16.00 kB
dist/assets/session-Dr2UFV_4.js                     55.38 kB │ gzip:  19.33 kB
dist/assets/useApi-BPuI6ZR9-DWjYAggk.js             66.28 kB │ gzip:  25.97 kB
dist/assets/TradeView-DHPKeuBZ.js                   71.95 kB │ gzip:  21.70 kB
dist/assets/LicensingView-CNONJy32.js               72.41 kB │ gzip:  22.02 kB
dist/assets/index-BUScDeuM.js                      874.20 kB │ gzip: 278.25 kB

[plugin builtin:vite-reporter]
(!) Some chunks are larger than 500 kB after minification. Consider:
- Using dynamic import() to code-split the application
- Use build.rolldownOptions.output.codeSplitting to improve chunking: https://rolldown.rs/reference/OutputOptions.codeSplitting
- Adjust chunk size limit for this warning via build.chunkSizeWarningLimit.
✓ built in 1.61s
