TAP version 13
# Subtest: sample payment buttons cannot mark either installment paid
not ok 1 - sample payment buttons cannot mark either installment paid
  ---
  duration_ms: 78.3076
  type: 'test'
  location: '<WORKTREE>\\晶晶日上工程交接包\\01_源码\\backend_server\\test\\legacy-truthfulness.test.cjs:3:1'
  failureType: 'testCodeFailure'
  error: |-
    Expected values to be strictly equal:
    
    200 !== 503
    
  code: 'ERR_ASSERTION'
  name: 'AssertionError'
  expected: 503
  actual: 200
  operator: 'strictEqual'
  stack: |-
    TestContext.<anonymous> (<WORKTREE>\晶晶日上工程交接包\01_源码\backend_server\test\legacy-truthfulness.test.cjs:8:30)
    process.processTicksAndRejections (node:internal/process/task_queues:105:5)
    async Test.run (node:internal/test_runner/test:1054:7)
    async startSubtestAfterBootstrap (node:internal/test_runner/harness:296:3)
  ...
# Subtest: unavailable identity verification cannot autoapprove or collect identity documents
not ok 2 - unavailable identity verification cannot autoapprove or collect identity documents
  ---
  duration_ms: 23.716
  type: 'test'
  location: '<WORKTREE>\\晶晶日上工程交接包\\01_源码\\backend_server\\test\\legacy-truthfulness.test.cjs:14:1'
  failureType: 'testCodeFailure'
  error: |-
    Expected values to be strictly equal:
    
    200 !== 503
    
  code: 'ERR_ASSERTION'
  name: 'AssertionError'
  expected: 503
  actual: 200
  operator: 'strictEqual'
  stack: |-
    TestContext.<anonymous> (<WORKTREE>\晶晶日上工程交接包\01_源码\backend_server\test\legacy-truthfulness.test.cjs:19:10)
    process.processTicksAndRejections (node:internal/process/task_queues:105:5)
    async Test.run (node:internal/test_runner/test:1054:7)
    async Test.processPendingSubtests (node:internal/test_runner/test:744:7)
  ...
# Subtest: old transaction status is visible only to the owner of its matching business order
not ok 3 - old transaction status is visible only to the owner of its matching business order
  ---
  duration_ms: 19.0516
  type: 'test'
  location: '<WORKTREE>\\晶晶日上工程交接包\\01_源码\\backend_server\\test\\legacy-truthfulness.test.cjs:23:1'
  failureType: 'testCodeFailure'
  error: |-
    Expected values to be strictly equal:
    
    200 !== 404
    
  code: 'ERR_ASSERTION'
  name: 'AssertionError'
  expected: 404
  actual: 200
  operator: 'strictEqual'
  stack: |-
    TestContext.<anonymous> (<WORKTREE>\晶晶日上工程交接包\01_源码\backend_server\test\legacy-truthfulness.test.cjs:27:44)
    process.processTicksAndRejections (node:internal/process/task_queues:105:5)
    async Test.run (node:internal/test_runner/test:1054:7)
    async Test.processPendingSubtests (node:internal/test_runner/test:744:7)
  ...
1..3
# tests 3
# suites 0
# pass 0
# fail 3
# cancelled 0
# skipped 0
# todo 0
# duration_ms 393.034
