TAP version 13
# {"time":"2026-09-21T10:16:08.088Z","level":"info","event":"migration_applied"}
# {"time":"2026-09-21T10:16:08.091Z","level":"info","event":"migration_applied"}
# {"time":"2026-09-21T10:16:08.094Z","level":"info","event":"migration_applied"}
# {"time":"2026-09-21T10:16:08.095Z","level":"info","event":"migration_applied"}
# {"time":"2026-09-21T10:16:08.101Z","level":"info","event":"migration_applied"}
# {"time":"2026-09-21T10:16:08.101Z","level":"info","event":"db_migrations_applied"}
# {"time":"2026-09-21T10:16:08.114Z","level":"info","event":"refund_success"}
# {"time":"2026-09-21T10:16:08.115Z","level":"info","event":"refund_success"}
# {"time":"2026-09-21T10:16:08.116Z","level":"info","event":"refund_success"}
# {"time":"2026-09-21T10:16:08.117Z","level":"info","event":"refund_success"}
# {"time":"2026-09-21T10:16:08.119Z","level":"info","event":"reconciliation_done"}
# Subtest: 成功（无退款）：四账守恒、reconcile 无该单差异
ok 1 - 成功（无退款）：四账守恒、reconcile 无该单差异
  ---
  duration_ms: 2.5136
  type: 'test'
  ...
# Subtest: 全额退款：kind=full、支付单 refunded、账仍平
ok 2 - 全额退款：kind=full、支付单 refunded、账仍平
  ---
  duration_ms: 1.4125
  type: 'test'
  ...
# Subtest: 部分退两次到全退：partial→refunded，超额被拒，账平
ok 3 - 部分退两次到全退：partial→refunded，超额被拒，账平
  ---
  duration_ms: 2.1407
  type: 'test'
  ...
# Subtest: 重复回调/重复请求幂等：同 idemKey 不重复出款
ok 4 - 重复回调/重复请求幂等：同 idemKey 不重复出款
  ---
  duration_ms: 0.9826
  type: 'test'
  ...
# Subtest: 默认旧退款服务不可用：不建退款单、不改支付记录、绝不假退
ok 5 - 默认旧退款服务不可用：不建退款单、不改支付记录、绝不假退
  ---
  duration_ms: 0.6353
  type: 'test'
  ...
# Subtest: runAndReport 落表：balanced 状态与汇总写入 reconciliation_runs
ok 6 - runAndReport 落表：balanced 状态与汇总写入 reconciliation_runs
  ---
  duration_ms: 1.1141
  type: 'test'
  ...
# Subtest: 对账能抓出坏账：费用结构错配 + 已支付状态却无支付流水
ok 7 - 对账能抓出坏账：费用结构错配 + 已支付状态却无支付流水
  ---
  duration_ms: 1.0877
  type: 'test'
  ...
# Subtest: sample payment buttons cannot mark either installment paid
ok 8 - sample payment buttons cannot mark either installment paid
  ---
  duration_ms: 94.8489
  type: 'test'
  ...
# Subtest: unavailable identity verification cannot autoapprove or collect identity documents
ok 9 - unavailable identity verification cannot autoapprove or collect identity documents
  ---
  duration_ms: 22.8861
  type: 'test'
  ...
# Subtest: old transaction status is visible only to the owner of its matching business order
ok 10 - old transaction status is visible only to the owner of its matching business order
  ---
  duration_ms: 22.8208
  type: 'test'
  ...
# Subtest: transaction ownership covers every old order type, collisions, unknown types and orphan records
ok 11 - transaction ownership covers every old order type, collisions, unknown types and orphan records
  ---
  duration_ms: 36.8226
  type: 'test'
  ...
# Subtest: Alipay status returns only owned rows and never queries or advances a payment during a read
ok 12 - Alipay status returns only owned rows and never queries or advances a payment during a read
  ---
  duration_ms: 25.1053
  type: 'test'
  ...
# Subtest: legacy writes, callbacks and Apple receipts are disabled even with configured test providers
ok 13 - legacy writes, callbacks and Apple receipts are disabled even with configured test providers
  ---
  duration_ms: 27.6685
  type: 'test'
  ...
# Subtest: old approved identities stay unchanged but are not exposed as verified or accepted by dependent actions
ok 14 - old approved identities stay unchanged but are not exposed as verified or accepted by dependent actions
  ---
  duration_ms: 27.789
  type: 'test'
  ...
# Subtest: company submissions remain pending and rejected history is not promoted to verified
ok 15 - company submissions remain pending and rejected history is not promoted to verified
  ---
  duration_ms: 20.9523
  type: 'test'
  ...
# Subtest: default finance service cannot create, confirm or refund money in any environment
ok 16 - default finance service cannot create, confirm or refund money in any environment
  ---
  duration_ms: 17.0202
  type: 'test'
  ...
# Subtest: obsolete scripts that expected demo success are stopped before loading services
ok 17 - obsolete scripts that expected demo success are stopped before loading services
  ---
  duration_ms: 251.8824
  type: 'test'
  ...
1..17
# tests 17
# suites 0
# pass 17
# fail 0
# cancelled 0
# skipped 0
# todo 0
# duration_ms 821.5586
