TAP version 13
# {"provider_code":"volcengine","capability_code":"login_sms","error_code":"PROVIDER_NOT_CONFIGURED","time":"2026-09-24T09:37:36.071Z","level":"warn","event":"provider_call_blocked"}
# Subtest: real MySQL and HTTP account lifecycle
    # Subtest: probes work; missing provider evidence and legacy tokens do not grant login
    ok 1 - probes work; missing provider evidence and legacy tokens do not grant login
      ---
      duration_ms: 91.2938
      type: 'test'
      ...
    # Subtest: duplicate SMS requests dispatch once and keep phone/code out of storage and response
    ok 2 - duplicate SMS requests dispatch once and keep phone/code out of storage and response
      ---
      duration_ms: 43.8756
      type: 'test'
      ...
    # Subtest: login consumes once and replays the same protected session even with reordered JSON
    ok 3 - login consumes once and replays the same protected session even with reordered JSON
      ---
      duration_ms: 94.5359
      type: 'test'
      ...
    # Subtest: attempt counters commit on failure; expired and superseded codes are rejected
    ok 4 - attempt counters commit on failure; expired and superseded codes are rejected
      ---
      duration_ms: 213.3691
      type: 'test'
      ...
    # Subtest: different concurrent login keys cannot mint two sessions from one code
    ok 5 - different concurrent login keys cannot mint two sessions from one code
      ---
      duration_ms: 42.1503
      type: 'test'
      ...
    # Subtest: untrusted identities, malformed bodies and oversized input fail without exposing secrets
    ok 6 - untrusted identities, malformed bodies and oversized input fail without exposing secrets
      ---
      duration_ms: 48.942
      type: 'test'
      ...
    # Subtest: provider uncertainty neither reports SENT nor resends an identical request
    ok 7 - provider uncertainty neither reports SENT nor resends an identical request
      ---
      duration_ms: 38.1693
      type: 'test'
      ...
    # Subtest: HTTP invitations require the intended recipient; removal preserves personal identity
    ok 8 - HTTP invitations require the intended recipient; removal preserves personal identity
      ---
      duration_ms: 242.2886
      type: 'test'
      ...
    # Subtest: rename replays original result, rejects stale versions and cursors from another account/resource
    ok 9 - rename replays original result, rejects stale versions and cursors from another account/resource
      ---
      duration_ms: 145.3733
      type: 'test'
      ...
    # Subtest: declining and owner revocation create no membership; unknown caller fields are rejected
    ok 10 - declining and owner revocation create no membership; unknown caller fields are rejected
      ---
      duration_ms: 124.1379
      type: 'test'
      ...
    # Subtest: logout, expiry and account suspension are enforced on subsequent HTTP calls
    ok 11 - logout, expiry and account suspension are enforced on subsequent HTTP calls
      ---
      duration_ms: 84.7225
      type: 'test'
      ...
    # Subtest: rate limits survive a fresh repository and browser origins are explicit
    ok 12 - rate limits survive a fresh repository and browser origins are explicit
      ---
      duration_ms: 30.1611
      type: 'test'
      ...
    # Subtest: audit failure rolls back account, session and consumption; retry works after repair
    ok 13 - audit failure rolls back account, session and consumption; retry works after repair
      ---
      duration_ms: 34.7231
      type: 'test'
      ...
    # Subtest: sessions survive fresh composition and expired secrets can be removed
    ok 14 - sessions survive fresh composition and expired secrets can be removed
      ---
      duration_ms: 47.5242
      type: 'test'
      ...
# {"request_id":"58f14a49-ef61-47ae-9ed1-4fa9edfd5680","provider_code":"volcengine","capability_code":"login_sms","error_code":"PROVIDER_NOT_CONFIGURED","time":"2026-09-24T09:37:37.310Z","level":"warn","event":"provider_call_blocked"}
    # Subtest: actual server entry starts only with explicit MySQL configuration and leaves SMS disabled
    ok 15 - actual server entry starts only with explicit MySQL configuration and leaves SMS disabled
      ---
      duration_ms: 41.3401
      type: 'test'
      ...
    1..15
ok 1 - real MySQL and HTTP account lifecycle
  ---
  duration_ms: 3105.2797
  type: 'test'
  ...
# {"time":"2026-09-24T09:37:34.114Z","level":"info","event":"migration_applied"}
# {"time":"2026-09-24T09:37:34.119Z","level":"info","event":"migration_applied"}
# {"time":"2026-09-24T09:37:34.124Z","level":"info","event":"migration_applied"}
# {"time":"2026-09-24T09:37:34.125Z","level":"info","event":"migration_applied"}
# {"time":"2026-09-24T09:37:34.145Z","level":"info","event":"migration_applied"}
# {"time":"2026-09-24T09:37:34.148Z","level":"info","event":"migration_applied"}
# {"time":"2026-09-24T09:37:34.148Z","level":"info","event":"db_migrations_applied"}
# {"time":"2026-09-24T09:37:34.172Z","level":"info","event":"ai_deliverable_version"}
# {"time":"2026-09-24T09:37:34.174Z","level":"info","event":"ai_deliverable_version"}
# {"time":"2026-09-24T09:37:34.176Z","level":"info","event":"ai_deliverable_version"}
# {"time":"2026-09-24T09:37:34.177Z","level":"info","event":"ai_regenerate"}
# {"time":"2026-09-24T09:37:34.177Z","level":"info","event":"ai_deliverable_version"}
# {"time":"2026-09-24T09:37:34.189Z","level":"info","event":"ai_deliverable_version"}
# {"time":"2026-09-24T09:37:34.190Z","level":"info","event":"ai_deliverable_review"}
# {"time":"2026-09-24T09:37:34.190Z","level":"info","event":"ai_deliverable_version"}
# Subtest: webhook 验签：错误签名拒绝、缺密钥拒绝
ok 2 - webhook 验签：错误签名拒绝、缺密钥拒绝
  ---
  duration_ms: 3.6804
  type: 'test'
  ...
# Subtest: 合法 webhook 成功推进并幂等：重复回调不重复出版本
ok 3 - 合法 webhook 成功推进并幂等：重复回调不重复出版本
  ---
  duration_ms: 2.7092
  type: 'test'
  ...
# Subtest: 轮询与回调 CAS 互斥：先 finalize 者推进，另一方不重复
ok 4 - 轮询与回调 CAS 互斥：先 finalize 者推进，另一方不重复
  ---
  duration_ms: 1.5436
  type: 'test'
  ...
# Subtest: 重做生成新版本行：parent 关联、版本号递增、不覆盖旧文件
ok 5 - 重做生成新版本行：parent 关联、版本号递增、不覆盖旧文件
  ---
  duration_ms: 2.6279
  type: 'test'
  ...
# Subtest: 审核开关开启：干净内容 pending_review→人工 approve；命中敏感词直接 rejected
ok 6 - 审核开关开启：干净内容 pending_review→人工 approve；命中敏感词直接 rejected
  ---
  duration_ms: 12.8766
  type: 'test'
  ...
# Subtest: auth requires explicit secret and encrypted replay binds to its request
ok 7 - auth requires explicit secret and encrypted replay binds to its request
  ---
  duration_ms: 4.219
  type: 'test'
  ...
# Subtest: auth security configuration rejects invalid bounds
ok 8 - auth security configuration rejects invalid bounds
  ---
  duration_ms: 0.6367
  type: 'test'
  ...
# Subtest: configured SMS refuses SDK debug logging before any network call
ok 9 - configured SMS refuses SDK debug logging before any network call
  ---
  duration_ms: 5.8687
  type: 'test'
  ...
# Subtest: CI rejects failure, empty output, missing totals and nonzero process exits
ok 10 - CI rejects failure, empty output, missing totals and nonzero process exits
  ---
  duration_ms: 2.2017
  type: 'test'
  ...
# Subtest: CI only permits the named missing legacy snapshot skip, never skipped MySQL suites
ok 11 - CI only permits the named missing legacy snapshot skip, never skipped MySQL suites
  ---
  duration_ms: 4.2358
  type: 'test'
  ...
# {"time":"2026-09-24T09:37:34.135Z","level":"info","event":"migration_applied"}
# {"time":"2026-09-24T09:37:34.141Z","level":"info","event":"migration_applied"}
# {"time":"2026-09-24T09:37:34.146Z","level":"info","event":"migration_applied"}
# {"time":"2026-09-24T09:37:34.148Z","level":"info","event":"migration_applied"}
# {"time":"2026-09-24T09:37:34.160Z","level":"info","event":"migration_applied"}
# {"time":"2026-09-24T09:37:34.164Z","level":"info","event":"migration_applied"}
# {"time":"2026-09-24T09:37:34.164Z","level":"info","event":"db_migrations_applied"}
# {"time":"2026-09-24T09:37:34.191Z","level":"info","event":"refund_success"}
# {"time":"2026-09-24T09:37:34.192Z","level":"info","event":"refund_success"}
# {"time":"2026-09-24T09:37:34.194Z","level":"info","event":"refund_success"}
# {"time":"2026-09-24T09:37:34.197Z","level":"info","event":"refund_success"}
# {"time":"2026-09-24T09:37:34.200Z","level":"info","event":"reconciliation_done"}
# Subtest: 成功（无退款）：四账守恒、reconcile 无该单差异
ok 12 - 成功（无退款）：四账守恒、reconcile 无该单差异
  ---
  duration_ms: 4.3003
  type: 'test'
  ...
# Subtest: 全额退款：kind=full、支付单 refunded、账仍平
ok 13 - 全额退款：kind=full、支付单 refunded、账仍平
  ---
  duration_ms: 2.5092
  type: 'test'
  ...
# Subtest: 部分退两次到全退：partial→refunded，超额被拒，账平
ok 14 - 部分退两次到全退：partial→refunded，超额被拒，账平
  ---
  duration_ms: 4.0414
  type: 'test'
  ...
# Subtest: 重复回调/重复请求幂等：同 idemKey 不重复出款
ok 15 - 重复回调/重复请求幂等：同 idemKey 不重复出款
  ---
  duration_ms: 1.8065
  type: 'test'
  ...
# Subtest: 默认旧退款服务不可用：不建退款单、不改支付记录、绝不假退
ok 16 - 默认旧退款服务不可用：不建退款单、不改支付记录、绝不假退
  ---
  duration_ms: 1.1597
  type: 'test'
  ...
# Subtest: runAndReport 落表：balanced 状态与汇总写入 reconciliation_runs
ok 17 - runAndReport 落表：balanced 状态与汇总写入 reconciliation_runs
  ---
  duration_ms: 2.102
  type: 'test'
  ...
# Subtest: 对账能抓出坏账：费用结构错配 + 已支付状态却无支付流水
ok 18 - 对账能抓出坏账：费用结构错配 + 已支付状态却无支付流水
  ---
  duration_ms: 3.0354
  type: 'test'
  ...
# Subtest: content module runs without database, login, provider or third-party dependencies
ok 19 - content module runs without database, login, provider or third-party dependencies
  ---
  duration_ms: 116.6954
  type: 'test'
  ...
# Subtest: key ordering does not change content identity; wording and array order do
ok 20 - key ordering does not change content identity; wording and array order do
  ---
  duration_ms: 1.6285
  type: 'test'
  ...
# Subtest: JSON roundtrip preserves the hash, including Unicode and numeric-looking keys
ok 21 - JSON roundtrip preserves the hash, including Unicode and numeric-looking keys
  ---
  duration_ms: 0.3192
  type: 'test'
  ...
# Subtest: ambiguous values, accessors and hidden data are rejected without running getters
ok 22 - ambiguous values, accessors and hidden data are rejected without running getters
  ---
  duration_ms: 0.7956
  type: 'test'
  ...
# Subtest: cycles, sparse arrays, invalid Unicode, excessive depth and byte size are rejected
ok 23 - cycles, sparse arrays, invalid Unicode, excessive depth and byte size are rejected
  ---
  duration_ms: 1.758
  type: 'test'
  ...
# Subtest: special object keys stay data and cannot change prototypes
ok 24 - special object keys stay data and cannot change prototypes
  ---
  duration_ms: 0.2505
  type: 'test'
  ...
# Subtest: rules are deeply detached and frozen; new wording requires new content
ok 25 - rules are deeply detached and frozen; new wording requires new content
  ---
  duration_ms: 3.0035
  type: 'test'
  ...
# Subtest: empty or missing commitments never acquire invented business defaults
ok 26 - empty or missing commitments never acquire invented business defaults
  ---
  duration_ms: 3.5048
  type: 'test'
  ...
# Subtest: draft, review, merely approved, retired and future rules cannot enter new snapshots
ok 27 - draft, review, merely approved, retired and future rules cannot enter new snapshots
  ---
  duration_ms: 3.2744
  type: 'test'
  ...
# Subtest: timestamps must be explicit UTC instants and real calendar dates
ok 28 - timestamps must be explicit UTC instants and real calendar dates
  ---
  duration_ms: 1.1838
  type: 'test'
  ...
# Subtest: later rule changes and retirement do not rewrite historical commitments
ok 29 - later rule changes and retirement do not rewrite historical commitments
  ---
  duration_ms: 1.1338
  type: 'test'
  ...
# Subtest: duplicate parties or conflicting versions of the same rule are rejected
ok 30 - duplicate parties or conflicting versions of the same rule are rejected
  ---
  duration_ms: 2.1683
  type: 'test'
  ...
# Subtest: tampered promises, participants or nested rule content are detected after storage roundtrip
ok 31 - tampered promises, participants or nested rule content are detected after storage roundtrip
  ---
  duration_ms: 1.5459
  type: 'test'
  ...
# Subtest: sealing never grants signed, paid or effective-license status
ok 32 - sealing never grants signed, paid or effective-license status
  ---
  duration_ms: 1.2786
  type: 'test'
  ...
# Subtest: unknown formats are rejected, instead of being silently reinterpreted
ok 33 - unknown formats are rejected, instead of being silently reinterpreted
  ---
  duration_ms: 1.8649
  type: 'test'
  ...
# Subtest: reviewed contract sources and business service checks use real isolated MySQL
    # Subtest: valid login alone cannot record, review or seal; request principals cannot be forged
    ok 1 - valid login alone cannot record, review or seal; request principals cannot be forged
      ---
      duration_ms: 14.1926
      type: 'test'
      ...
    # Subtest: draft source requires an explicit review; immutable content then becomes an unsigned snapshot
    ok 2 - draft source requires an explicit review; immutable content then becomes an unsigned snapshot
      ---
      duration_ms: 60.1971
      type: 'test'
      ...
    # Subtest: a revised promise creates a new version and cannot replace old source or snapshot
    ok 3 - a revised promise creates a new version and cannot replace old source or snapshot
      ---
      duration_ms: 77.6635
      type: 'test'
      ...
    # Subtest: retries and concurrent reviews produce one source and one accepted version
    ok 4 - retries and concurrent reviews produce one source and one accepted version
      ---
      duration_ms: 73.219
      type: 'test'
      ...
    # Subtest: unrelated readers, missing rules and unknown terms are not silently accepted
    ok 5 - unrelated readers, missing rules and unknown terms are not silently accepted
      ---
      duration_ms: 23.0889
      type: 'test'
      ...
    # Subtest: withdrawal prevents first sealing but does not delete already preserved history
    ok 6 - withdrawal prevents first sealing but does not delete already preserved history
      ---
      duration_ms: 91.0757
      type: 'test'
      ...
    # Subtest: source audit failure rolls back both content and retry record
    ok 7 - source audit failure rolls back both content and retry record
      ---
      duration_ms: 30.1065
      type: 'test'
      ...
    # Subtest: modified source content and withdrawn reader membership fail before sealing
    ok 8 - modified source content and withdrawn reader membership fail before sealing
      ---
      duration_ms: 61.9447
      type: 'test'
      ...
    # Subtest: default service blocks all external business actions even for preserved contracts
    ok 9 - default service blocks all external business actions even for preserved contracts
      ---
      duration_ms: 27.722
      type: 'test'
      ...
    # Subtest: service state requires matching environment, configuration revision and verification evidence
    ok 10 - service state requires matching environment, configuration revision and verification evidence
      ---
      duration_ms: 36.5413
      type: 'test'
      ...
    # Subtest: command defaults to offline preview and requires a real session before execution
    ok 11 - command defaults to offline preview and requires a real session before execution
      ---
      duration_ms: 32.0297
      type: 'test'
      ...
    # Subtest: reviewed persisted source is returned through the real authorized HTTP endpoint
    ok 12 - reviewed persisted source is returned through the real authorized HTTP endpoint
      ---
      duration_ms: 124.9496
      type: 'test'
      ...
    1..12
ok 34 - reviewed contract sources and business service checks use real isolated MySQL
  ---
  duration_ms: 2559.0198
  type: 'test'
  ...
# Subtest: isolated MySQL preserves rule history, private snapshots and atomic records
    # Subtest: upgrading the authentication schema preserves records and applies governance migrations once
    ok 1 - upgrading the authentication schema preserves records and applies governance migrations once
      ---
      duration_ms: 1584.8118
      type: 'test'
      ...
    # Subtest: authentication and privileged operations deny by default, not by caller role fields
    ok 2 - authentication and privileged operations deny by default, not by caller role fields
      ---
      duration_ms: 13.5892
      type: 'test'
      ...
    # Subtest: concurrent retries create one rule and one audit, while changed content conflicts
    ok 3 - concurrent retries create one rule and one audit, while changed content conflicts
      ---
      duration_ms: 29.8158
      type: 'test'
      ...
    # Subtest: review steps cannot be skipped; concurrent transitions enforce the original version
    ok 4 - review steps cannot be skipped; concurrent transitions enforce the original version
      ---
      duration_ms: 23.8593
      type: 'test'
      ...
    # Subtest: future rules stay unusable, without scheduled or automatic approval
    ok 5 - future rules stay unusable, without scheduled or automatic approval
      ---
      duration_ms: 39.5192
      type: 'test'
      ...
    # Subtest: snapshot creation requires a trusted source; caller cannot supply party or promise fields
    ok 6 - snapshot creation requires a trusted source; caller cannot supply party or promise fields
      ---
      duration_ms: 5.3472
      type: 'test'
      ...
    # Subtest: same source under concurrent different keys creates one snapshot and one audit
    ok 7 - same source under concurrent different keys creates one snapshot and one audit
      ---
      duration_ms: 38.7901
      type: 'test'
      ...
    # Subtest: later terms and retirement do not replace the frozen source, including retry with a new key
    ok 8 - later terms and retirement do not replace the frozen source, including retry with a new key
      ---
      duration_ms: 48.7296
      type: 'test'
      ...
    # Subtest: organization membership alone grants no contract reading rights
    ok 9 - organization membership alone grants no contract reading rights
      ---
      duration_ms: 73.3029
      type: 'test'
      ...
    # Subtest: retirement racing with sealing produces either old immutable content or a rejection
    ok 10 - retirement racing with sealing produces either old immutable content or a rejection
      ---
      duration_ms: 33.7696
      type: 'test'
      ...
    # Subtest: replayed results do not bypass removed reader grants or suspended accounts
    ok 11 - replayed results do not bypass removed reader grants or suspended accounts
      ---
      duration_ms: 39.7044
      type: 'test'
      ...
    # Subtest: audit failure rolls back the snapshot, reader grants and idempotency result
    ok 12 - audit failure rolls back the snapshot, reader grants and idempotency result
      ---
      duration_ms: 29.8786
      type: 'test'
      ...
    # Subtest: rule creation and transitions also roll back when their audit cannot be saved
    ok 13 - rule creation and transitions also roll back when their audit cannot be saved
      ---
      duration_ms: 19.4823
      type: 'test'
      ...
    # Subtest: stored content changes are detected, rather than silently trusted on read
    ok 14 - stored content changes are detected, rather than silently trusted on read
      ---
      duration_ms: 33.4275
      type: 'test'
      ...
    # Subtest: real HTTP requires a valid session and explicit contract grant in the acting party
    ok 15 - real HTTP requires a valid session and explicit contract grant in the acting party
      ---
      duration_ms: 108.6496
      type: 'test'
      ...
    # Subtest: HTTP rule reads use the historical snapshot and cannot expose unrelated rule versions
    ok 16 - HTTP rule reads use the historical snapshot and cannot expose unrelated rule versions
      ---
      duration_ms: 74.4061
      type: 'test'
      ...
    # Subtest: HTTP never exposes mutation, approval or fabricated file metadata routes
    ok 17 - HTTP never exposes mutation, approval or fabricated file metadata routes
      ---
      duration_ms: 50.9301
      type: 'test'
      ...
    # Subtest: HTTP rechecks membership and grants, and masks stored corruption without leaking content
    ok 18 - HTTP rechecks membership and grants, and masks stored corruption without leaking content
      ---
      duration_ms: 53.6062
      type: 'test'
      ...
    # Subtest: HTTP rejects revoked and expired sessions and inactive accounts on each read
    ok 19 - HTTP rejects revoked and expired sessions and inactive accounts on each read
      ---
      duration_ms: 54.2636
      type: 'test'
      ...
    # Subtest: a fresh connection reads saved content and empty database creation applies the same plan
    ok 20 - a fresh connection reads saved content and empty database creation applies the same plan
      ---
      duration_ms: 1148.4883
      type: 'test'
      ...
    # Subtest: persisted explicit permission enables only its named operation and survives new composition
    ok 21 - persisted explicit permission enables only its named operation and survives new composition
      ---
      duration_ms: 17.489
      type: 'test'
      ...
    # Subtest: revoked permission rejects a formerly successful idempotent request
    ok 22 - revoked permission rejects a formerly successful idempotent request
      ---
      duration_ms: 14.8017
      type: 'test'
      ...
    # Subtest: expiration and account suspension are evaluated on every privileged operation
    ok 23 - expiration and account suspension are evaluated on every privileged operation
      ---
      duration_ms: 19.6129
      type: 'test'
      ...
    # Subtest: concurrent maintenance rejects stale versions and retains both historical states
    ok 24 - concurrent maintenance rejects stale versions and retains both historical states
      ---
      duration_ms: 9.4727
      type: 'test'
      ...
    # Subtest: grant and history commit atomically; maintenance cannot silently omit evidence fields
    ok 25 - grant and history commit atomically; maintenance cannot silently omit evidence fields
      ---
      duration_ms: 8.8991
      type: 'test'
      ...
    # Subtest: maintenance CLI previews without a database and writes only with explicit apply
    ok 26 - maintenance CLI previews without a database and writes only with explicit apply
      ---
      duration_ms: 28.0438
      type: 'test'
      ...
    1..26
ok 35 - isolated MySQL preserves rule history, private snapshots and atomic records
  ---
  duration_ms: 3988.0448
  type: 'test'
  ...
# Subtest: field encryption requires exactly 32 UTF8 bytes without default or truncation
ok 36 - field encryption requires exactly 32 UTF8 bytes without default or truncation
  ---
  duration_ms: 3.0131
  type: 'test'
  ...
# Subtest: field encryption reads legacy AES-GCM format, uses fresh IVs, and round trips Unicode
ok 37 - field encryption reads legacy AES-GCM format, uses fresh IVs, and round trips Unicode
  ---
  duration_ms: 4.0349
  type: 'test'
  ...
# Subtest: wrong key or damaged ciphertext is an explicit sanitized error, never an empty identity
ok 38 - wrong key or damaged ciphertext is an explicit sanitized error, never an empty identity
  ---
  duration_ms: 3.3771
  type: 'test'
  ...
# Subtest: sample library query works with nullable video links and keeps old data
ok 39 - sample library query works with nullable video links and keeps old data
  ---
  duration_ms: 144.8922
  type: 'test'
  ...
# Subtest: script submission records only metadata digest and never claims external evidence
ok 40 - script submission records only metadata digest and never claims external evidence
  ---
  duration_ms: 72.6887
  type: 'test'
  ...
# Subtest: watermark placeholders cannot fabricate success with any configured provider
ok 41 - watermark placeholders cannot fabricate success with any configured provider
  ---
  duration_ms: 0.9363
  type: 'test'
  ...
# Subtest: all three delivery routes reject before changing orders or contacting providers
ok 42 - all three delivery routes reject before changing orders or contacting providers
  ---
  duration_ms: 83.1198
  type: 'test'
  ...
# Subtest: application startup rejects missing production and malformed supplied keys before database access
ok 43 - application startup rejects missing production and malformed supplied keys before database access
  ---
  duration_ms: 1505.9788
  type: 'test'
  ...
# Subtest: agency cannot bind an artist or overwrite their identity even by claiming consent
ok 44 - agency cannot bind an artist or overwrite their identity even by claiming consent
  ---
  duration_ms: 153.0114
  type: 'test'
  ...
# Subtest: removing unrelated or historical members cannot overwrite any identity or delete history
ok 45 - removing unrelated or historical members cannot overwrite any identity or delete history
  ---
  duration_ms: 47.8521
  type: 'test'
  ...
# Subtest: agency application only records pending materials and preserves personal identity
ok 46 - agency application only records pending materials and preserves personal identity
  ---
  duration_ms: 50.8028
  type: 'test'
  ...
# Subtest: historical relationships grant no access to artist income, lists or exports
ok 47 - historical relationships grant no access to artist income, lists or exports
  ---
  duration_ms: 67.4677
  type: 'test'
  ...
# Subtest: batch payout and fan analytics cannot fabricate submission or statistics
ok 48 - batch payout and fan analytics cannot fabricate submission or statistics
  ---
  duration_ms: 51.2222
  type: 'test'
  ...
# Subtest: old delivered flags cannot settle money or pay MCN commission through HTTP or internal caller
ok 49 - old delivered flags cannot settle money or pay MCN commission through HTTP or internal caller
  ---
  duration_ms: 50.3978
  type: 'test'
  ...
# Subtest: sample payment buttons cannot mark either installment paid
ok 50 - sample payment buttons cannot mark either installment paid
  ---
  duration_ms: 171.8745
  type: 'test'
  ...
# Subtest: unavailable identity verification cannot autoapprove or collect identity documents
ok 51 - unavailable identity verification cannot autoapprove or collect identity documents
  ---
  duration_ms: 39.1248
  type: 'test'
  ...
# Subtest: old transaction status is visible only to the owner of its matching business order
ok 52 - old transaction status is visible only to the owner of its matching business order
  ---
  duration_ms: 54.8649
  type: 'test'
  ...
# Subtest: transaction ownership covers every old order type, collisions, unknown types and orphan records
ok 53 - transaction ownership covers every old order type, collisions, unknown types and orphan records
  ---
  duration_ms: 85.4235
  type: 'test'
  ...
# Subtest: Alipay status returns only owned rows and never queries or advances a payment during a read
ok 54 - Alipay status returns only owned rows and never queries or advances a payment during a read
  ---
  duration_ms: 50.1575
  type: 'test'
  ...
# Subtest: legacy writes, callbacks and Apple receipts are disabled even with configured test providers
ok 55 - legacy writes, callbacks and Apple receipts are disabled even with configured test providers
  ---
  duration_ms: 49.3945
  type: 'test'
  ...
# Subtest: old approved identities stay unchanged but are not exposed as verified or accepted by dependent actions
ok 56 - old approved identities stay unchanged but are not exposed as verified or accepted by dependent actions
  ---
  duration_ms: 60.5542
  type: 'test'
  ...
# Subtest: company submissions remain pending and rejected history is not promoted to verified
ok 57 - company submissions remain pending and rejected history is not promoted to verified
  ---
  duration_ms: 36.0627
  type: 'test'
  ...
# Subtest: default finance service cannot create, confirm or refund money in any environment
ok 58 - default finance service cannot create, confirm or refund money in any environment
  ---
  duration_ms: 25.1815
  type: 'test'
  ...
# Subtest: obsolete scripts that expected demo success are stopped before loading services
ok 59 - obsolete scripts that expected demo success are stopped before loading services
  ---
  duration_ms: 320.5083
  type: 'test'
  ...
# Subtest: 场景1 全新库：一次迁移到最新，版本齐全、新增工程表存在
ok 60 - 场景1 全新库：一次迁移到最新，版本齐全、新增工程表存在
  ---
  duration_ms: 82.4101
  type: 'test'
  ...
# Subtest: 场景2 旧库升级：缺列老库经迁移补齐到最新且不重建已有表数据
ok 61 - 场景2 旧库升级：缺列老库经迁移补齐到最新且不重建已有表数据
  ---
  duration_ms: 315.3289
  type: 'test'
  ...
# Subtest: 场景3 重复执行幂等：第二次全部跳过、结构与版本不重复
ok 62 - 场景3 重复执行幂等：第二次全部跳过、结构与版本不重复
  ---
  duration_ms: 45.1122
  type: 'test'
  ...
# Subtest: 等价性：001 初始迁移结构 == 改造前生产库（58表/列集合一致）
ok 63 - 等价性：001 初始迁移结构 == 改造前生产库（58表/列集合一致） # SKIP 未提供显式脱敏旧库样本，未执行结构等价比较
  ---
  duration_ms: 0.4291
  type: 'test'
  ...
# Subtest: 006 adds sample URL and classifies no historical digest; existing manually added URL survives
ok 64 - 006 adds sample URL and classifies no historical digest; existing manually added URL survives
  ---
  duration_ms: 49.023
  type: 'test'
  ...
# Subtest: MySQL config is explicit, bounded and never defaults to a database
ok 65 - MySQL config is explicit, bounded and never defaults to a database
  ---
  duration_ms: 3.0315
  type: 'test'
  ...
# Subtest: Production cannot disable TLS, use root or load missing trust material
ok 66 - Production cannot disable TLS, use root or load missing trust material
  ---
  duration_ms: 0.5605
  type: 'test'
  ...
# Subtest: Legacy SQLite is permitted only in local/test; mysql and typo never fall back
ok 67 - Legacy SQLite is permitted only in local/test; mysql and typo never fall back
  ---
  duration_ms: 1.6067
  type: 'test'
  ...
# Subtest: Legacy entry rejects before SQLite is imported or a database is opened
ok 68 - Legacy entry rejects before SQLite is imported or a database is opened
  ---
  duration_ms: 79.4896
  type: 'test'
  ...
# Subtest: test command network guard blocks external TCP before a provider request
ok 69 - test command network guard blocks external TCP before a provider request
  ---
  duration_ms: 1.0494
  type: 'test'
  ...
# Subtest: Real isolated MySQL8 foundation
    # Subtest: status on a fresh database is read-only
    ok 1 - status on a fresh database is read-only
      ---
      duration_ms: 32.6325
      type: 'test'
      ...
    # Subtest: new schema applies once, repeated migration is a no-op
    ok 2 - new schema applies once, repeated migration is a no-op
      ---
      duration_ms: 1552.9879
      type: 'test'
      ...
    # Subtest: parameters, UTC, utf8mb4 and BIGINT are preserved
    ok 3 - parameters, UTC, utf8mb4 and BIGINT are preserved
      ---
      duration_ms: 46.1057
      type: 'test'
      ...
    # Subtest: business transaction commits, rolls back and refuses implicit-commit SQL
    ok 4 - business transaction commits, rolls back and refuses implicit-commit SQL
      ---
      duration_ms: 13.5625
      type: 'test'
      ...
    # Subtest: concurrent business updates keep both increments
    ok 5 - concurrent business updates keep both increments
      ---
      duration_ms: 8.2195
      type: 'test'
      ...
    # Subtest: a second migration session cannot acquire the same database lock
    ok 6 - a second migration session cannot acquire the same database lock
      ---
      duration_ms: 43.6654
      type: 'test'
      ...
    # Subtest: historical checksum/name drift and inserted older migration are rejected
    ok 7 - historical checksum/name drift and inserted older migration are rejected
      ---
      duration_ms: 129.9262
      type: 'test'
      ...
    # Subtest: DDL failure keeps earlier commits, blocks silent replay and supports inspected retry
    ok 8 - DDL failure keeps earlier commits, blocks silent replay and supports inspected retry
      ---
      duration_ms: 245.7405
      type: 'test'
      ...
    # Subtest: connection loss preserves APPLYING and refuses unsafe automatic retry
    ok 9 - connection loss preserves APPLYING and refuses unsafe automatic retry
      ---
      duration_ms: 80.728
      type: 'test'
      ...
    # Subtest: wrong credentials fail without connecting to SQLite
    ok 10 - wrong credentials fail without connecting to SQLite
      ---
      duration_ms: 10.3479
      type: 'test'
      ...
    1..10
ok 70 - Real isolated MySQL8 foundation
  ---
  duration_ms: 2632.1802
  type: 'test'
  ...
# Real MySQL 8.4.11 on loopback:33316; generated jx_test_* databases only
# Subtest: party rules load with built-ins only, without database or provider modules
ok 71 - party rules load with built-ins only, without database or provider modules
  ---
  duration_ms: 103.812
  type: 'test'
  ...
# Subtest: pending organization owner can manage membership but gains no commercial authority
ok 72 - pending organization owner can manage membership but gains no commercial authority
  ---
  duration_ms: 1.1893
  type: 'test'
  ...
# Subtest: inactive membership, missing membership and suspended/closed parties expose no actions
ok 73 - inactive membership, missing membership and suspended/closed parties expose no actions
  ---
  duration_ms: 0.3735
  type: 'test'
  ...
# Subtest: owner-only actions reject ordinary members, personal parties and missing memberships
ok 74 - owner-only actions reject ordinary members, personal parties and missing memberships
  ---
  duration_ms: 0.8382
  type: 'test'
  ...
# Subtest: invitation transition checks version, pending status and numeric expiry in order
ok 75 - invitation transition checks version, pending status and numeric expiry in order
  ---
  duration_ms: 0.9136
  type: 'test'
  ...
# Subtest: input validation refuses injected authority, invalid references and oversized unicode names
ok 76 - input validation refuses injected authority, invalid references and oversized unicode names
  ---
  duration_ms: 0.8588
  type: 'test'
  ...
# Subtest: MySQL party identity, consent, authority and transactional audit
    # Subtest: upgrading from the seven prior migrations preserves data and applies only new tables
    ok 1 - upgrading from the seven prior migrations preserves data and applies only new tables
      ---
      duration_ms: 1458.6341
      type: 'test'
      ...
    # Subtest: default authentication is denied and caller actor/roles cannot be injected
    ok 2 - default authentication is denied and caller actor/roles cannot be injected
      ---
      duration_ms: 27.7566
      type: 'test'
      ...
    # Subtest: same verified subject registers one account and one personal party under concurrency
    ok 3 - same verified subject registers one account and one personal party under concurrency
      ---
      duration_ms: 25.1908
      type: 'test'
      ...
    # Subtest: organization creation is idempotent without overwriting the personal party
    ok 4 - organization creation is idempotent without overwriting the personal party
      ---
      duration_ms: 50.3193
      type: 'test'
      ...
    # Subtest: individual authors and organizations can request multiple capabilities without activating business
    ok 5 - individual authors and organizations can request multiple capabilities without activating business
      ---
      duration_ms: 79.8285
      type: 'test'
      ...
    # Subtest: pending invitation grants no membership and only its intended account can respond
    ok 6 - pending invitation grants no membership and only its intended account can respond
      ---
      duration_ms: 68.2928
      type: 'test'
      ...
    # Subtest: cross-party identifiers and outsider mutation are rejected
    ok 7 - cross-party identifiers and outsider mutation are rejected
      ---
      duration_ms: 40.8372
      type: 'test'
      ...
    # Subtest: concurrent same-key acceptance produces one membership and one audit event
    ok 8 - concurrent same-key acceptance produces one membership and one audit event
      ---
      duration_ms: 55.6175
      type: 'test'
      ...
    # Subtest: concurrent invitations to the same person produce only one pending invitation
    ok 9 - concurrent invitations to the same person produce only one pending invitation
      ---
      duration_ms: 53.052
      type: 'test'
      ...
    # Subtest: accept and revoke races yield one transition and never create membership after revocation
    ok 10 - accept and revoke races yield one transition and never create membership after revocation
      ---
      duration_ms: 41.6139
      type: 'test'
      ...
    # Subtest: declined, revoked, stale and expired invitations cannot activate membership
    ok 11 - declined, revoked, stale and expired invitations cannot activate membership
      ---
      duration_ms: 158.1719
      type: 'test'
      ...
    # Subtest: suspended accounts and parties cannot mutate or replay successful operations
    ok 12 - suspended accounts and parties cannot mutate or replay successful operations
      ---
      duration_ms: 48.0421
      type: 'test'
      ...
    # Subtest: pending acceptance rechecks the inviter and idempotent replay rechecks the owner
    ok 13 - pending acceptance rechecks the inviter and idempotent replay rechecks the owner
      ---
      duration_ms: 53.6885
      type: 'test'
      ...
    # Subtest: removal preserves identity/history, affects only one organization, and forbids replay after revocation
    ok 14 - removal preserves identity/history, affects only one organization, and forbids replay after revocation
      ---
      duration_ms: 117.1306
      type: 'test'
      ...
    # Subtest: audit failure rolls back invitation, membership and replay result together
    ok 15 - audit failure rolls back invitation, membership and replay result together
      ---
      duration_ms: 43.7217
      type: 'test'
      ...
    # Subtest: input rejects missing versions, unknown fields and invalid or past expiry
    ok 16 - input rejects missing versions, unknown fields and invalid or past expiry
      ---
      duration_ms: 34.2706
      type: 'test'
      ...
    # Subtest: accepted identity and audit survive reconnect without provider calls or a process cache
    ok 17 - accepted identity and audit survive reconnect without provider calls or a process cache
      ---
      duration_ms: 49.4569
      type: 'test'
      ...
    1..17
ok 77 - MySQL party identity, consent, authority and transactional audit
  ---
  duration_ms: 2744.1441
  type: 'test'
  ...
# Subtest: all declared provider interfaces fail closed without implementations
ok 78 - all declared provider interfaces fail closed without implementations
  ---
  duration_ms: 5.0863
  type: 'test'
  ...
# Subtest: configuration alone, wrong environment, stale proof and disabled status never call a provider
ok 79 - configuration alone, wrong environment, stale proof and disabled status never call a provider
  ---
  duration_ms: 1.8386
  type: 'test'
  ...
# Subtest: timeout reports unknown outcome, aborts and never automatically repeats payment
ok 80 - timeout reports unknown outcome, aborts and never automatically repeats payment
  ---
  duration_ms: 18.5769
  type: 'test'
  ...
# Subtest: provider error bodies and logger metadata do not leak credentials or private URLs
ok 81 - provider error bodies and logger metadata do not leak credentials or private URLs
  ---
  duration_ms: 1.3766
  type: 'test'
  ...
# Subtest: private files require permission and verified configuration, never local fallback
ok 82 - private files require permission and verified configuration, never local fallback
  ---
  duration_ms: 2.3706
  type: 'test'
  ...
# Subtest: private OSS writes enforce private ACL and no overwrite; scoped URLs expire and calls are checked every time
ok 83 - private OSS writes enforce private ACL and no overwrite; scoped URLs expire and calls are checked every time
  ---
  duration_ms: 2.5956
  type: 'test'
  ...
# Subtest: changing OSS credentials invalidates proof and real SDK signs V4 offline over HTTPS
ok 84 - changing OSS credentials invalidates proof and real SDK signs V4 offline over HTTPS
  ---
  duration_ms: 377.6736
  type: 'test'
  ...
# Subtest: health stays up, readiness reflects actual dependencies, and concurrent request IDs stay separate
ok 85 - health stays up, readiness reflects actual dependencies, and concurrent request IDs stay separate
  ---
  duration_ms: 80.1109
  type: 'test'
  ...
# Subtest: OSS failures never produce a successful or public result; revocation is checked before each read
ok 86 - OSS failures never produce a successful or public result; revocation is checked before each read
  ---
  duration_ms: 2.6456
  type: 'test'
  ...
# {"error_code":"PRIVATE_STORAGE_UNAVAILABLE","time":"2026-09-24T09:37:35.213Z","level":"warn","event":"legacy_private_upload_blocked"}
# Subtest: legacy photo upload returns a clear failure and never creates a record when private storage is unavailable
ok 87 - legacy photo upload returns a clear failure and never creates a record when private storage is unavailable
  ---
  duration_ms: 78.1505
  type: 'test'
  ...
# Subtest: real isolated MySQL persists provider status, evidence and concurrent edits
    # Subtest: database readiness requires applied migrations, not just a connection
    ok 1 - database readiness requires applied migrations, not just a connection
      ---
      duration_ms: 1546.1619
      type: 'test'
      ...
    # Subtest: recording is denied by default and requires genuine server-side evidence checking
    ok 2 - recording is denied by default and requires genuine server-side evidence checking
      ---
      duration_ms: 6.0574
      type: 'test'
      ...
    # Subtest: configuration is saved but does not authorize real calls
    ok 3 - configuration is saved but does not authorize real calls
      ---
      duration_ms: 14.3732
      type: 'test'
      ...
    # Subtest: verified evidence survives closing and reopening the database connection
    ok 4 - verified evidence survives closing and reopening the database connection
      ---
      duration_ms: 18.0237
      type: 'test'
      ...
    # Subtest: disabling and awaiting approval keep history but block new calls
    ok 5 - disabling and awaiting approval keep history but block new calls
      ---
      duration_ms: 15.2796
      type: 'test'
      ...
    # Subtest: two concurrent updates cannot overwrite each other silently
    ok 6 - two concurrent updates cannot overwrite each other silently
      ---
      duration_ms: 14.451
      type: 'test'
      ...
    # Subtest: history write failure rolls back both status and version
    ok 7 - history write failure rolls back both status and version
      ---
      duration_ms: 6.555
      type: 'test'
      ...
    # Subtest: re-enabling requires fresh evidence and preserves earlier verification
    ok 8 - re-enabling requires fresh evidence and preserves earlier verification
      ---
      duration_ms: 7.2934
      type: 'test'
      ...
    # Subtest: capabilities have separate status even for the same provider
    ok 9 - capabilities have separate status even for the same provider
      ---
      duration_ms: 7.2592
      type: 'test'
      ...
    1..9
ok 88 - real isolated MySQL persists provider status, evidence and concurrent edits
  ---
  duration_ms: 1997.4769
  type: 'test'
  ...
# {"time":"2026-09-24T09:37:34.860Z","level":"warn","event":"alert:unit_test_event"}
# Subtest: providerStatus 返回六类通道就绪度且不含任何密钥字段
ok 89 - providerStatus 返回六类通道就绪度且不含任何密钥字段
  ---
  duration_ms: 1.6559
  type: 'test'
  ...
# Subtest: alert 未配置 webhook 时只落日志、不外发、不抛错
ok 90 - alert 未配置 webhook 时只落日志、不外发、不抛错
  ---
  duration_ms: 2.2091
  type: 'test'
  ...
# Subtest: Apple IAP 缺共享密钥/缺票据时拒绝，绝不伪造成功
ok 91 - Apple IAP 缺共享密钥/缺票据时拒绝，绝不伪造成功
  ---
  duration_ms: 1.0571
  type: 'test'
  ...
# Subtest: legacy storage permits only explicit public local test files
ok 92 - legacy storage permits only explicit public local test files
  ---
  duration_ms: 19.3678
  type: 'test'
  ...
# Subtest: unknown test suite fails instead of running another module
ok 93 - unknown test suite fails instead of running another module
  ---
  duration_ms: 77.2438
  type: 'test'
  ...
# Subtest: requesting one legacy router does not load payment or unrelated routers
ok 94 - requesting one legacy router does not load payment or unrelated routers
  ---
  duration_ms: 132.4615
  type: 'test'
  ...
# Subtest: Real MySQL durable jobs, outbox and independent worker
    # Subtest: same business intent is idempotent; conflicting intent is rejected, case remains distinct
    ok 1 - same business intent is idempotent; conflicting intent is rejected, case remains distinct
      ---
      duration_ms: 1459.7415
      type: 'test'
      ...
    # Subtest: business transaction and outbox both roll back; publish requires explicit transaction
    ok 2 - business transaction and outbox both roll back; publish requires explicit transaction
      ---
      duration_ms: 998.3517
      type: 'test'
      ...
    # Subtest: parallel outbox dispatch atomically creates one durable job per event, repeat is a no-op
    ok 3 - parallel outbox dispatch atomically creates one durable job per event, repeat is a no-op
      ---
      duration_ms: 837.8454
      type: 'test'
      ...
    # Subtest: conflicting outbox intent is visibly blocked and does not replace the original job
    ok 4 - conflicting outbox intent is visibly blocked and does not replace the original job
      ---
      duration_ms: 626.9526
      type: 'test'
      ...
    # Subtest: failure between job insertion and outbox acknowledgement rolls both back and can be replayed
    ok 5 - failure between job insertion and outbox acknowledgement rolls both back and can be replayed
      ---
      duration_ms: 659.2776
      type: 'test'
      ...
    # Subtest: concurrent workers claim one job once while its lease is valid
    ok 6 - concurrent workers claim one job once while its lease is valid
      ---
      duration_ms: 725.2246
      type: 'test'
      ...
    # Subtest: expired lease takeover fences old acknowledgement, heartbeat and provider-task updates
    ok 7 - expired lease takeover fences old acknowledgement, heartbeat and provider-task updates
      ---
      duration_ms: 640.24
      type: 'test'
      ...
    # Subtest: retry is delayed, capped and manually resumed without erasing attempt history
    ok 8 - retry is delayed, capped and manually resumed without erasing attempt history
      ---
      duration_ms: 717.8026
      type: 'test'
      ...
    # Subtest: crashed job at its attempt limit becomes failed instead of disappearing or retrying forever
    ok 9 - crashed job at its attempt limit becomes failed instead of disappearing or retrying forever
      ---
      duration_ms: 804.0173
      type: 'test'
      ...
    # Subtest: worker renews a long-running handler lease; other worker cannot take it over
    ok 10 - worker renews a long-running handler lease; other worker cannot take it over
      ---
      duration_ms: 2194.7384
      type: 'test'
      ...
    # Subtest: missing handlers and ambiguous handler errors block without fake success or immediate replay
    ok 11 - missing handlers and ambiguous handler errors block without fake success or immediate replay
      ---
      duration_ms: 726.2215
      type: 'test'
      ...
    # Subtest: active worker aborts after lease takeover and cannot overwrite its successor result
    ok 12 - active worker aborts after lease takeover and cannot overwrite its successor result
      ---
      duration_ms: 866.696
      type: 'test'
      ...
    # Subtest: provider retry without a recovery adapter becomes blocked instead of executing again
    ok 13 - provider retry without a recovery adapter becomes blocked instead of executing again
      ---
      duration_ms: 683.0501
      type: 'test'
      ...
    # Subtest: unknown provider submission is reconciled by stable key, never blindly resubmitted
    ok 14 - unknown provider submission is reconciled by stable key, never blindly resubmitted
      ---
      duration_ms: 674.6143
      type: 'test'
      ...
    # Subtest: separate process crash preserves provider task ID and a new process recovers it
    ok 15 - separate process crash preserves provider task ID and a new process recovers it
      ---
      duration_ms: 1060.4694
      type: 'test'
      ...
    # Subtest: graceful stop signals a handler, leaves durable recovery and does not claim the next task
    ok 16 - graceful stop signals a handler, leaves durable recovery and does not claim the next task
      ---
      duration_ms: 730.704
      type: 'test'
      ...
    1..16
ok 95 - Real MySQL durable jobs, outbox and independent worker
  ---
  duration_ms: 17638.4575
  type: 'test'
  ...
# Subtest: worker CLI fails visibly while domain adapters are not enabled
ok 96 - worker CLI fails visibly while domain adapters are not enabled
  ---
  duration_ms: 254.6669
  type: 'test'
  ...
# Subtest: worker intent requires explicit retry budget and bounded references
ok 97 - worker intent requires explicit retry budget and bounded references
  ---
  duration_ms: 0.6218
  type: 'test'
  ...
# Subtest: stopping during claim never starts the newly acquired handler
ok 98 - stopping during claim never starts the newly acquired handler
  ---
  duration_ms: 6.0577
  type: 'test'
  ...
# Subtest: API and historical scheduler do not bootstrap timers or visual recovery
ok 99 - API and historical scheduler do not bootstrap timers or visual recovery
  ---
  duration_ms: 1.293
  type: 'test'
  ...
1..99
# tests 204
# suites 0
# pass 203
# fail 0
# cancelled 0
# skipped 1
# todo 0
# duration_ms 18880.909
