TAP version 13
# {"provider_code":"volcengine","capability_code":"login_sms","error_code":"PROVIDER_NOT_CONFIGURED","time":"2026-09-23T04:40:08.680Z","level":"warn","event":"provider_call_blocked"}
# Subtest: real MySQL and HTTP account lifecycle
    # Subtest: probes work; missing provider evidence and legacy tokens do not grant login
    ok 1 - probes work; missing provider evidence and legacy tokens do not grant login
      ---
      duration_ms: 67.0561
      type: 'test'
      ...
    # Subtest: duplicate SMS requests dispatch once and keep phone/code out of storage and response
    ok 2 - duplicate SMS requests dispatch once and keep phone/code out of storage and response
      ---
      duration_ms: 28.8968
      type: 'test'
      ...
    # Subtest: login consumes once and replays the same protected session even with reordered JSON
    ok 3 - login consumes once and replays the same protected session even with reordered JSON
      ---
      duration_ms: 56.4737
      type: 'test'
      ...
    # Subtest: attempt counters commit on failure; expired and superseded codes are rejected
    ok 4 - attempt counters commit on failure; expired and superseded codes are rejected
      ---
      duration_ms: 115.1476
      type: 'test'
      ...
    # Subtest: different concurrent login keys cannot mint two sessions from one code
    ok 5 - different concurrent login keys cannot mint two sessions from one code
      ---
      duration_ms: 20.4462
      type: 'test'
      ...
    # Subtest: untrusted identities, malformed bodies and oversized input fail without exposing secrets
    ok 6 - untrusted identities, malformed bodies and oversized input fail without exposing secrets
      ---
      duration_ms: 23.1266
      type: 'test'
      ...
    # Subtest: provider uncertainty neither reports SENT nor resends an identical request
    ok 7 - provider uncertainty neither reports SENT nor resends an identical request
      ---
      duration_ms: 19.8204
      type: 'test'
      ...
    # Subtest: HTTP invitations require the intended recipient; removal preserves personal identity
    ok 8 - HTTP invitations require the intended recipient; removal preserves personal identity
      ---
      duration_ms: 138.7484
      type: 'test'
      ...
    # Subtest: rename replays original result, rejects stale versions and cursors from another account/resource
    ok 9 - rename replays original result, rejects stale versions and cursors from another account/resource
      ---
      duration_ms: 75.0282
      type: 'test'
      ...
    # Subtest: declining and owner revocation create no membership; unknown caller fields are rejected
    ok 10 - declining and owner revocation create no membership; unknown caller fields are rejected
      ---
      duration_ms: 69.6907
      type: 'test'
      ...
    # Subtest: logout, expiry and account suspension are enforced on subsequent HTTP calls
    ok 11 - logout, expiry and account suspension are enforced on subsequent HTTP calls
      ---
      duration_ms: 51.1101
      type: 'test'
      ...
    # Subtest: rate limits survive a fresh repository and browser origins are explicit
    ok 12 - rate limits survive a fresh repository and browser origins are explicit
      ---
      duration_ms: 20.1103
      type: 'test'
      ...
    # Subtest: audit failure rolls back account, session and consumption; retry works after repair
    ok 13 - audit failure rolls back account, session and consumption; retry works after repair
      ---
      duration_ms: 25.3004
      type: 'test'
      ...
    # Subtest: sessions survive fresh composition and expired secrets can be removed
    ok 14 - sessions survive fresh composition and expired secrets can be removed
      ---
      duration_ms: 24.0477
      type: 'test'
      ...
# {"request_id":"89f1a391-6d16-460a-80ab-d817266fffc2","provider_code":"volcengine","capability_code":"login_sms","error_code":"PROVIDER_NOT_CONFIGURED","time":"2026-09-23T04:40:09.408Z","level":"warn","event":"provider_call_blocked"}
    # Subtest: actual server entry starts only with explicit MySQL configuration and leaves SMS disabled
    ok 15 - actual server entry starts only with explicit MySQL configuration and leaves SMS disabled
      ---
      duration_ms: 55.7699
      type: 'test'
      ...
    1..15
ok 1 - real MySQL and HTTP account lifecycle
  ---
  duration_ms: 1554.6699
  type: 'test'
  ...
# Subtest: auth requires explicit secret and encrypted replay binds to its request
ok 2 - auth requires explicit secret and encrypted replay binds to its request
  ---
  duration_ms: 2.2991
  type: 'test'
  ...
# Subtest: auth security configuration rejects invalid bounds
ok 3 - auth security configuration rejects invalid bounds
  ---
  duration_ms: 0.3335
  type: 'test'
  ...
# Subtest: configured SMS refuses SDK debug logging before any network call
ok 4 - configured SMS refuses SDK debug logging before any network call
  ---
  duration_ms: 15.3204
  type: 'test'
  ...
1..4
# tests 19
# suites 0
# pass 19
# fail 0
# cancelled 0
# skipped 0
# todo 0
# duration_ms 1830.9137
