* daemon not running; starting now at tcp:5037
* daemon started successfully
--------- beginning of main
09-09 15:33:47.137 26829 26829 I flutter : [PERF 1061289ms] tab tap i=1 from=0
09-09 15:33:47.166 26829 26829 I flutter : [PERF 1061318ms] projects load start
09-09 15:33:47.185 26829 26829 I flutter : [PERF 1061337ms] request_start GET /api/projects
09-09 15:33:48.077 26829 26829 I flutter : [PERF 1062229ms] tab tap i=3 from=1
09-09 15:33:48.093 26829 26829 I flutter : [PERF 1062245ms] messages postFrame->load
09-09 15:33:48.093 26829 26829 I flutter : [PERF 1062245ms] messages load start
09-09 15:33:48.094 26829 26829 I flutter : [PERF 1062246ms] request_start GET /api/messages/conversations
09-09 15:33:48.722 26829 26829 I flutter : [PERF 1062874ms] request_error GET /api/messages/conversations  628ms DioExceptionType.badResponse status=401
09-09 15:33:48.745 26829 26829 I flutter : [PERF 1062897ms] messages meaningful frame  n=1
09-09 15:33:50.384 26829 26829 I flutter : [PERF 1064536ms] request_end GET /api/projects  3198ms status=200
09-09 15:33:50.430 26829 26829 I flutter : [PERF 1064582ms] projects meaningful frame  n=3
09-09 15:33:53.867 26829 26829 I flutter : [PERF 1068019ms] tab tap i=4 from=3
09-09 15:33:53.917 26829 26829 I flutter : [PERF 1068069ms] profile postFrame logged=true
09-09 15:33:53.917 26829 26829 I flutter : [PERF 1068069ms] profile loadStats start
09-09 15:33:53.918 26829 26829 I flutter : [PERF 1068070ms] request_start GET /api/orders/all
09-09 15:33:54.522 26829 26829 I flutter : [PERF 1068674ms] request_error GET /api/orders/all  604ms DioExceptionType.badResponse status=401
09-09 15:33:54.524 26829 26829 I flutter : [PERF 1068676ms] request_start GET /api/settlement/wallet
09-09 15:33:55.266 26829 26829 I flutter : [PERF 1069418ms] request_error GET /api/settlement/wallet  741ms DioExceptionType.badResponse status=401
09-09 15:33:55.329 26829 26829 I flutter : [PERF 1069480ms] profile meaningful frame  orders=3
09-09 15:33:59.064 26829 26829 I flutter : [PERF 1073215ms] tab tap i=3 from=4
09-09 15:34:01.260 26829 26829 I flutter : [PERF 1075412ms] request_start POST /api/messages/conversations
09-09 15:34:02.835 26829 26829 I flutter : [PERF 1076987ms] request_error POST /api/messages/conversations  1574ms DioExceptionType.badResponse status=401
09-09 15:34:02.836 26829 26829 I flutter : [PERF 1076988ms] request_start GET /api/messages/conversations/1/messages
09-09 15:34:03.052 26829 26829 I flutter : [PERF 1077204ms] request_error GET /api/messages/conversations/1/messages  216ms DioExceptionType.badResponse status=401
