* daemon not running; starting now at tcp:5037
* daemon started successfully
--------- beginning of main
09-09 16:51:40.436 15136 15202 I flutter : The Dart VM service is listening on http://127.0.0.1:36689/qIJQ89dWxzA=/
09-09 16:51:40.677 15136 15191 I flutter : [IMPORTANT:flutter/shell/platform/android/android_context_vk_impeller.cc(62)] Using the Impeller rendering backend (Vulkan).
09-09 16:55:18.826 15136 15136 I flutter : [PERF     0ms] home initState
09-09 16:55:18.919 15136 15136 I flutter : [PERF    92ms] home projects meaningful frame  n=3
09-09 16:55:18.919 15136 15136 I flutter : [PERF    92ms] home artists meaningful frame  n=7
09-09 16:55:24.384 15136 15136 I flutter : [PERF  5557ms] tab tap i=1 from=0
09-09 16:55:24.398 15136 15136 I flutter : [PERF  5572ms] projects load start
09-09 16:55:24.465 15136 15136 I flutter : [PERF  5639ms] projects meaningful frame  n=3
09-09 16:55:25.165 15136 15136 I flutter : [PERF  6339ms] tab tap i=3 from=1
09-09 16:55:25.175 15136 15136 I flutter : [PERF  6348ms] messages postFrame->load
09-09 16:55:25.175 15136 15136 I flutter : [PERF  6348ms] messages load start
09-09 16:55:25.188 15136 15136 I flutter : [PERF  6362ms] messages meaningful frame  n=1
09-09 16:55:26.417 15136 15136 I flutter : [PERF  7591ms] tab tap i=4 from=3
09-09 16:55:26.454 15136 15136 I flutter : [PERF  7627ms] profile postFrame logged=true
09-09 16:55:26.454 15136 15136 I flutter : [PERF  7627ms] profile loadStats start
09-09 16:55:26.473 15136 15136 I flutter : [PERF  7647ms] profile meaningful frame  orders=3
09-09 16:55:28.498 15136 15136 I flutter : [PERF  9671ms] tab tap i=0 from=4
09-09 16:55:28.975 15136 15136 I flutter : [PERF 10149ms] tab tap i=1 from=0
09-09 16:55:29.929 15136 15136 I flutter : [PERF 11103ms] projects load start
09-09 16:55:29.932 15136 15136 I flutter : [PERF 11105ms] projects meaningful frame  n=3
09-09 16:57:04.654 15136 15136 I flutter : [PERF 105827ms] tab tap i=3 from=1
09-09 16:57:22.402 15136 15136 I flutter : [PERF 123576ms] tab tap i=3 from=3
09-09 16:57:22.722 15136 15136 I flutter : [PERF 123895ms] tab tap i=4 from=3
09-09 16:57:23.075 15136 15136 I flutter : [PERF 124249ms] tab tap i=1 from=4
09-09 16:57:25.700 15136 15136 I flutter : [PERF 126874ms] tab tap i=0 from=1
09-09 16:57:26.479 15136 15136 I flutter : [PERF 127652ms] tab tap i=1 from=0
09-09 16:57:29.937 15136 15136 I flutter : [PERF 131110ms] tab tap i=3 from=1
09-09 16:57:30.632 15136 15136 I flutter : [PERF 131805ms] tab tap i=4 from=3
09-09 16:57:31.069 15136 15136 I flutter : [PERF 132243ms] tab tap i=0 from=4
09-09 16:57:45.308 15136 15136 I flutter : [PERF 146481ms] tab tap i=4 from=0
09-09 16:57:45.795 15136 15136 I flutter : [PERF 146968ms] tab tap i=3 from=4
09-09 16:57:57.270 15136 15136 I flutter : [PERF 158443ms] tab tap i=1 from=3
09-09 16:57:58.220 15136 15136 I flutter : [PERF 159394ms] tab tap i=0 from=1
