* daemon not running; starting now at tcp:5037
* daemon started successfully
--------- beginning of main
09-09 14:17:13.774 21751 21904 I flutter : The Dart VM service is listening on http://127.0.0.1:35179/1jAhDjcWQbM=/
09-09 14:17:13.778 21751 21880 I flutter : [IMPORTANT:flutter/shell/platform/android/android_context_vk_impeller.cc(62)] Using the Impeller rendering backend (Vulkan).
09-09 14:22:11.349 21751 21751 I flutter : [PERF     0ms] home initState
09-09 14:22:11.394 21751 21751 I flutter : [PERF    45ms] request_start GET /api/projects
09-09 14:22:11.394 21751 21751 I flutter : [PERF    45ms] request_start GET /api/humans
09-09 14:22:12.435 21751 21751 I flutter : [PERF  1085ms] request_end GET /api/humans  1040ms status=200
09-09 14:22:12.515 21751 21751 I flutter : [PERF  1166ms] home artists meaningful frame  n=6
09-09 14:22:12.770 21751 21751 I flutter : [PERF  1420ms] tab tap i=1 from=0
09-09 14:22:12.795 21751 21751 I flutter : [PERF  1446ms] projects load start
09-09 14:22:12.815 21751 21751 I flutter : [PERF  1466ms] request_start GET /api/projects
09-09 14:22:13.054 21751 21751 I flutter : [PERF  1705ms] request_end GET /api/projects  239ms status=200
09-09 14:22:13.121 21751 21751 I flutter : [PERF  1772ms] projects meaningful frame  n=3
09-09 14:22:13.395 21751 21751 I flutter : [PERF  2046ms] request_end GET /api/projects  2001ms status=200
09-09 14:22:13.398 21751 21751 I flutter : [PERF  2049ms] tab tap i=3 from=1
09-09 14:22:13.437 21751 21751 I flutter : [PERF  2087ms] home projects meaningful frame  n=3
09-09 14:22:13.437 21751 21751 I flutter : [PERF  2087ms] messages postFrame->load
09-09 14:22:13.437 21751 21751 I flutter : [PERF  2087ms] messages load start
09-09 14:22:13.438 21751 21751 I flutter : [PERF  2088ms] request_start GET /api/messages/conversations
09-09 14:22:13.670 21751 21751 I flutter : [PERF  2321ms] request_error GET /api/messages/conversations  232ms DioExceptionType.badResponse
09-09 14:22:13.687 21751 21751 I flutter : [PERF  2338ms] messages meaningful frame  n=1
09-09 14:22:13.970 21751 21751 I flutter : [PERF  2621ms] tab tap i=4 from=3
09-09 14:22:14.011 21751 21751 I flutter : [PERF  2662ms] profile postFrame logged=true
09-09 14:22:14.011 21751 21751 I flutter : [PERF  2662ms] profile loadStats start
09-09 14:22:14.013 21751 21751 I flutter : [PERF  2664ms] request_start GET /api/orders/all
09-09 14:22:14.257 21751 21751 I flutter : [PERF  2908ms] request_error GET /api/orders/all  244ms DioExceptionType.badResponse
09-09 14:22:14.259 21751 21751 I flutter : [PERF  2910ms] request_start GET /api/settlement/wallet
09-09 14:22:14.493 21751 21751 I flutter : [PERF  3144ms] request_error GET /api/settlement/wallet  234ms DioExceptionType.badResponse
09-09 14:22:14.511 21751 21751 I flutter : [PERF  3162ms] profile meaningful frame  orders=3
09-09 14:22:14.602 21751 21751 I flutter : [PERF  3253ms] tab tap i=1 from=4
09-09 14:22:14.867 21751 21751 I flutter : [PERF  3517ms] tab tap i=0 from=1
09-09 14:22:17.578 21751 21751 I flutter : [PERF  6229ms] tab tap i=3 from=0
09-09 14:22:18.099 21751 21751 I flutter : [PERF  6750ms] tab tap i=4 from=3
09-09 14:22:18.824 21751 21751 I flutter : [PERF  7475ms] request_start GET /api/humans
09-09 14:22:19.493 21751 21751 I flutter : [PERF  8144ms] request_error GET /api/humans  669ms DioExceptionType.badResponse
09-09 14:22:29.293 21751 21751 I flutter : [PERF 17944ms] request_start GET /api/humans
09-09 14:22:30.045 21751 21751 I flutter : [PERF 18695ms] request_error GET /api/humans  751ms DioExceptionType.badResponse
09-09 14:22:32.582 21751 21751 I flutter : [PERF 21232ms] tab tap i=1 from=4
09-09 14:22:33.047 21751 21751 I flutter : [PERF 21697ms] tab tap i=0 from=1
09-09 14:22:35.697 21751 21751 I flutter : [PERF 24347ms] projects load start
09-09 14:22:35.717 21751 21751 I flutter : [PERF 24367ms] request_start GET /api/projects
09-09 14:22:36.410 21751 21751 I flutter : [PERF 25061ms] request_end GET /api/projects  693ms status=200
09-09 14:22:36.443 21751 21751 I flutter : [PERF 25093ms] projects meaningful frame  n=3
09-09 14:22:42.873 21751 21751 I flutter : [PERF 31524ms] request_start GET /api/humans
09-09 14:22:44.415 21751 21751 I flutter : [PERF 33065ms] request_end GET /api/humans  1541ms status=200
09-09 14:22:48.900 21751 21751 I flutter : [PERF 37551ms] request_start GET /api/humans/3
09-09 14:22:48.901 21751 21751 I flutter : [PERF 37551ms] request_start GET /api/order-reviews/talent/3
09-09 14:22:49.594 21751 21751 I flutter : [PERF 38245ms] request_end GET /api/order-reviews/talent/3  693ms status=200
09-09 14:22:50.329 21751 21751 I flutter : [PERF 38980ms] request_end GET /api/humans/3  1428ms status=200
09-09 14:23:04.905 21751 21751 I flutter : [PERF 53555ms] request_start GET /api/humans
09-09 14:23:07.435 21751 21751 I flutter : [PERF 56086ms] request_end GET /api/humans  2530ms status=200
09-09 14:23:12.638 21751 21751 I flutter : [PERF 61289ms] request_start GET /api/humans
09-09 14:23:15.792 21751 21751 I flutter : [PERF 64443ms] request_end GET /api/humans  3154ms status=200
09-09 14:23:17.969 21751 21751 I flutter : [PERF 66620ms] request_start GET /api/humans/4
09-09 14:23:17.970 21751 21751 I flutter : [PERF 66620ms] request_start GET /api/order-reviews/talent/4
09-09 14:23:18.195 21751 21751 I flutter : [PERF 66845ms] request_end GET /api/humans/4  225ms status=200
09-09 14:23:18.672 21751 21751 I flutter : [PERF 67323ms] request_end GET /api/order-reviews/talent/4  702ms status=200
09-09 14:23:25.464 21751 21751 I flutter : [PERF 74114ms] request_start GET /api/humans/2
09-09 14:23:25.464 21751 21751 I flutter : [PERF 74115ms] request_start GET /api/order-reviews/talent/2
09-09 14:23:26.148 21751 21751 I flutter : [PERF 74799ms] request_end GET /api/order-reviews/talent/2  683ms status=200
09-09 14:23:27.209 21751 21751 I flutter : [PERF 75860ms] request_end GET /api/humans/2  1745ms status=200
09-09 14:23:41.066 21751 21751 I flutter : [PERF 89717ms] tab tap i=1 from=0
09-09 14:23:42.772 21751 21751 I flutter : [PERF 91423ms] tab tap i=3 from=1
09-09 14:23:43.369 21751 21751 I flutter : [PERF 92020ms] tab tap i=4 from=3
09-09 14:23:44.143 21751 21751 I flutter : [PERF 92794ms] tab tap i=4 from=4
09-09 14:23:44.883 21751 21751 I flutter : [PERF 93534ms] tab tap i=1 from=4
09-09 14:23:45.448 21751 21751 I flutter : [PERF 94099ms] tab tap i=0 from=1
09-09 14:23:46.066 21751 21751 I flutter : [PERF 94717ms] tab tap i=1 from=0
09-09 14:23:46.687 21751 21751 I flutter : [PERF 95338ms] tab tap i=4 from=1
09-09 14:23:47.601 21751 21751 I flutter : [PERF 96251ms] tab tap i=4 from=4
09-09 14:23:48.442 21751 21751 I flutter : [PERF 97093ms] tab tap i=1 from=4
09-09 14:23:49.110 21751 21751 I flutter : [PERF 97761ms] tab tap i=3 from=1
09-09 14:23:49.538 21751 21751 I flutter : [PERF 98189ms] tab tap i=4 from=3
09-09 14:23:49.889 21751 21751 I flutter : [PERF 98539ms] tab tap i=4 from=4
09-09 14:23:50.400 21751 21751 I flutter : [PERF 99051ms] tab tap i=0 from=4
09-09 14:23:50.752 21751 21751 I flutter : [PERF 99403ms] tab tap i=0 from=0
09-09 14:23:51.058 21751 21751 I flutter : [PERF 99709ms] tab tap i=1 from=0
09-09 14:23:51.231 21751 21751 I flutter : [PERF 99882ms] tab tap i=1 from=1
09-09 14:23:51.835 21751 21751 I flutter : [PERF 100485ms] tab tap i=3 from=1
09-09 14:23:52.135 21751 21751 I flutter : [PERF 100786ms] tab tap i=4 from=3
09-09 14:23:52.386 21751 21751 I flutter : [PERF 101037ms] tab tap i=4 from=4
09-09 14:23:52.792 21751 21751 I flutter : [PERF 101443ms] tab tap i=3 from=4
09-09 14:23:53.276 21751 21751 I flutter : [PERF 101927ms] tab tap i=1 from=3
09-09 14:23:53.796 21751 21751 I flutter : [PERF 102447ms] tab tap i=0 from=1
09-09 14:23:54.357 21751 21751 I flutter : [PERF 103007ms] tab tap i=1 from=0
09-09 14:23:54.895 21751 21751 I flutter : [PERF 103546ms] tab tap i=3 from=1
09-09 14:23:55.340 21751 21751 I flutter : [PERF 103991ms] tab tap i=4 from=3
09-09 14:23:55.740 21751 21751 I flutter : [PERF 104391ms] tab tap i=3 from=4
09-09 14:23:56.612 21751 21751 I flutter : [PERF 105263ms] tab tap i=0 from=3
09-09 14:23:58.543 21751 21751 I flutter : [PERF 107194ms] request_start GET /api/humans/1
09-09 14:23:58.544 21751 21751 I flutter : [PERF 107195ms] request_start GET /api/order-reviews/talent/1
09-09 14:23:59.259 21751 21751 I flutter : [PERF 107909ms] request_end GET /api/order-reviews/talent/1  714ms status=200
09-09 14:23:59.472 21751 21751 I flutter : [PERF 108123ms] request_end GET /api/humans/1  928ms status=200
09-09 14:24:05.828 21751 21751 I flutter : [PERF 114479ms] request_start GET /api/humans/2
09-09 14:24:05.828 21751 21751 I flutter : [PERF 114479ms] request_start GET /api/order-reviews/talent/2
09-09 14:24:06.483 21751 21751 I flutter : [PERF 115133ms] request_end GET /api/order-reviews/talent/2  654ms status=200
09-09 14:24:06.546 21751 21751 I flutter : [PERF 115197ms] request_end GET /api/humans/2  718ms status=200
09-09 14:24:08.841 21751 21751 I flutter : [PERF 117492ms] tab tap i=3 from=0
09-09 14:24:09.918 21751 21751 I flutter : [PERF 118568ms] request_start POST /api/messages/conversations
09-09 14:24:10.624 21751 21751 I flutter : [PERF 119275ms] request_error POST /api/messages/conversations  706ms DioExceptionType.badResponse
09-09 14:24:10.626 21751 21751 I flutter : [PERF 119277ms] request_start GET /api/messages/conversations/1/messages
09-09 14:24:10.859 21751 21751 I flutter : [PERF 119510ms] request_error GET /api/messages/conversations/1/messages  232ms DioExceptionType.badResponse
09-09 14:24:14.487 21751 21751 I flutter : [PERF 123137ms] request_start POST /api/messages/conversations
09-09 14:24:15.146 21751 21751 I flutter : [PERF 123797ms] request_error POST /api/messages/conversations  659ms DioExceptionType.badResponse
09-09 14:24:15.147 21751 21751 I flutter : [PERF 123798ms] request_start GET /api/messages/conversations/1/messages
09-09 14:24:15.393 21751 21751 I flutter : [PERF 124043ms] request_error GET /api/messages/conversations/1/messages  245ms DioExceptionType.badResponse
