TAP version 13
# Subtest: consent requires explicit period, scope and evidence without defaulting to broad rights
ok 1 - consent requires explicit period, scope and evidence without defaulting to broad rights
  ---
  duration_ms: 4.5766
  type: 'test'
  ...
# Subtest: future, expired, pending and withdrawn consents never satisfy the scope check
ok 2 - future, expired, pending and withdrawn consents never satisfy the scope check
  ---
  duration_ms: 0.4358
  type: 'test'
  ...
# Subtest: face, voice, distribution purpose and territory remain distinct
ok 3 - face, voice, distribution purpose and territory remain distinct
  ---
  duration_ms: 0.3043
  type: 'test'
  ...
# Subtest: supply HTTP, immutable works, private materials and personal consents with isolated MySQL
    # Subtest: raw private upload hashes actual bytes and repeated request does not upload twice
    ok 1 - raw private upload hashes actual bytes and repeated request does not upload twice
      ---
      duration_ms: 37.063
      type: 'test'
      ...
    # Subtest: private bytes require ownership or permission to an actually submitted record
    ok 2 - private bytes require ownership or permission to an actually submitted record
      ---
      duration_ms: 38.6773
      type: 'test'
      ...
    # Subtest: profile submission preserves evidence and cannot be approved by its submitter
    ok 3 - profile submission preserves evidence and cannot be approved by its submitter
      ---
      duration_ms: 54.4968
      type: 'test'
      ...
    # Subtest: original work retains separate authors and rights holders, foreign private material is denied
    ok 4 - original work retains separate authors and rights holders, foreign private material is denied
      ---
      duration_ms: 35.074
      type: 'test'
      ...
    # Subtest: submission exposes materials to the appropriate reviewers, with no self approval
    ok 5 - submission exposes materials to the appropriate reviewers, with no self approval
      ---
      duration_ms: 42.2672
      type: 'test'
      ...
    # Subtest: rights and content approvals remain independent; no license or publishing success
    ok 6 - rights and content approvals remain independent; no license or publishing success
      ---
      duration_ms: 29.3103
      type: 'test'
      ...
    # Subtest: concurrent revisions serialize, retain the old approved version and reset review results
    ok 7 - concurrent revisions serialize, retain the old approved version and reset review results
      ---
      duration_ms: 30.2937
      type: 'test'
      ...
    # Subtest: adaptation fails closed without a verified project and license binding
    ok 8 - adaptation fails closed without a verified project and license binding
      ---
      duration_ms: 12.2811
      type: 'test'
      ...
    # Subtest: list and pagination respect selected party and explicit review permissions
    ok 9 - list and pagination respect selected party and explicit review permissions
      ---
      duration_ms: 41.7068
      type: 'test'
      ...
    # Subtest: avatar materials are separate from personal face/voice consent and cannot be given by an institution
    ok 10 - avatar materials are separate from personal face/voice consent and cannot be given by an institution
      ---
      duration_ms: 37.0799
      type: 'test'
      ...
    # Subtest: reviewed consent only matches its explicit scope; it does not enable generation or identity verification
    ok 11 - reviewed consent only matches its explicit scope; it does not enable generation or identity verification
      ---
      duration_ms: 40.2579
      type: 'test'
      ...
    # Subtest: withdrawal is personal, immediately stops scope matching and atomically records one pending event
    ok 12 - withdrawal is personal, immediately stops scope matching and atomically records one pending event
      ---
      duration_ms: 47.0615
      type: 'test'
      ...
# {"provider_code":"aliyun-oss","capability_code":"private_assets","error_code":"PROVIDER_NOT_CONFIGURED","time":"2026-09-25T09:01:44.979Z","level":"warn","event":"provider_call_blocked"}
    # Subtest: missing real private storage configuration never creates a READY asset or fake public URL
    ok 13 - missing real private storage configuration never creates a READY asset or fake public URL
      ---
      duration_ms: 15.1177
      type: 'test'
      ...
    # Subtest: audit failure rolls back new records and idempotency results
    ok 14 - audit failure rolls back new records and idempotency results
      ---
      duration_ms: 8.5134
      type: 'test'
      ...
    # Subtest: institution owners can apply but a reviewer belonging to the same institution cannot approve it
    ok 15 - institution owners can apply but a reviewer belonging to the same institution cannot approve it
      ---
      duration_ms: 58.8676
      type: 'test'
      ...
    # Subtest: work withdrawal preserves the approved original and revoked requests cannot mutate the withdrawn version
    ok 16 - work withdrawal preserves the approved original and revoked requests cannot mutate the withdrawn version
      ---
      duration_ms: 32.2092
      type: 'test'
      ...
    # Subtest: storage corruption is refused and errors never reveal private bytes or object keys
    ok 17 - storage corruption is refused and errors never reveal private bytes or object keys
      ---
      duration_ms: 8.9887
      type: 'test'
      ...
    # Subtest: removed membership, suspended accounts and revoked reviewer permissions fail on every request
    ok 18 - removed membership, suspended accounts and revoked reviewer permissions fail on every request
      ---
      duration_ms: 26.9629
      type: 'test'
      ...
    1..18
ok 4 - supply HTTP, immutable works, private materials and personal consents with isolated MySQL
  ---
  duration_ms: 1901.3366
  type: 'test'
  ...
# Subtest: original and project adaptation are distinct and require explicit source/project references
ok 5 - original and project adaptation are distinct and require explicit source/project references
  ---
  duration_ms: 4.5206
  type: 'test'
  ...
# Subtest: caller cannot inject commercial approval or omit explicit metadata
ok 6 - caller cannot inject commercial approval or omit explicit metadata
  ---
  duration_ms: 0.3877
  type: 'test'
  ...
# Subtest: output is detached and deeply frozen, preventing later edits from changing the old version
ok 7 - output is detached and deeply frozen, preventing later edits from changing the old version
  ---
  duration_ms: 0.2635
  type: 'test'
  ...
# Subtest: evidence references alone do not approve rights and missing material prevents submission
ok 8 - evidence references alone do not approve rights and missing material prevents submission
  ---
  duration_ms: 1.3768
  type: 'test'
  ...
# Subtest: evidence identifiers must be bounded, unique UUIDs and never public URLs
ok 9 - evidence identifiers must be bounded, unique UUIDs and never public URLs
  ---
  duration_ms: 0.5058
  type: 'test'
  ...
# Subtest: rights and content each need a separate review, in either order
ok 10 - rights and content each need a separate review, in either order
  ---
  duration_ms: 2.1507
  type: 'test'
  ...
# Subtest: content approval never overrides rejected rights or a request for more materials
ok 11 - content approval never overrides rejected rights or a request for more materials
  ---
  duration_ms: 0.7876
  type: 'test'
  ...
# Subtest: review cannot occur before submission, overwrite an existing decision or use a stale version
ok 12 - review cannot occur before submission, overwrite an existing decision or use a stale version
  ---
  duration_ms: 0.7279
  type: 'test'
  ...
# Subtest: new revision preserves identity, changes content without inheriting old reviews
ok 13 - new revision preserves identity, changes content without inheriting old reviews
  ---
  duration_ms: 0.8226
  type: 'test'
  ...
# Subtest: adaptation may explicitly cite a newer original while retaining the same project identity
ok 14 - adaptation may explicitly cite a newer original while retaining the same project identity
  ---
  duration_ms: 0.4582
  type: 'test'
  ...
# Subtest: withdrawal preserves reviews and prevents further submission or review
ok 15 - withdrawal preserves reviews and prevents further submission or review
  ---
  duration_ms: 0.8824
  type: 'test'
  ...
# Subtest: invalid timestamps, unknown channels and missing reasons are rejected
ok 16 - invalid timestamps, unknown channels and missing reasons are rejected
  ---
  duration_ms: 0.7701
  type: 'test'
  ...
# Subtest: malformed stored state cannot be reported as reviewed
ok 17 - malformed stored state cannot be reported as reviewed
  ---
  duration_ms: 1.2244
  type: 'test'
  ...
1..17
# tests 35
# suites 0
# pass 35
# fail 0
# cancelled 0
# skipped 0
# todo 0
# duration_ms 2324.8204
