TAP version 13
# {"provider_code":"volcengine","capability_code":"login_sms","error_code":"PROVIDER_NOT_CONFIGURED","time":"2026-09-25T09:02:31.828Z","level":"warn","event":"provider_call_blocked"}
# Subtest: real MySQL and HTTP account lifecycle
    # Subtest: probes work; missing provider evidence and legacy tokens do not grant login
    ok 1 - probes work; missing provider evidence and legacy tokens do not grant login
      ---
      duration_ms: 313.0326
      type: 'test'
      ...
    # Subtest: duplicate SMS requests dispatch once and keep phone/code out of storage and response
    ok 2 - duplicate SMS requests dispatch once and keep phone/code out of storage and response
      ---
      duration_ms: 78.5752
      type: 'test'
      ...
    # Subtest: login consumes once and replays the same protected session even with reordered JSON
    ok 3 - login consumes once and replays the same protected session even with reordered JSON
      ---
      duration_ms: 203.082
      type: 'test'
      ...
    # Subtest: attempt counters commit on failure; expired and superseded codes are rejected
    ok 4 - attempt counters commit on failure; expired and superseded codes are rejected
      ---
      duration_ms: 284.9283
      type: 'test'
      ...
    # Subtest: different concurrent login keys cannot mint two sessions from one code
    ok 5 - different concurrent login keys cannot mint two sessions from one code
      ---
      duration_ms: 60.9229
      type: 'test'
      ...
    # Subtest: untrusted identities, malformed bodies and oversized input fail without exposing secrets
    ok 6 - untrusted identities, malformed bodies and oversized input fail without exposing secrets
      ---
      duration_ms: 78.2978
      type: 'test'
      ...
    # Subtest: provider uncertainty neither reports SENT nor resends an identical request
    ok 7 - provider uncertainty neither reports SENT nor resends an identical request
      ---
      duration_ms: 61.0615
      type: 'test'
      ...
    # Subtest: HTTP invitations require the intended recipient; removal preserves personal identity
    ok 8 - HTTP invitations require the intended recipient; removal preserves personal identity
      ---
      duration_ms: 408.3884
      type: 'test'
      ...
    # Subtest: rename replays original result, rejects stale versions and cursors from another account/resource
    ok 9 - rename replays original result, rejects stale versions and cursors from another account/resource
      ---
      duration_ms: 241.0464
      type: 'test'
      ...
    # Subtest: declining and owner revocation create no membership; unknown caller fields are rejected
    ok 10 - declining and owner revocation create no membership; unknown caller fields are rejected
      ---
      duration_ms: 232.4717
      type: 'test'
      ...
    # Subtest: logout, expiry and account suspension are enforced on subsequent HTTP calls
    ok 11 - logout, expiry and account suspension are enforced on subsequent HTTP calls
      ---
      duration_ms: 155.6221
      type: 'test'
      ...
    # Subtest: rate limits survive a fresh repository and browser origins are explicit
    ok 12 - rate limits survive a fresh repository and browser origins are explicit
      ---
      duration_ms: 57.5478
      type: 'test'
      ...
    # Subtest: audit failure rolls back account, session and consumption; retry works after repair
    ok 13 - audit failure rolls back account, session and consumption; retry works after repair
      ---
      duration_ms: 74.2582
      type: 'test'
      ...
    # Subtest: sessions survive fresh composition and expired secrets can be removed
    ok 14 - sessions survive fresh composition and expired secrets can be removed
      ---
      duration_ms: 79.9903
      type: 'test'
      ...
# {"request_id":"ad33e81e-eccb-4a95-949c-2c00df82d7e1","provider_code":"volcengine","capability_code":"login_sms","error_code":"PROVIDER_NOT_CONFIGURED","time":"2026-09-25T09:02:34.195Z","level":"warn","event":"provider_call_blocked"}
    # Subtest: actual server entry starts only with explicit MySQL configuration and leaves SMS disabled
    ok 15 - actual server entry starts only with explicit MySQL configuration and leaves SMS disabled
      ---
      duration_ms: 323.2592
      type: 'test'
      ...
    1..15
ok 1 - real MySQL and HTTP account lifecycle
  ---
  duration_ms: 6002.0302
  type: 'test'
  ...
# {"time":"2026-09-25T09:02:28.671Z","level":"info","event":"migration_applied"}
# {"time":"2026-09-25T09:02:28.678Z","level":"info","event":"migration_applied"}
# {"time":"2026-09-25T09:02:28.704Z","level":"info","event":"migration_applied"}
# {"time":"2026-09-25T09:02:28.707Z","level":"info","event":"migration_applied"}
# {"time":"2026-09-25T09:02:28.720Z","level":"info","event":"migration_applied"}
# {"time":"2026-09-25T09:02:28.724Z","level":"info","event":"migration_applied"}
# {"time":"2026-09-25T09:02:28.724Z","level":"info","event":"db_migrations_applied"}
# {"time":"2026-09-25T09:02:28.870Z","level":"info","event":"ai_deliverable_version"}
# {"time":"2026-09-25T09:02:28.874Z","level":"info","event":"ai_deliverable_version"}
# {"time":"2026-09-25T09:02:28.877Z","level":"info","event":"ai_deliverable_version"}
# {"time":"2026-09-25T09:02:28.878Z","level":"info","event":"ai_regenerate"}
# {"time":"2026-09-25T09:02:28.878Z","level":"info","event":"ai_deliverable_version"}
# {"time":"2026-09-25T09:02:29.258Z","level":"info","event":"ai_deliverable_version"}
# {"time":"2026-09-25T09:02:29.259Z","level":"info","event":"ai_deliverable_review"}
# {"time":"2026-09-25T09:02:29.261Z","level":"info","event":"ai_deliverable_version"}
# Subtest: webhook 验签：错误签名拒绝、缺密钥拒绝
ok 2 - webhook 验签：错误签名拒绝、缺密钥拒绝
  ---
  duration_ms: 4.618
  type: 'test'
  ...
# Subtest: 合法 webhook 成功推进并幂等：重复回调不重复出版本
ok 3 - 合法 webhook 成功推进并幂等：重复回调不重复出版本
  ---
  duration_ms: 3.6328
  type: 'test'
  ...
# Subtest: 轮询与回调 CAS 互斥：先 finalize 者推进，另一方不重复
ok 4 - 轮询与回调 CAS 互斥：先 finalize 者推进，另一方不重复
  ---
  duration_ms: 3.822
  type: 'test'
  ...
# Subtest: 重做生成新版本行：parent 关联、版本号递增、不覆盖旧文件
ok 5 - 重做生成新版本行：parent 关联、版本号递增、不覆盖旧文件
  ---
  duration_ms: 2.5735
  type: 'test'
  ...
# Subtest: 审核开关开启：干净内容 pending_review→人工 approve；命中敏感词直接 rejected
ok 6 - 审核开关开启：干净内容 pending_review→人工 approve；命中敏感词直接 rejected
  ---
  duration_ms: 382.9042
  type: 'test'
  ...
# Subtest: auth requires explicit secret and encrypted replay binds to its request
ok 7 - auth requires explicit secret and encrypted replay binds to its request
  ---
  duration_ms: 6.1391
  type: 'test'
  ...
# Subtest: auth security configuration rejects invalid bounds
ok 8 - auth security configuration rejects invalid bounds
  ---
  duration_ms: 0.612
  type: 'test'
  ...
# Subtest: configured SMS refuses SDK debug logging before any network call
ok 9 - configured SMS refuses SDK debug logging before any network call
  ---
  duration_ms: 10.0604
  type: 'test'
  ...
# Subtest: CI rejects failure, empty output, missing totals and nonzero process exits
ok 10 - CI rejects failure, empty output, missing totals and nonzero process exits
  ---
  duration_ms: 3.1708
  type: 'test'
  ...
# Subtest: CI only permits the named missing legacy snapshot skip, never skipped MySQL suites
ok 11 - CI only permits the named missing legacy snapshot skip, never skipped MySQL suites
  ---
  duration_ms: 0.6269
  type: 'test'
  ...
# Subtest: consent requires explicit period, scope and evidence without defaulting to broad rights
ok 12 - consent requires explicit period, scope and evidence without defaulting to broad rights
  ---
  duration_ms: 5.2406
  type: 'test'
  ...
# Subtest: future, expired, pending and withdrawn consents never satisfy the scope check
ok 13 - future, expired, pending and withdrawn consents never satisfy the scope check
  ---
  duration_ms: 0.7033
  type: 'test'
  ...
# Subtest: face, voice, distribution purpose and territory remain distinct
ok 14 - face, voice, distribution purpose and territory remain distinct
  ---
  duration_ms: 0.5487
  type: 'test'
  ...
# {"time":"2026-09-25T09:02:28.661Z","level":"info","event":"migration_applied"}
# {"time":"2026-09-25T09:02:28.668Z","level":"info","event":"migration_applied"}
# {"time":"2026-09-25T09:02:28.680Z","level":"info","event":"migration_applied"}
# {"time":"2026-09-25T09:02:28.690Z","level":"info","event":"migration_applied"}
# {"time":"2026-09-25T09:02:28.704Z","level":"info","event":"migration_applied"}
# {"time":"2026-09-25T09:02:28.708Z","level":"info","event":"migration_applied"}
# {"time":"2026-09-25T09:02:28.709Z","level":"info","event":"db_migrations_applied"}
# {"time":"2026-09-25T09:02:28.744Z","level":"info","event":"refund_success"}
# {"time":"2026-09-25T09:02:28.746Z","level":"info","event":"refund_success"}
# {"time":"2026-09-25T09:02:28.748Z","level":"info","event":"refund_success"}
# {"time":"2026-09-25T09:02:28.755Z","level":"info","event":"refund_success"}
# {"time":"2026-09-25T09:02:28.760Z","level":"info","event":"reconciliation_done"}
# Subtest: 成功（无退款）：四账守恒、reconcile 无该单差异
ok 15 - 成功（无退款）：四账守恒、reconcile 无该单差异
  ---
  duration_ms: 7.4152
  type: 'test'
  ...
# Subtest: 全额退款：kind=full、支付单 refunded、账仍平
ok 16 - 全额退款：kind=full、支付单 refunded、账仍平
  ---
  duration_ms: 3.1547
  type: 'test'
  ...
# Subtest: 部分退两次到全退：partial→refunded，超额被拒，账平
ok 17 - 部分退两次到全退：partial→refunded，超额被拒，账平
  ---
  duration_ms: 5.9639
  type: 'test'
  ...
# Subtest: 重复回调/重复请求幂等：同 idemKey 不重复出款
ok 18 - 重复回调/重复请求幂等：同 idemKey 不重复出款
  ---
  duration_ms: 5.4357
  type: 'test'
  ...
# Subtest: 默认旧退款服务不可用：不建退款单、不改支付记录、绝不假退
ok 19 - 默认旧退款服务不可用：不建退款单、不改支付记录、绝不假退
  ---
  duration_ms: 1.6846
  type: 'test'
  ...
# Subtest: runAndReport 落表：balanced 状态与汇总写入 reconciliation_runs
ok 20 - runAndReport 落表：balanced 状态与汇总写入 reconciliation_runs
  ---
  duration_ms: 2.33
  type: 'test'
  ...
# Subtest: 对账能抓出坏账：费用结构错配 + 已支付状态却无支付流水
ok 21 - 对账能抓出坏账：费用结构错配 + 已支付状态却无支付流水
  ---
  duration_ms: 2.8746
  type: 'test'
  ...
# Subtest: content module runs without database, login, provider or third-party dependencies
ok 22 - content module runs without database, login, provider or third-party dependencies
  ---
  duration_ms: 183.0582
  type: 'test'
  ...
# Subtest: key ordering does not change content identity; wording and array order do
ok 23 - key ordering does not change content identity; wording and array order do
  ---
  duration_ms: 2.0441
  type: 'test'
  ...
# Subtest: JSON roundtrip preserves the hash, including Unicode and numeric-looking keys
ok 24 - JSON roundtrip preserves the hash, including Unicode and numeric-looking keys
  ---
  duration_ms: 0.421
  type: 'test'
  ...
# Subtest: ambiguous values, accessors and hidden data are rejected without running getters
ok 25 - ambiguous values, accessors and hidden data are rejected without running getters
  ---
  duration_ms: 0.8733
  type: 'test'
  ...
# Subtest: cycles, sparse arrays, invalid Unicode, excessive depth and byte size are rejected
ok 26 - cycles, sparse arrays, invalid Unicode, excessive depth and byte size are rejected
  ---
  duration_ms: 1.8964
  type: 'test'
  ...
# Subtest: special object keys stay data and cannot change prototypes
ok 27 - special object keys stay data and cannot change prototypes
  ---
  duration_ms: 0.2757
  type: 'test'
  ...
# Subtest: rules are deeply detached and frozen; new wording requires new content
ok 28 - rules are deeply detached and frozen; new wording requires new content
  ---
  duration_ms: 2.8318
  type: 'test'
  ...
# Subtest: empty or missing commitments never acquire invented business defaults
ok 29 - empty or missing commitments never acquire invented business defaults
  ---
  duration_ms: 3.7243
  type: 'test'
  ...
# Subtest: draft, review, merely approved, retired and future rules cannot enter new snapshots
ok 30 - draft, review, merely approved, retired and future rules cannot enter new snapshots
  ---
  duration_ms: 3.607
  type: 'test'
  ...
# Subtest: timestamps must be explicit UTC instants and real calendar dates
ok 31 - timestamps must be explicit UTC instants and real calendar dates
  ---
  duration_ms: 1.4142
  type: 'test'
  ...
# Subtest: later rule changes and retirement do not rewrite historical commitments
ok 32 - later rule changes and retirement do not rewrite historical commitments
  ---
  duration_ms: 1.2861
  type: 'test'
  ...
# Subtest: duplicate parties or conflicting versions of the same rule are rejected
ok 33 - duplicate parties or conflicting versions of the same rule are rejected
  ---
  duration_ms: 2.3668
  type: 'test'
  ...
# Subtest: tampered promises, participants or nested rule content are detected after storage roundtrip
ok 34 - tampered promises, participants or nested rule content are detected after storage roundtrip
  ---
  duration_ms: 1.8018
  type: 'test'
  ...
# Subtest: sealing never grants signed, paid or effective-license status
ok 35 - sealing never grants signed, paid or effective-license status
  ---
  duration_ms: 1.3292
  type: 'test'
  ...
# Subtest: unknown formats are rejected, instead of being silently reinterpreted
ok 36 - unknown formats are rejected, instead of being silently reinterpreted
  ---
  duration_ms: 1.3545
  type: 'test'
  ...
# Subtest: reviewed contract sources and business service checks use real isolated MySQL
    # Subtest: valid login alone cannot record, review or seal; request principals cannot be forged
    ok 1 - valid login alone cannot record, review or seal; request principals cannot be forged
      ---
      duration_ms: 25.0647
      type: 'test'
      ...
    # Subtest: draft source requires an explicit review; immutable content then becomes an unsigned snapshot
    ok 2 - draft source requires an explicit review; immutable content then becomes an unsigned snapshot
      ---
      duration_ms: 130.5953
      type: 'test'
      ...
    # Subtest: a revised promise creates a new version and cannot replace old source or snapshot
    ok 3 - a revised promise creates a new version and cannot replace old source or snapshot
      ---
      duration_ms: 141.2859
      type: 'test'
      ...
    # Subtest: retries and concurrent reviews produce one source and one accepted version
    ok 4 - retries and concurrent reviews produce one source and one accepted version
      ---
      duration_ms: 130.4935
      type: 'test'
      ...
    # Subtest: unrelated readers, missing rules and unknown terms are not silently accepted
    ok 5 - unrelated readers, missing rules and unknown terms are not silently accepted
      ---
      duration_ms: 37.8825
      type: 'test'
      ...
    # Subtest: withdrawal prevents first sealing but does not delete already preserved history
    ok 6 - withdrawal prevents first sealing but does not delete already preserved history
      ---
      duration_ms: 152.7601
      type: 'test'
      ...
    # Subtest: source audit failure rolls back both content and retry record
    ok 7 - source audit failure rolls back both content and retry record
      ---
      duration_ms: 41.5633
      type: 'test'
      ...
    # Subtest: modified source content and withdrawn reader membership fail before sealing
    ok 8 - modified source content and withdrawn reader membership fail before sealing
      ---
      duration_ms: 158.6807
      type: 'test'
      ...
    # Subtest: default service blocks all external business actions even for preserved contracts
    ok 9 - default service blocks all external business actions even for preserved contracts
      ---
      duration_ms: 46.8155
      type: 'test'
      ...
    # Subtest: service state requires matching environment, configuration revision and verification evidence
    ok 10 - service state requires matching environment, configuration revision and verification evidence
      ---
      duration_ms: 67.6037
      type: 'test'
      ...
    # Subtest: command defaults to offline preview and requires a real session before execution
    ok 11 - command defaults to offline preview and requires a real session before execution
      ---
      duration_ms: 129.7535
      type: 'test'
      ...
    # Subtest: reviewed persisted source is returned through the real authorized HTTP endpoint
    ok 12 - reviewed persisted source is returned through the real authorized HTTP endpoint
      ---
      duration_ms: 217.4124
      type: 'test'
      ...
    1..12
ok 37 - reviewed contract sources and business service checks use real isolated MySQL
  ---
  duration_ms: 5000.4455
  type: 'test'
  ...
# Subtest: isolated MySQL preserves rule history, private snapshots and atomic records
    # Subtest: upgrading the authentication schema preserves records and applies governance migrations once
    ok 1 - upgrading the authentication schema preserves records and applies governance migrations once
      ---
      duration_ms: 3728.8764
      type: 'test'
      ...
    # Subtest: authentication and privileged operations deny by default, not by caller role fields
    ok 2 - authentication and privileged operations deny by default, not by caller role fields
      ---
      duration_ms: 18.2359
      type: 'test'
      ...
    # Subtest: concurrent retries create one rule and one audit, while changed content conflicts
    ok 3 - concurrent retries create one rule and one audit, while changed content conflicts
      ---
      duration_ms: 40.0771
      type: 'test'
      ...
    # Subtest: review steps cannot be skipped; concurrent transitions enforce the original version
    ok 4 - review steps cannot be skipped; concurrent transitions enforce the original version
      ---
      duration_ms: 35.443
      type: 'test'
      ...
    # Subtest: future rules stay unusable, without scheduled or automatic approval
    ok 5 - future rules stay unusable, without scheduled or automatic approval
      ---
      duration_ms: 55.323
      type: 'test'
      ...
    # Subtest: snapshot creation requires a trusted source; caller cannot supply party or promise fields
    ok 6 - snapshot creation requires a trusted source; caller cannot supply party or promise fields
      ---
      duration_ms: 17.9521
      type: 'test'
      ...
    # Subtest: same source under concurrent different keys creates one snapshot and one audit
    ok 7 - same source under concurrent different keys creates one snapshot and one audit
      ---
      duration_ms: 88.3564
      type: 'test'
      ...
    # Subtest: later terms and retirement do not replace the frozen source, including retry with a new key
    ok 8 - later terms and retirement do not replace the frozen source, including retry with a new key
      ---
      duration_ms: 74.0929
      type: 'test'
      ...
    # Subtest: organization membership alone grants no contract reading rights
    ok 9 - organization membership alone grants no contract reading rights
      ---
      duration_ms: 126.8341
      type: 'test'
      ...
    # Subtest: retirement racing with sealing produces either old immutable content or a rejection
    ok 10 - retirement racing with sealing produces either old immutable content or a rejection
      ---
      duration_ms: 56.4237
      type: 'test'
      ...
    # Subtest: replayed results do not bypass removed reader grants or suspended accounts
    ok 11 - replayed results do not bypass removed reader grants or suspended accounts
      ---
      duration_ms: 58.184
      type: 'test'
      ...
    # Subtest: audit failure rolls back the snapshot, reader grants and idempotency result
    ok 12 - audit failure rolls back the snapshot, reader grants and idempotency result
      ---
      duration_ms: 71.9332
      type: 'test'
      ...
    # Subtest: rule creation and transitions also roll back when their audit cannot be saved
    ok 13 - rule creation and transitions also roll back when their audit cannot be saved
      ---
      duration_ms: 51.5604
      type: 'test'
      ...
    # Subtest: stored content changes are detected, rather than silently trusted on read
    ok 14 - stored content changes are detected, rather than silently trusted on read
      ---
      duration_ms: 51.5608
      type: 'test'
      ...
    # Subtest: real HTTP requires a valid session and explicit contract grant in the acting party
    ok 15 - real HTTP requires a valid session and explicit contract grant in the acting party
      ---
      duration_ms: 158.888
      type: 'test'
      ...
    # Subtest: HTTP rule reads use the historical snapshot and cannot expose unrelated rule versions
    ok 16 - HTTP rule reads use the historical snapshot and cannot expose unrelated rule versions
      ---
      duration_ms: 123.4554
      type: 'test'
      ...
    # Subtest: HTTP never exposes mutation, approval or fabricated file metadata routes
    ok 17 - HTTP never exposes mutation, approval or fabricated file metadata routes
      ---
      duration_ms: 77.5116
      type: 'test'
      ...
    # Subtest: HTTP rechecks membership and grants, and masks stored corruption without leaking content
    ok 18 - HTTP rechecks membership and grants, and masks stored corruption without leaking content
      ---
      duration_ms: 82.352
      type: 'test'
      ...
    # Subtest: HTTP rejects revoked and expired sessions and inactive accounts on each read
    ok 19 - HTTP rejects revoked and expired sessions and inactive accounts on each read
      ---
      duration_ms: 108.4986
      type: 'test'
      ...
    # Subtest: a fresh connection reads saved content and empty database creation applies the same plan
    ok 20 - a fresh connection reads saved content and empty database creation applies the same plan
      ---
      duration_ms: 2083.7255
      type: 'test'
      ...
    # Subtest: persisted explicit permission enables only its named operation and survives new composition
    ok 21 - persisted explicit permission enables only its named operation and survives new composition
      ---
      duration_ms: 29.2033
      type: 'test'
      ...
    # Subtest: revoked permission rejects a formerly successful idempotent request
    ok 22 - revoked permission rejects a formerly successful idempotent request
      ---
      duration_ms: 25.1078
      type: 'test'
      ...
    # Subtest: expiration and account suspension are evaluated on every privileged operation
    ok 23 - expiration and account suspension are evaluated on every privileged operation
      ---
      duration_ms: 29.9363
      type: 'test'
      ...
    # Subtest: concurrent maintenance rejects stale versions and retains both historical states
    ok 24 - concurrent maintenance rejects stale versions and retains both historical states
      ---
      duration_ms: 14.63
      type: 'test'
      ...
    # Subtest: grant and history commit atomically; maintenance cannot silently omit evidence fields
    ok 25 - grant and history commit atomically; maintenance cannot silently omit evidence fields
      ---
      duration_ms: 16.5131
      type: 'test'
      ...
    # Subtest: maintenance CLI previews without a database and writes only with explicit apply
    ok 26 - maintenance CLI previews without a database and writes only with explicit apply
      ---
      duration_ms: 71.8159
      type: 'test'
      ...
    1..26
ok 38 - isolated MySQL preserves rule history, private snapshots and atomic records
  ---
  duration_ms: 7812.6186
  type: 'test'
  ...
# Subtest: field encryption requires exactly 32 UTF8 bytes without default or truncation
ok 39 - field encryption requires exactly 32 UTF8 bytes without default or truncation
  ---
  duration_ms: 5.9044
  type: 'test'
  ...
# Subtest: field encryption reads legacy AES-GCM format, uses fresh IVs, and round trips Unicode
ok 40 - field encryption reads legacy AES-GCM format, uses fresh IVs, and round trips Unicode
  ---
  duration_ms: 2.7421
  type: 'test'
  ...
# Subtest: wrong key or damaged ciphertext is an explicit sanitized error, never an empty identity
ok 41 - wrong key or damaged ciphertext is an explicit sanitized error, never an empty identity
  ---
  duration_ms: 4.3541
  type: 'test'
  ...
# Subtest: sample library query works with nullable video links and keeps old data
ok 42 - sample library query works with nullable video links and keeps old data
  ---
  duration_ms: 395.6776
  type: 'test'
  ...
# Subtest: script submission records only metadata digest and never claims external evidence
ok 43 - script submission records only metadata digest and never claims external evidence
  ---
  duration_ms: 116.6452
  type: 'test'
  ...
# Subtest: watermark placeholders cannot fabricate success with any configured provider
ok 44 - watermark placeholders cannot fabricate success with any configured provider
  ---
  duration_ms: 1.1603
  type: 'test'
  ...
# Subtest: all three delivery routes reject before changing orders or contacting providers
ok 45 - all three delivery routes reject before changing orders or contacting providers
  ---
  duration_ms: 133.1718
  type: 'test'
  ...
# Subtest: application startup rejects missing production and malformed supplied keys before database access
ok 46 - application startup rejects missing production and malformed supplied keys before database access
  ---
  duration_ms: 3921.4382
  type: 'test'
  ...
# Subtest: agency cannot bind an artist or overwrite their identity even by claiming consent
ok 47 - agency cannot bind an artist or overwrite their identity even by claiming consent
  ---
  duration_ms: 354.3226
  type: 'test'
  ...
# Subtest: removing unrelated or historical members cannot overwrite any identity or delete history
ok 48 - removing unrelated or historical members cannot overwrite any identity or delete history
  ---
  duration_ms: 93.4181
  type: 'test'
  ...
# Subtest: agency application only records pending materials and preserves personal identity
ok 49 - agency application only records pending materials and preserves personal identity
  ---
  duration_ms: 66.2994
  type: 'test'
  ...
# Subtest: historical relationships grant no access to artist income, lists or exports
ok 50 - historical relationships grant no access to artist income, lists or exports
  ---
  duration_ms: 93.755
  type: 'test'
  ...
# Subtest: batch payout and fan analytics cannot fabricate submission or statistics
ok 51 - batch payout and fan analytics cannot fabricate submission or statistics
  ---
  duration_ms: 69.5975
  type: 'test'
  ...
# Subtest: old delivered flags cannot settle money or pay MCN commission through HTTP or internal caller
ok 52 - old delivered flags cannot settle money or pay MCN commission through HTTP or internal caller
  ---
  duration_ms: 88.3761
  type: 'test'
  ...
# Subtest: sample payment buttons cannot mark either installment paid
ok 53 - sample payment buttons cannot mark either installment paid
  ---
  duration_ms: 411.4954
  type: 'test'
  ...
# Subtest: unavailable identity verification cannot autoapprove or collect identity documents
ok 54 - unavailable identity verification cannot autoapprove or collect identity documents
  ---
  duration_ms: 72.4803
  type: 'test'
  ...
# Subtest: old transaction status is visible only to the owner of its matching business order
ok 55 - old transaction status is visible only to the owner of its matching business order
  ---
  duration_ms: 120.9979
  type: 'test'
  ...
# Subtest: transaction ownership covers every old order type, collisions, unknown types and orphan records
ok 56 - transaction ownership covers every old order type, collisions, unknown types and orphan records
  ---
  duration_ms: 192.9357
  type: 'test'
  ...
# Subtest: Alipay status returns only owned rows and never queries or advances a payment during a read
ok 57 - Alipay status returns only owned rows and never queries or advances a payment during a read
  ---
  duration_ms: 109.6584
  type: 'test'
  ...
# Subtest: legacy writes, callbacks and Apple receipts are disabled even with configured test providers
ok 58 - legacy writes, callbacks and Apple receipts are disabled even with configured test providers
  ---
  duration_ms: 176.1599
  type: 'test'
  ...
# Subtest: old approved identities stay unchanged but are not exposed as verified or accepted by dependent actions
ok 59 - old approved identities stay unchanged but are not exposed as verified or accepted by dependent actions
  ---
  duration_ms: 152.0643
  type: 'test'
  ...
# Subtest: company submissions remain pending and rejected history is not promoted to verified
ok 60 - company submissions remain pending and rejected history is not promoted to verified
  ---
  duration_ms: 151.9896
  type: 'test'
  ...
# Subtest: default finance service cannot create, confirm or refund money in any environment
ok 61 - default finance service cannot create, confirm or refund money in any environment
  ---
  duration_ms: 80.4242
  type: 'test'
  ...
# Subtest: obsolete scripts that expected demo success are stopped before loading services
ok 62 - obsolete scripts that expected demo success are stopped before loading services
  ---
  duration_ms: 803.1758
  type: 'test'
  ...
# Subtest: 场景1 全新库：一次迁移到最新，版本齐全、新增工程表存在
ok 63 - 场景1 全新库：一次迁移到最新，版本齐全、新增工程表存在
  ---
  duration_ms: 408.5292
  type: 'test'
  ...
# Subtest: 场景2 旧库升级：缺列老库经迁移补齐到最新且不重建已有表数据
ok 64 - 场景2 旧库升级：缺列老库经迁移补齐到最新且不重建已有表数据
  ---
  duration_ms: 574.9764
  type: 'test'
  ...
# Subtest: 场景3 重复执行幂等：第二次全部跳过、结构与版本不重复
ok 65 - 场景3 重复执行幂等：第二次全部跳过、结构与版本不重复
  ---
  duration_ms: 66.2726
  type: 'test'
  ...
# Subtest: 等价性：001 初始迁移结构 == 改造前生产库（58表/列集合一致）
ok 66 - 等价性：001 初始迁移结构 == 改造前生产库（58表/列集合一致） # SKIP 未提供显式脱敏旧库样本，未执行结构等价比较
  ---
  duration_ms: 0.7722
  type: 'test'
  ...
# Subtest: 006 adds sample URL and classifies no historical digest; existing manually added URL survives
ok 67 - 006 adds sample URL and classifies no historical digest; existing manually added URL survives
  ---
  duration_ms: 91.6133
  type: 'test'
  ...
# Subtest: MySQL config is explicit, bounded and never defaults to a database
ok 68 - MySQL config is explicit, bounded and never defaults to a database
  ---
  duration_ms: 4.4225
  type: 'test'
  ...
# Subtest: Production cannot disable TLS, use root or load missing trust material
ok 69 - Production cannot disable TLS, use root or load missing trust material
  ---
  duration_ms: 6.014
  type: 'test'
  ...
# Subtest: Legacy SQLite is permitted only in local/test; mysql and typo never fall back
ok 70 - Legacy SQLite is permitted only in local/test; mysql and typo never fall back
  ---
  duration_ms: 3.4484
  type: 'test'
  ...
# Subtest: Legacy entry rejects before SQLite is imported or a database is opened
ok 71 - Legacy entry rejects before SQLite is imported or a database is opened
  ---
  duration_ms: 119.1652
  type: 'test'
  ...
# Subtest: test command network guard blocks external TCP before a provider request
ok 72 - test command network guard blocks external TCP before a provider request
  ---
  duration_ms: 1.1047
  type: 'test'
  ...
# Subtest: Real isolated MySQL8 foundation
    # Subtest: status on a fresh database is read-only
    ok 1 - status on a fresh database is read-only
      ---
      duration_ms: 136.8063
      type: 'test'
      ...
    # Subtest: new schema applies once, repeated migration is a no-op
    ok 2 - new schema applies once, repeated migration is a no-op
      ---
      duration_ms: 3168.3108
      type: 'test'
      ...
    # Subtest: parameters, UTC, utf8mb4 and BIGINT are preserved
    ok 3 - parameters, UTC, utf8mb4 and BIGINT are preserved
      ---
      duration_ms: 59.6221
      type: 'test'
      ...
    # Subtest: business transaction commits, rolls back and refuses implicit-commit SQL
    ok 4 - business transaction commits, rolls back and refuses implicit-commit SQL
      ---
      duration_ms: 19.7194
      type: 'test'
      ...
    # Subtest: concurrent business updates keep both increments
    ok 5 - concurrent business updates keep both increments
      ---
      duration_ms: 16.4061
      type: 'test'
      ...
    # Subtest: a second migration session cannot acquire the same database lock
    ok 6 - a second migration session cannot acquire the same database lock
      ---
      duration_ms: 163.7217
      type: 'test'
      ...
    # Subtest: historical checksum/name drift and inserted older migration are rejected
    ok 7 - historical checksum/name drift and inserted older migration are rejected
      ---
      duration_ms: 355.5139
      type: 'test'
      ...
    # Subtest: DDL failure keeps earlier commits, blocks silent replay and supports inspected retry
    ok 8 - DDL failure keeps earlier commits, blocks silent replay and supports inspected retry
      ---
      duration_ms: 331.5079
      type: 'test'
      ...
    # Subtest: connection loss preserves APPLYING and refuses unsafe automatic retry
    ok 9 - connection loss preserves APPLYING and refuses unsafe automatic retry
      ---
      duration_ms: 102.5919
      type: 'test'
      ...
    # Subtest: wrong credentials fail without connecting to SQLite
    ok 10 - wrong credentials fail without connecting to SQLite
      ---
      duration_ms: 14.7933
      type: 'test'
      ...
    1..10
ok 73 - Real isolated MySQL8 foundation
  ---
  duration_ms: 5261.7518
  type: 'test'
  ...
# Real MySQL 8.4.11 on loopback:33316; generated jx_test_* databases only
# Subtest: party rules load with built-ins only, without database or provider modules
ok 74 - party rules load with built-ins only, without database or provider modules
  ---
  duration_ms: 341.1419
  type: 'test'
  ...
# Subtest: pending organization owner can manage membership but gains no commercial authority
ok 75 - pending organization owner can manage membership but gains no commercial authority
  ---
  duration_ms: 1.5908
  type: 'test'
  ...
# Subtest: inactive membership, missing membership and suspended/closed parties expose no actions
ok 76 - inactive membership, missing membership and suspended/closed parties expose no actions
  ---
  duration_ms: 0.4655
  type: 'test'
  ...
# Subtest: owner-only actions reject ordinary members, personal parties and missing memberships
ok 77 - owner-only actions reject ordinary members, personal parties and missing memberships
  ---
  duration_ms: 0.8018
  type: 'test'
  ...
# Subtest: invitation transition checks version, pending status and numeric expiry in order
ok 78 - invitation transition checks version, pending status and numeric expiry in order
  ---
  duration_ms: 0.6334
  type: 'test'
  ...
# Subtest: input validation refuses injected authority, invalid references and oversized unicode names
ok 79 - input validation refuses injected authority, invalid references and oversized unicode names
  ---
  duration_ms: 0.7868
  type: 'test'
  ...
# Subtest: MySQL party identity, consent, authority and transactional audit
    # Subtest: upgrading from the seven prior migrations preserves data and applies only new tables
    ok 1 - upgrading from the seven prior migrations preserves data and applies only new tables
      ---
      duration_ms: 3010.4981
      type: 'test'
      ...
    # Subtest: default authentication is denied and caller actor/roles cannot be injected
    ok 2 - default authentication is denied and caller actor/roles cannot be injected
      ---
      duration_ms: 57.2252
      type: 'test'
      ...
    # Subtest: same verified subject registers one account and one personal party under concurrency
    ok 3 - same verified subject registers one account and one personal party under concurrency
      ---
      duration_ms: 45.1387
      type: 'test'
      ...
    # Subtest: organization creation is idempotent without overwriting the personal party
    ok 4 - organization creation is idempotent without overwriting the personal party
      ---
      duration_ms: 70.7949
      type: 'test'
      ...
    # Subtest: individual authors and organizations can request multiple capabilities without activating business
    ok 5 - individual authors and organizations can request multiple capabilities without activating business
      ---
      duration_ms: 130.9302
      type: 'test'
      ...
    # Subtest: pending invitation grants no membership and only its intended account can respond
    ok 6 - pending invitation grants no membership and only its intended account can respond
      ---
      duration_ms: 112.3302
      type: 'test'
      ...
    # Subtest: cross-party identifiers and outsider mutation are rejected
    ok 7 - cross-party identifiers and outsider mutation are rejected
      ---
      duration_ms: 81.7216
      type: 'test'
      ...
    # Subtest: concurrent same-key acceptance produces one membership and one audit event
    ok 8 - concurrent same-key acceptance produces one membership and one audit event
      ---
      duration_ms: 76.8595
      type: 'test'
      ...
    # Subtest: concurrent invitations to the same person produce only one pending invitation
    ok 9 - concurrent invitations to the same person produce only one pending invitation
      ---
      duration_ms: 51.1515
      type: 'test'
      ...
    # Subtest: accept and revoke races yield one transition and never create membership after revocation
    ok 10 - accept and revoke races yield one transition and never create membership after revocation
      ---
      duration_ms: 78.1783
      type: 'test'
      ...
    # Subtest: declined, revoked, stale and expired invitations cannot activate membership
    ok 11 - declined, revoked, stale and expired invitations cannot activate membership
      ---
      duration_ms: 228.5273
      type: 'test'
      ...
    # Subtest: suspended accounts and parties cannot mutate or replay successful operations
    ok 12 - suspended accounts and parties cannot mutate or replay successful operations
      ---
      duration_ms: 95.7734
      type: 'test'
      ...
    # Subtest: pending acceptance rechecks the inviter and idempotent replay rechecks the owner
    ok 13 - pending acceptance rechecks the inviter and idempotent replay rechecks the owner
      ---
      duration_ms: 79.4525
      type: 'test'
      ...
    # Subtest: removal preserves identity/history, affects only one organization, and forbids replay after revocation
    ok 14 - removal preserves identity/history, affects only one organization, and forbids replay after revocation
      ---
      duration_ms: 154.9104
      type: 'test'
      ...
    # Subtest: audit failure rolls back invitation, membership and replay result together
    ok 15 - audit failure rolls back invitation, membership and replay result together
      ---
      duration_ms: 70.6783
      type: 'test'
      ...
    # Subtest: input rejects missing versions, unknown fields and invalid or past expiry
    ok 16 - input rejects missing versions, unknown fields and invalid or past expiry
      ---
      duration_ms: 50.1002
      type: 'test'
      ...
    # Subtest: accepted identity and audit survive reconnect without provider calls or a process cache
    ok 17 - accepted identity and audit survive reconnect without provider calls or a process cache
      ---
      duration_ms: 64.5404
      type: 'test'
      ...
    1..17
ok 80 - MySQL party identity, consent, authority and transactional audit
  ---
  duration_ms: 5125.6862
  type: 'test'
  ...
# Subtest: all declared provider interfaces fail closed without implementations
ok 81 - all declared provider interfaces fail closed without implementations
  ---
  duration_ms: 10.3136
  type: 'test'
  ...
# Subtest: configuration alone, wrong environment, stale proof and disabled status never call a provider
ok 82 - configuration alone, wrong environment, stale proof and disabled status never call a provider
  ---
  duration_ms: 2.0743
  type: 'test'
  ...
# Subtest: timeout reports unknown outcome, aborts and never automatically repeats payment
ok 83 - timeout reports unknown outcome, aborts and never automatically repeats payment
  ---
  duration_ms: 29.2432
  type: 'test'
  ...
# Subtest: provider error bodies and logger metadata do not leak credentials or private URLs
ok 84 - provider error bodies and logger metadata do not leak credentials or private URLs
  ---
  duration_ms: 1.5687
  type: 'test'
  ...
# Subtest: private files require permission and verified configuration, never local fallback
ok 85 - private files require permission and verified configuration, never local fallback
  ---
  duration_ms: 6.7026
  type: 'test'
  ...
# Subtest: private OSS writes enforce private ACL and no overwrite; scoped URLs expire and calls are checked every time
ok 86 - private OSS writes enforce private ACL and no overwrite; scoped URLs expire and calls are checked every time
  ---
  duration_ms: 6.7079
  type: 'test'
  ...
# Subtest: changing OSS credentials invalidates proof and real SDK signs V4 offline over HTTPS
ok 87 - changing OSS credentials invalidates proof and real SDK signs V4 offline over HTTPS
  ---
  duration_ms: 773.3112
  type: 'test'
  ...
# Subtest: health stays up, readiness reflects actual dependencies, and concurrent request IDs stay separate
ok 88 - health stays up, readiness reflects actual dependencies, and concurrent request IDs stay separate
  ---
  duration_ms: 155.1576
  type: 'test'
  ...
# Subtest: OSS failures never produce a successful or public result; revocation is checked before each read
ok 89 - OSS failures never produce a successful or public result; revocation is checked before each read
  ---
  duration_ms: 12.9564
  type: 'test'
  ...
# {"error_code":"PRIVATE_STORAGE_UNAVAILABLE","time":"2026-09-25T09:02:30.974Z","level":"warn","event":"legacy_private_upload_blocked"}
# Subtest: legacy photo upload returns a clear failure and never creates a record when private storage is unavailable
ok 90 - legacy photo upload returns a clear failure and never creates a record when private storage is unavailable
  ---
  duration_ms: 137.4849
  type: 'test'
  ...
# Subtest: real isolated MySQL persists provider status, evidence and concurrent edits
    # Subtest: database readiness requires applied migrations, not just a connection
    ok 1 - database readiness requires applied migrations, not just a connection
      ---
      duration_ms: 2883.3024
      type: 'test'
      ...
    # Subtest: recording is denied by default and requires genuine server-side evidence checking
    ok 2 - recording is denied by default and requires genuine server-side evidence checking
      ---
      duration_ms: 10.4911
      type: 'test'
      ...
    # Subtest: configuration is saved but does not authorize real calls
    ok 3 - configuration is saved but does not authorize real calls
      ---
      duration_ms: 19.1419
      type: 'test'
      ...
    # Subtest: verified evidence survives closing and reopening the database connection
    ok 4 - verified evidence survives closing and reopening the database connection
      ---
      duration_ms: 29.5801
      type: 'test'
      ...
    # Subtest: disabling and awaiting approval keep history but block new calls
    ok 5 - disabling and awaiting approval keep history but block new calls
      ---
      duration_ms: 21.0673
      type: 'test'
      ...
    # Subtest: two concurrent updates cannot overwrite each other silently
    ok 6 - two concurrent updates cannot overwrite each other silently
      ---
      duration_ms: 18.5372
      type: 'test'
      ...
    # Subtest: history write failure rolls back both status and version
    ok 7 - history write failure rolls back both status and version
      ---
      duration_ms: 15.249
      type: 'test'
      ...
    # Subtest: re-enabling requires fresh evidence and preserves earlier verification
    ok 8 - re-enabling requires fresh evidence and preserves earlier verification
      ---
      duration_ms: 9.1057
      type: 'test'
      ...
    # Subtest: capabilities have separate status even for the same provider
    ok 9 - capabilities have separate status even for the same provider
      ---
      duration_ms: 4.0593
      type: 'test'
      ...
    1..9
ok 91 - real isolated MySQL persists provider status, evidence and concurrent edits
  ---
  duration_ms: 3816.5185
  type: 'test'
  ...
# {"time":"2026-09-25T09:02:30.455Z","level":"warn","event":"alert:unit_test_event"}
# Subtest: providerStatus 返回六类通道就绪度且不含任何密钥字段
ok 92 - providerStatus 返回六类通道就绪度且不含任何密钥字段
  ---
  duration_ms: 5.241
  type: 'test'
  ...
# Subtest: alert 未配置 webhook 时只落日志、不外发、不抛错
ok 93 - alert 未配置 webhook 时只落日志、不外发、不抛错
  ---
  duration_ms: 3.5248
  type: 'test'
  ...
# Subtest: Apple IAP 缺共享密钥/缺票据时拒绝，绝不伪造成功
ok 94 - Apple IAP 缺共享密钥/缺票据时拒绝，绝不伪造成功
  ---
  duration_ms: 2.9986
  type: 'test'
  ...
# Subtest: legacy storage permits only explicit public local test files
ok 95 - legacy storage permits only explicit public local test files
  ---
  duration_ms: 97.3816
  type: 'test'
  ...
# Subtest: supply HTTP, immutable works, private materials and personal consents with isolated MySQL
    # Subtest: raw private upload hashes actual bytes and repeated request does not upload twice
    ok 1 - raw private upload hashes actual bytes and repeated request does not upload twice
      ---
      duration_ms: 55.0377
      type: 'test'
      ...
    # Subtest: private bytes require ownership or permission to an actually submitted record
    ok 2 - private bytes require ownership or permission to an actually submitted record
      ---
      duration_ms: 62.1736
      type: 'test'
      ...
    # Subtest: profile submission preserves evidence and cannot be approved by its submitter
    ok 3 - profile submission preserves evidence and cannot be approved by its submitter
      ---
      duration_ms: 87.2258
      type: 'test'
      ...
    # Subtest: original work retains separate authors and rights holders, foreign private material is denied
    ok 4 - original work retains separate authors and rights holders, foreign private material is denied
      ---
      duration_ms: 56.45
      type: 'test'
      ...
    # Subtest: submission exposes materials to the appropriate reviewers, with no self approval
    ok 5 - submission exposes materials to the appropriate reviewers, with no self approval
      ---
      duration_ms: 68.5213
      type: 'test'
      ...
    # Subtest: rights and content approvals remain independent; no license or publishing success
    ok 6 - rights and content approvals remain independent; no license or publishing success
      ---
      duration_ms: 45.4836
      type: 'test'
      ...
    # Subtest: concurrent revisions serialize, retain the old approved version and reset review results
    ok 7 - concurrent revisions serialize, retain the old approved version and reset review results
      ---
      duration_ms: 45.9852
      type: 'test'
      ...
    # Subtest: adaptation fails closed without a verified project and license binding
    ok 8 - adaptation fails closed without a verified project and license binding
      ---
      duration_ms: 24.7902
      type: 'test'
      ...
    # Subtest: list and pagination respect selected party and explicit review permissions
    ok 9 - list and pagination respect selected party and explicit review permissions
      ---
      duration_ms: 50.7747
      type: 'test'
      ...
    # Subtest: avatar materials are separate from personal face/voice consent and cannot be given by an institution
    ok 10 - avatar materials are separate from personal face/voice consent and cannot be given by an institution
      ---
      duration_ms: 62.8609
      type: 'test'
      ...
    # Subtest: reviewed consent only matches its explicit scope; it does not enable generation or identity verification
    ok 11 - reviewed consent only matches its explicit scope; it does not enable generation or identity verification
      ---
      duration_ms: 62.451
      type: 'test'
      ...
    # Subtest: withdrawal is personal, immediately stops scope matching and atomically records one pending event
    ok 12 - withdrawal is personal, immediately stops scope matching and atomically records one pending event
      ---
      duration_ms: 67.0913
      type: 'test'
      ...
# {"provider_code":"aliyun-oss","capability_code":"private_assets","error_code":"PROVIDER_NOT_CONFIGURED","time":"2026-09-25T09:02:34.815Z","level":"warn","event":"provider_call_blocked"}
    # Subtest: missing real private storage configuration never creates a READY asset or fake public URL
    ok 13 - missing real private storage configuration never creates a READY asset or fake public URL
      ---
      duration_ms: 22.9216
      type: 'test'
      ...
    # Subtest: audit failure rolls back new records and idempotency results
    ok 14 - audit failure rolls back new records and idempotency results
      ---
      duration_ms: 14.0338
      type: 'test'
      ...
    # Subtest: institution owners can apply but a reviewer belonging to the same institution cannot approve it
    ok 15 - institution owners can apply but a reviewer belonging to the same institution cannot approve it
      ---
      duration_ms: 218.1504
      type: 'test'
      ...
    # Subtest: work withdrawal preserves the approved original and revoked requests cannot mutate the withdrawn version
    ok 16 - work withdrawal preserves the approved original and revoked requests cannot mutate the withdrawn version
      ---
      duration_ms: 48.7456
      type: 'test'
      ...
    # Subtest: storage corruption is refused and errors never reveal private bytes or object keys
    ok 17 - storage corruption is refused and errors never reveal private bytes or object keys
      ---
      duration_ms: 10.0836
      type: 'test'
      ...
    # Subtest: removed membership, suspended accounts and revoked reviewer permissions fail on every request
    ok 18 - removed membership, suspended accounts and revoked reviewer permissions fail on every request
      ---
      duration_ms: 32.2718
      type: 'test'
      ...
    1..18
ok 96 - supply HTTP, immutable works, private materials and personal consents with isolated MySQL
  ---
  duration_ms: 4671.3961
  type: 'test'
  ...
# Subtest: unknown test suite fails instead of running another module
ok 97 - unknown test suite fails instead of running another module
  ---
  duration_ms: 311.861
  type: 'test'
  ...
# Subtest: requesting one legacy router does not load payment or unrelated routers
ok 98 - requesting one legacy router does not load payment or unrelated routers
  ---
  duration_ms: 264.2031
  type: 'test'
  ...
# Subtest: Real MySQL durable jobs, outbox and independent worker
    # Subtest: same business intent is idempotent; conflicting intent is rejected, case remains distinct
    ok 1 - same business intent is idempotent; conflicting intent is rejected, case remains distinct
      ---
      duration_ms: 2292.6907
      type: 'test'
      ...
    # Subtest: business transaction and outbox both roll back; publish requires explicit transaction
    ok 2 - business transaction and outbox both roll back; publish requires explicit transaction
      ---
      duration_ms: 1808.7251
      type: 'test'
      ...
    # Subtest: parallel outbox dispatch atomically creates one durable job per event, repeat is a no-op
    ok 3 - parallel outbox dispatch atomically creates one durable job per event, repeat is a no-op
      ---
      duration_ms: 1151.3478
      type: 'test'
      ...
    # Subtest: conflicting outbox intent is visibly blocked and does not replace the original job
    ok 4 - conflicting outbox intent is visibly blocked and does not replace the original job
      ---
      duration_ms: 1022.773
      type: 'test'
      ...
    # Subtest: failure between job insertion and outbox acknowledgement rolls both back and can be replayed
    ok 5 - failure between job insertion and outbox acknowledgement rolls both back and can be replayed
      ---
      duration_ms: 945.2212
      type: 'test'
      ...
    # Subtest: concurrent workers claim one job once while its lease is valid
    ok 6 - concurrent workers claim one job once while its lease is valid
      ---
      duration_ms: 973.6602
      type: 'test'
      ...
    # Subtest: expired lease takeover fences old acknowledgement, heartbeat and provider-task updates
    ok 7 - expired lease takeover fences old acknowledgement, heartbeat and provider-task updates
      ---
      duration_ms: 1027.4214
      type: 'test'
      ...
    # Subtest: retry is delayed, capped and manually resumed without erasing attempt history
    ok 8 - retry is delayed, capped and manually resumed without erasing attempt history
      ---
      duration_ms: 1057.677
      type: 'test'
      ...
    # Subtest: crashed job at its attempt limit becomes failed instead of disappearing or retrying forever
    ok 9 - crashed job at its attempt limit becomes failed instead of disappearing or retrying forever
      ---
      duration_ms: 948.627
      type: 'test'
      ...
    # Subtest: worker renews a long-running handler lease; other worker cannot take it over
    ok 10 - worker renews a long-running handler lease; other worker cannot take it over
      ---
      duration_ms: 2290.4444
      type: 'test'
      ...
    # Subtest: missing handlers and ambiguous handler errors block without fake success or immediate replay
    ok 11 - missing handlers and ambiguous handler errors block without fake success or immediate replay
      ---
      duration_ms: 932.1245
      type: 'test'
      ...
    # Subtest: active worker aborts after lease takeover and cannot overwrite its successor result
    ok 12 - active worker aborts after lease takeover and cannot overwrite its successor result
      ---
      duration_ms: 1169.5595
      type: 'test'
      ...
    # Subtest: provider retry without a recovery adapter becomes blocked instead of executing again
    ok 13 - provider retry without a recovery adapter becomes blocked instead of executing again
      ---
      duration_ms: 985.3363
      type: 'test'
      ...
    # Subtest: unknown provider submission is reconciled by stable key, never blindly resubmitted
    ok 14 - unknown provider submission is reconciled by stable key, never blindly resubmitted
      ---
      duration_ms: 1166.0709
      type: 'test'
      ...
    # Subtest: separate process crash preserves provider task ID and a new process recovers it
    ok 15 - separate process crash preserves provider task ID and a new process recovers it
      ---
      duration_ms: 1924.89
      type: 'test'
      ...
    # Subtest: graceful stop signals a handler, leaves durable recovery and does not claim the next task
    ok 16 - graceful stop signals a handler, leaves durable recovery and does not claim the next task
      ---
      duration_ms: 1663.0025
      type: 'test'
      ...
    1..16
ok 99 - Real MySQL durable jobs, outbox and independent worker
  ---
  duration_ms: 25472.8958
  type: 'test'
  ...
# Subtest: worker CLI fails visibly while domain adapters are not enabled
ok 100 - worker CLI fails visibly while domain adapters are not enabled
  ---
  duration_ms: 646.5878
  type: 'test'
  ...
# Subtest: worker intent requires explicit retry budget and bounded references
ok 101 - worker intent requires explicit retry budget and bounded references
  ---
  duration_ms: 0.9358
  type: 'test'
  ...
# Subtest: stopping during claim never starts the newly acquired handler
ok 102 - stopping during claim never starts the newly acquired handler
  ---
  duration_ms: 6.765
  type: 'test'
  ...
# Subtest: API and historical scheduler do not bootstrap timers or visual recovery
ok 103 - API and historical scheduler do not bootstrap timers or visual recovery
  ---
  duration_ms: 2.0664
  type: 'test'
  ...
# Subtest: original and project adaptation are distinct and require explicit source/project references
ok 104 - original and project adaptation are distinct and require explicit source/project references
  ---
  duration_ms: 9.0533
  type: 'test'
  ...
# Subtest: caller cannot inject commercial approval or omit explicit metadata
ok 105 - caller cannot inject commercial approval or omit explicit metadata
  ---
  duration_ms: 1.7026
  type: 'test'
  ...
# Subtest: output is detached and deeply frozen, preventing later edits from changing the old version
ok 106 - output is detached and deeply frozen, preventing later edits from changing the old version
  ---
  duration_ms: 2.2123
  type: 'test'
  ...
# Subtest: evidence references alone do not approve rights and missing material prevents submission
ok 107 - evidence references alone do not approve rights and missing material prevents submission
  ---
  duration_ms: 7.2306
  type: 'test'
  ...
# Subtest: evidence identifiers must be bounded, unique UUIDs and never public URLs
ok 108 - evidence identifiers must be bounded, unique UUIDs and never public URLs
  ---
  duration_ms: 0.9779
  type: 'test'
  ...
# Subtest: rights and content each need a separate review, in either order
ok 109 - rights and content each need a separate review, in either order
  ---
  duration_ms: 2.4901
  type: 'test'
  ...
# Subtest: content approval never overrides rejected rights or a request for more materials
ok 110 - content approval never overrides rejected rights or a request for more materials
  ---
  duration_ms: 2.8602
  type: 'test'
  ...
# Subtest: review cannot occur before submission, overwrite an existing decision or use a stale version
ok 111 - review cannot occur before submission, overwrite an existing decision or use a stale version
  ---
  duration_ms: 0.9078
  type: 'test'
  ...
# Subtest: new revision preserves identity, changes content without inheriting old reviews
ok 112 - new revision preserves identity, changes content without inheriting old reviews
  ---
  duration_ms: 3.127
  type: 'test'
  ...
# Subtest: adaptation may explicitly cite a newer original while retaining the same project identity
ok 113 - adaptation may explicitly cite a newer original while retaining the same project identity
  ---
  duration_ms: 1.1514
  type: 'test'
  ...
# Subtest: withdrawal preserves reviews and prevents further submission or review
ok 114 - withdrawal preserves reviews and prevents further submission or review
  ---
  duration_ms: 1.8579
  type: 'test'
  ...
# Subtest: invalid timestamps, unknown channels and missing reasons are rejected
ok 115 - invalid timestamps, unknown channels and missing reasons are rejected
  ---
  duration_ms: 0.6295
  type: 'test'
  ...
# Subtest: malformed stored state cannot be reported as reviewed
ok 116 - malformed stored state cannot be reported as reviewed
  ---
  duration_ms: 0.5518
  type: 'test'
  ...
1..116
# tests 239
# suites 0
# pass 238
# fail 0
# cancelled 0
# skipped 1
# todo 0
# duration_ms 29133.0542
