
> frontend_ops_workspace@0.0.0 build
> run-p type-check "build-only {@}" --


> frontend_ops_workspace@0.0.0 type-check
> vue-tsc --build


> frontend_ops_workspace@0.0.0 build-only
> vite build

vite v8.3.0 building client environment for production...
transforming...
✓ 1646 modules transformed.
rendering chunks...
computing gzip size...
dist/index.html                                      0.69 kB │ gzip:   0.40 kB
dist/assets/ApiErrorAlert-6UavL6hZ.css               0.48 kB │ gzip:   0.26 kB
dist/assets/WorkspaceNav-C9Y3FWWi.css                0.74 kB │ gzip:   0.36 kB
dist/assets/ContractText-CfkcHdzo.css                1.02 kB │ gzip:   0.41 kB
dist/assets/NotFoundView-CRpPbmbZ.css                1.25 kB │ gzip:   0.59 kB
dist/assets/LicensingView-U82sxTqy.css               2.56 kB │ gzip:   0.90 kB
dist/assets/LoginView-BfzJOlgx.css                   3.14 kB │ gzip:   0.90 kB
dist/assets/WorkspaceView-CzuMrzXc.css               6.49 kB │ gzip:   1.47 kB
dist/assets/ContractsView-DnL3DJA3.css               8.07 kB │ gzip:   1.80 kB
dist/assets/supply-fr4QyjVv.css                      9.11 kB │ gzip:   2.11 kB
dist/assets/index-C4ZY2HZb.css                     361.58 kB │ gzip:  48.57 kB
dist/assets/_plugin-vue_export-helper-BDNMzG2s.js    0.08 kB │ gzip:   0.09 kB
dist/assets/NotFoundView-DGEUto0O.js                 0.71 kB │ gzip:   0.53 kB
dist/assets/ContractText-BirdInP4.js                 1.29 kB │ gzip:   0.66 kB
dist/assets/WorkspaceNav-B-LF3BKS.js                 2.20 kB │ gzip:   1.02 kB
dist/assets/contracts-BEVL8JJw.js                    3.31 kB │ gzip:   1.59 kB
dist/assets/LoginView-xl3DADVs.js                    5.86 kB │ gzip:   2.75 kB
dist/assets/ApiErrorAlert-BFoknukG.js                7.83 kB │ gzip:   3.71 kB
dist/assets/ContractsView-DgRxExe0.js               14.21 kB │ gzip:   5.55 kB
dist/assets/WorkspaceView--E3wdHtt.js               17.57 kB │ gzip:   6.46 kB
dist/assets/supply-B2YCHBbW.js                      21.72 kB │ gzip:   8.58 kB
dist/assets/SupplyView-Bjw3i9mk.js                  36.62 kB │ gzip:  11.85 kB
dist/assets/use-global-config-a_DOxXgw.js           40.97 kB │ gzip:  16.00 kB
dist/assets/session-CaJ-rTc0.js                     53.54 kB │ gzip:  18.85 kB
dist/assets/LicensingView-C6aV3l-b.js               65.34 kB │ gzip:  20.34 kB
dist/assets/useApi-BPuI6ZR9-DWjYAggk.js             66.28 kB │ gzip:  25.97 kB
dist/assets/index-BtL3E_3o.js                      873.13 kB │ gzip: 277.98 kB

[plugin builtin:vite-reporter]
(!) Some chunks are larger than 500 kB after minification. Consider:
- Using dynamic import() to code-split the application
- Use build.rolldownOptions.output.codeSplitting to improve chunking: https://rolldown.rs/reference/OutputOptions.codeSplitting
- Adjust chunk size limit for this warning via build.chunkSizeWarningLimit.
✓ built in 701ms
