
> frontend_ops_workspace@0.0.0 build
> run-p type-check "build-only {@}" --


> frontend_ops_workspace@0.0.0 build-only
> vite build


> frontend_ops_workspace@0.0.0 type-check
> vue-tsc --build

vite v8.3.0 building client environment for production...
transforming...
✓ 1647 modules transformed.
rendering chunks...
computing gzip size...
dist/index.html                                      0.69 kB │ gzip:   0.40 kB
dist/assets/SupplyView-CPO9E1n6.css                  0.24 kB │ gzip:   0.16 kB
dist/assets/ApiErrorAlert-6UavL6hZ.css               0.48 kB │ gzip:   0.26 kB
dist/assets/ContractText-CfkcHdzo.css                1.02 kB │ gzip:   0.41 kB
dist/assets/NotFoundView-CRpPbmbZ.css                1.25 kB │ gzip:   0.59 kB
dist/assets/SupplyUpload-BfjeJDrt.css                1.73 kB │ gzip:   0.60 kB
dist/assets/LoginView-C-3Xof4v.css                   3.15 kB │ gzip:   0.92 kB
dist/assets/WorkspaceView-Csv84WVi.css               7.17 kB │ gzip:   1.62 kB
dist/assets/LicensingView-CujIk3hL.css               7.20 kB │ gzip:   1.58 kB
dist/assets/ContractsView-C21JgnyU.css               8.15 kB │ gzip:   1.79 kB
dist/assets/supply-BeS-t1zn.css                     10.79 kB │ gzip:   2.29 kB
dist/assets/index-D_4bSpOv.css                     361.62 kB │ gzip:  48.57 kB
dist/assets/_plugin-vue_export-helper-BDNMzG2s.js    0.08 kB │ gzip:   0.09 kB
dist/assets/NotFoundView-DGEUto0O.js                 0.71 kB │ gzip:   0.53 kB
dist/assets/ContractText-BirdInP4.js                 1.29 kB │ gzip:   0.66 kB
dist/assets/supply-CWnofiwy.js                       2.24 kB │ gzip:   1.05 kB
dist/assets/contracts-uxMUfSKI.js                    3.31 kB │ gzip:   1.59 kB
dist/assets/LoginView-CmhSg86c.js                    5.80 kB │ gzip:   2.69 kB
dist/assets/ApiErrorAlert-BFoknukG.js                7.83 kB │ gzip:   3.71 kB
dist/assets/ContractsView-BRW68MYr.js               14.25 kB │ gzip:   5.56 kB
dist/assets/WorkspaceView-C_kd8gXS.js               19.21 kB │ gzip:   6.93 kB
dist/assets/SupplyUpload-CHkco7Qc.js                21.72 kB │ gzip:   8.58 kB
dist/assets/SupplyView-ByDWM2jK.js                  37.32 kB │ gzip:  12.02 kB
dist/assets/use-global-config-BbRdD8Dj.js           40.97 kB │ gzip:  16.00 kB
dist/assets/session-BnlmxhUr.js                     55.36 kB │ gzip:  19.32 kB
dist/assets/useApi-BPuI6ZR9-DWjYAggk.js             66.28 kB │ gzip:  25.97 kB
dist/assets/LicensingView-DlYvH396.js               72.01 kB │ gzip:  21.89 kB
dist/assets/index-TUSGnQiJ.js                      873.18 kB │ gzip: 278.01 kB

[plugin builtin:vite-reporter]
(!) Some chunks are larger than 500 kB after minification. Consider:
- Using dynamic import() to code-split the application
- Use build.rolldownOptions.output.codeSplitting to improve chunking: https://rolldown.rs/reference/OutputOptions.codeSplitting
- Adjust chunk size limit for this warning via build.chunkSizeWarningLimit.
✓ built in 599ms

Exit code: 0
