
> frontend_ops_workspace@0.0.0 e2e
> node tools/e2e-login.mjs

✓ 短信未启用时不显示已发送
✓ 真实 HTTP 登录、账号与个人身份读取通过
✓ 响应体断流后保留待核对操作
✓ 刷新后重试复用原键和原内容
✓ 服务器只创建一条机构
✓ 新机构如实展示待审核
✓ 412后刷新真实名称和版本，不覆盖他人修改
✓ 五类能力均申请成功并显示待审核
✓ 邀请截止时间必须由人选择且是未来时间，无效时按钮禁用
✓ 发送邀请保存真实回执，不把对方直接加入
✓ 本人接受后出现机构，普通成员看不到管理功能
✓ 负责人不可移除
node:internal/modules/run_main:107
    triggerUncaughtException(
    ^

locator.waitFor: Timeout 30000ms exceeded.
Call log:
[2m  - waiting for locator('[data-member="b3c2fbf2-297c-4cda-b433-56428ef8cfb9"]').getByText('普通成员 · 已移除') to be visible[22m

    at /Users/yanghaoran/Code/jingjing-pr11-pages/晶晶日上工程交接包/01_源码/frontend_ops_workspace/tools/e2e-login.mjs:102:232 {
  log: [
    `  - waiting for locator('[data-member="b3c2fbf2-297c-4cda-b433-56428ef8cfb9"]').getByText('普通成员 · 已移除') to be visible`
  ],
  name: 'TimeoutError'
}

Node.js v26.3.0

Exit code: 1
