
> frontend_ops_workspace@0.0.0 e2e
> node tools/e2e-login.mjs

✓ 短信未启用时不显示已发送
✓ 真实 HTTP 登录、账号与个人身份读取通过
✓ 响应体断流后保留待核对操作
✓ 刷新后重试复用原键和原内容
✓ 服务器只创建一条机构
✓ 新机构如实展示待审核
✓ 412后刷新真实名称和版本，不覆盖他人修改
✓ 五类能力均申请成功并显示待审核
✓ 邀请截止时间必须由人选择且是未来时间，无效时按钮禁用
✓ 发送邀请保存真实回执，不把对方直接加入
✓ 本人接受后出现机构，普通成员看不到管理功能
✓ 负责人不可移除
✓ 移除只修改本机构成员关系
✓ 被移除后刷新清理机构身份
✓ 收到邀请可以明确拒绝
✓ 邀请方可撤回刚发送的回执
✓ 成员分页追加数据并使用服务器游标
✓ 切身份后旧成员响应不会回写
✓ 403如实提示并重新核对权限
✓ 429显示限流而不报保存成功
✓ 375宽无横向溢出
✓ 401清理令牌、邀请回执及私有页面
✓ 退出返回登录页并清理私有状态
✓ 浏览器没有未捕获异常
PASS 24 checks; real isolated HTTP/MySQL; synthetic SMS; screenshots: /Users/yanghaoran/Code/jingjing-pr11-pages/.local/pr14-web-style-account-shots

Exit code: 0
